Archive member included to satisfy reference by file (symbol)

/home/luuk/intelFPGA_lite/18.1/nios2eds/bin/gnu/H-x86_64-pc-linux-gnu/bin/../lib/gcc/nios2-elf/5.3.0/../../../../../H-x86_64-pc-linux-gnu/nios2-elf/lib/libsmallc.a(lib_a-rand.o)
                              obj/default/hello_world_small.o (rand)
/home/luuk/intelFPGA_lite/18.1/nios2eds/bin/gnu/H-x86_64-pc-linux-gnu/bin/../lib/gcc/nios2-elf/5.3.0/libgcc.a(_muldi3.o)
                              /home/luuk/intelFPGA_lite/18.1/nios2eds/bin/gnu/H-x86_64-pc-linux-gnu/bin/../lib/gcc/nios2-elf/5.3.0/../../../../../H-x86_64-pc-linux-gnu/nios2-elf/lib/libsmallc.a(lib_a-rand.o) (__muldi3)
../barcodescanner_bsp//libhal_bsp.a(alt_load.o)
                              ../barcodescanner_bsp//obj/HAL/src/crt0.o (alt_load)
../barcodescanner_bsp//libhal_bsp.a(alt_main.o)
                              ../barcodescanner_bsp//obj/HAL/src/crt0.o (alt_main)
../barcodescanner_bsp//libhal_bsp.a(alt_usleep.o)
                              obj/default/hello_world_small.o (usleep)
../barcodescanner_bsp//libhal_bsp.a(alt_sys_init.o)
                              ../barcodescanner_bsp//libhal_bsp.a(alt_main.o) (alt_irq_init)
../barcodescanner_bsp//libhal_bsp.a(alt_busy_sleep.o)
                              ../barcodescanner_bsp//libhal_bsp.a(alt_usleep.o) (alt_busy_sleep)
../barcodescanner_bsp//libhal_bsp.a(alt_dcache_flush_all.o)
                              ../barcodescanner_bsp//libhal_bsp.a(alt_load.o) (alt_dcache_flush_all)
../barcodescanner_bsp//libhal_bsp.a(alt_icache_flush_all.o)
                              ../barcodescanner_bsp//libhal_bsp.a(alt_load.o) (alt_icache_flush_all)
../barcodescanner_bsp//libhal_bsp.a(altera_nios2_gen2_irq.o)
                              ../barcodescanner_bsp//libhal_bsp.a(alt_sys_init.o) (altera_nios2_gen2_irq_init)
../barcodescanner_bsp//libhal_bsp.a(alt_icache_flush.o)
                              ../barcodescanner_bsp//libhal_bsp.a(alt_icache_flush_all.o) (alt_icache_flush)
/home/luuk/intelFPGA_lite/18.1/nios2eds/bin/gnu/H-x86_64-pc-linux-gnu/bin/../lib/gcc/nios2-elf/5.3.0/libgcc.a(lib2-divmod.o)
                              ../barcodescanner_bsp//libhal_bsp.a(alt_busy_sleep.o) (__udivsi3)

Memory Configuration

Name             Origin             Length             Attributes
VideoRAM         0x0000000000000000 0x0000000000002710
reset            0x0000000000005000 0x0000000000000020
onchip_memory2_0 0x0000000000005020 0x0000000000000fe0
*default*        0x0000000000000000 0xffffffffffffffff

Linker script and memory map

LOAD ../barcodescanner_bsp//obj/HAL/src/crt0.o
LOAD obj/default/hello_world_small.o
LOAD /home/luuk/intelFPGA_lite/18.1/nios2eds/bin/gnu/H-x86_64-pc-linux-gnu/bin/../lib/gcc/nios2-elf/5.3.0/../../../../../H-x86_64-pc-linux-gnu/nios2-elf/lib/libstdc++.a
LOAD /home/luuk/intelFPGA_lite/18.1/nios2eds/bin/gnu/H-x86_64-pc-linux-gnu/bin/../lib/gcc/nios2-elf/5.3.0/../../../../../H-x86_64-pc-linux-gnu/nios2-elf/lib/libm.a
LOAD /home/luuk/intelFPGA_lite/18.1/nios2eds/bin/gnu/H-x86_64-pc-linux-gnu/bin/../lib/gcc/nios2-elf/5.3.0/libgcc.a
START GROUP
LOAD /home/luuk/intelFPGA_lite/18.1/nios2eds/bin/gnu/H-x86_64-pc-linux-gnu/bin/../lib/gcc/nios2-elf/5.3.0/../../../../../H-x86_64-pc-linux-gnu/nios2-elf/lib/libsmallc.a
LOAD /home/luuk/intelFPGA_lite/18.1/nios2eds/bin/gnu/H-x86_64-pc-linux-gnu/bin/../lib/gcc/nios2-elf/5.3.0/libgcc.a
LOAD ../barcodescanner_bsp//libhal_bsp.a
LOAD /home/luuk/intelFPGA_lite/18.1/nios2eds/bin/gnu/H-x86_64-pc-linux-gnu/bin/../lib/gcc/nios2-elf/5.3.0/../../../../../H-x86_64-pc-linux-gnu/nios2-elf/lib/libm.a
END GROUP
LOAD /home/luuk/intelFPGA_lite/18.1/nios2eds/bin/gnu/H-x86_64-pc-linux-gnu/bin/../lib/gcc/nios2-elf/5.3.0/libgcc.a
                0x0000000000000000                __alt_mem_VideoRAM = 0x0
                0x0000000000005000                __alt_mem_onchip_memory2_0 = 0x5000

.entry          0x0000000000005000       0x20
 *(.entry)
 .entry         0x0000000000005000       0x20 ../barcodescanner_bsp//obj/HAL/src/crt0.o
                0x0000000000005000                __reset
                0x000000000000501c                _exit

.exceptions     0x0000000000005020        0x0
                0x0000000000005020                PROVIDE (__ram_exceptions_start, ABSOLUTE (.))
                0x0000000000005020                . = ALIGN (0x20)
 *(.irq)
 *(.exceptions.entry.label)
 *(.exceptions.entry.user)
 *(.exceptions.entry.ecc_fatal)
 *(.exceptions.entry)
 *(.exceptions.irqtest.user)
 *(.exceptions.irqtest)
 *(.exceptions.irqhandler.user)
 *(.exceptions.irqhandler)
 *(.exceptions.irqreturn.user)
 *(.exceptions.irqreturn)
 *(.exceptions.notirq.label)
 *(.exceptions.notirq.user)
 *(.exceptions.notirq)
 *(.exceptions.soft.user)
 *(.exceptions.soft)
 *(.exceptions.unknown.user)
 *(.exceptions.unknown)
 *(.exceptions.exit.label)
 *(.exceptions.exit.user)
 *(.exceptions.exit)
 *(.exceptions)
                0x0000000000005020                PROVIDE (__ram_exceptions_end, ABSOLUTE (.))
                0x0000000000005020                PROVIDE (__flash_exceptions_start, LOADADDR (.exceptions))

.text           0x0000000000005020      0x5c4
                [!provide]                        PROVIDE (stext, ABSOLUTE (.))
 *(.interp)
 *(.hash)
 *(.dynsym)
 *(.dynstr)
 *(.gnu.version)
 *(.gnu.version_d)
 *(.gnu.version_r)
 *(.rel.init)
 *(.rela.init)
 *(.rel.text .rel.text.* .rel.gnu.linkonce.t.*)
 *(.rela.text .rela.text.* .rela.gnu.linkonce.t.*)
 *(.rel.fini)
 *(.rela.fini)
 *(.rel.rodata .rel.rodata.* .rel.gnu.linkonce.r.*)
 *(.rela.rodata .rela.rodata.* .rela.gnu.linkonce.r.*)
 *(.rel.data .rel.data.* .rel.gnu.linkonce.d.*)
 *(.rela.data .rela.data.* .rela.gnu.linkonce.d.*)
 *(.rel.tdata .rel.tdata.* .rel.gnu.linkonce.td.*)
 *(.rela.tdata .rela.tdata.* .rela.gnu.linkonce.td.*)
 *(.rel.tbss .rel.tbss.* .rel.gnu.linkonce.tb.*)
 *(.rela.tbss .rela.tbss.* .rela.gnu.linkonce.tb.*)
 *(.rel.ctors)
 *(.rela.ctors)
 *(.rel.dtors)
 *(.rela.dtors)
 *(.rel.got)
 *(.rela.got)
 *(.rel.sdata .rel.sdata.* .rel.gnu.linkonce.s.*)
 *(.rela.sdata .rela.sdata.* .rela.gnu.linkonce.s.*)
 *(.rel.sbss .rel.sbss.* .rel.gnu.linkonce.sb.*)
 *(.rela.sbss .rela.sbss.* .rela.gnu.linkonce.sb.*)
 *(.rel.sdata2 .rel.sdata2.* .rel.gnu.linkonce.s2.*)
 *(.rela.sdata2 .rela.sdata2.* .rela.gnu.linkonce.s2.*)
 *(.rel.sbss2 .rel.sbss2.* .rel.gnu.linkonce.sb2.*)
 *(.rela.sbss2 .rela.sbss2.* .rela.gnu.linkonce.sb2.*)
 *(.rel.bss .rel.bss.* .rel.gnu.linkonce.b.*)
 *(.rela.bss .rela.bss.* .rela.gnu.linkonce.b.*)
 *(.rel.plt)
 *(.rela.plt)
 *(.rel.dyn)
 *(.init)
 *(.plt)
 *(.text .stub .text.* .gnu.linkonce.t.*)
 .text          0x0000000000005020       0x4c ../barcodescanner_bsp//obj/HAL/src/crt0.o
                0x0000000000005020                _start
 .text          0x000000000000506c       0x4c obj/default/hello_world_small.o
                0x000000000000506c                drawColor
 .text.startup  0x00000000000050b8       0x94 obj/default/hello_world_small.o
                0x00000000000050b8                main
 .text          0x000000000000514c        0x0 /home/luuk/intelFPGA_lite/18.1/nios2eds/bin/gnu/H-x86_64-pc-linux-gnu/bin/../lib/gcc/nios2-elf/5.3.0/../../../../../H-x86_64-pc-linux-gnu/nios2-elf/lib/libsmallc.a(lib_a-rand.o)
 .text.srand    0x000000000000514c       0x14 /home/luuk/intelFPGA_lite/18.1/nios2eds/bin/gnu/H-x86_64-pc-linux-gnu/bin/../lib/gcc/nios2-elf/5.3.0/../../../../../H-x86_64-pc-linux-gnu/nios2-elf/lib/libsmallc.a(lib_a-rand.o)
                0x000000000000514c                srand
 .text.rand     0x0000000000005160       0x60 /home/luuk/intelFPGA_lite/18.1/nios2eds/bin/gnu/H-x86_64-pc-linux-gnu/bin/../lib/gcc/nios2-elf/5.3.0/../../../../../H-x86_64-pc-linux-gnu/nios2-elf/lib/libsmallc.a(lib_a-rand.o)
                0x0000000000005160                rand
 .text          0x00000000000051c0       0x60 /home/luuk/intelFPGA_lite/18.1/nios2eds/bin/gnu/H-x86_64-pc-linux-gnu/bin/../lib/gcc/nios2-elf/5.3.0/libgcc.a(_muldi3.o)
                0x00000000000051c0                __muldi3
 .text          0x0000000000005220       0xe0 ../barcodescanner_bsp//libhal_bsp.a(alt_load.o)
                0x0000000000005220                alt_load
 .text          0x0000000000005300       0x2c ../barcodescanner_bsp//libhal_bsp.a(alt_main.o)
                0x0000000000005300                alt_main
 .text          0x000000000000532c        0x4 ../barcodescanner_bsp//libhal_bsp.a(alt_usleep.o)
                0x000000000000532c                usleep
 .text          0x0000000000005330       0x24 ../barcodescanner_bsp//libhal_bsp.a(alt_sys_init.o)
                0x0000000000005330                alt_irq_init
                0x0000000000005350                alt_sys_init
 .text          0x0000000000005354       0x78 ../barcodescanner_bsp//libhal_bsp.a(alt_busy_sleep.o)
                0x0000000000005354                alt_busy_sleep
 .text          0x00000000000053cc       0x18 ../barcodescanner_bsp//libhal_bsp.a(alt_dcache_flush_all.o)
                0x00000000000053cc                alt_dcache_flush_all
 .text          0x00000000000053e4        0xc ../barcodescanner_bsp//libhal_bsp.a(alt_icache_flush_all.o)
                0x00000000000053e4                alt_icache_flush_all
 .text          0x00000000000053f0        0x8 ../barcodescanner_bsp//libhal_bsp.a(altera_nios2_gen2_irq.o)
                0x00000000000053f0                altera_nios2_gen2_irq_init
 .text          0x00000000000053f8       0x38 ../barcodescanner_bsp//libhal_bsp.a(alt_icache_flush.o)
                0x00000000000053f8                alt_icache_flush
 .text          0x0000000000005430      0x1b4 /home/luuk/intelFPGA_lite/18.1/nios2eds/bin/gnu/H-x86_64-pc-linux-gnu/bin/../lib/gcc/nios2-elf/5.3.0/libgcc.a(lib2-divmod.o)
                0x0000000000005430                __divsi3
                0x00000000000054b4                __modsi3
                0x0000000000005528                __udivsi3
                0x000000000000558c                __umodsi3
 *(.gnu.warning.*)
 *(.fini)
                [!provide]                        PROVIDE (__etext, ABSOLUTE (.))
                [!provide]                        PROVIDE (_etext, ABSOLUTE (.))
                [!provide]                        PROVIDE (etext, ABSOLUTE (.))
 *(.eh_frame_hdr)
                0x00000000000055e4                . = ALIGN (0x4)
                [!provide]                        PROVIDE (__preinit_array_start, ABSOLUTE (.))
 *(.preinit_array)
                [!provide]                        PROVIDE (__preinit_array_end, ABSOLUTE (.))
                [!provide]                        PROVIDE (__init_array_start, ABSOLUTE (.))
 *(.init_array)
                [!provide]                        PROVIDE (__init_array_end, ABSOLUTE (.))
                [!provide]                        PROVIDE (__fini_array_start, ABSOLUTE (.))
 *(.fini_array)
                [!provide]                        PROVIDE (__fini_array_end, ABSOLUTE (.))
 *(.eh_frame)
 *(.gcc_except_table .gcc_except_table.*)
 *(.dynamic)
                [!provide]                        PROVIDE (__CTOR_LIST__, ABSOLUTE (.))
 *(.ctors)
 *(SORT(.ctors.*))
                [!provide]                        PROVIDE (__CTOR_END__, ABSOLUTE (.))
                [!provide]                        PROVIDE (__DTOR_LIST__, ABSOLUTE (.))
 *(.dtors)
 *(SORT(.dtors.*))
                [!provide]                        PROVIDE (__DTOR_END__, ABSOLUTE (.))
 *(.jcr)
                0x00000000000055e4                . = ALIGN (0x4)

.rodata         0x00000000000055e4        0x0
                0x00000000000055e4                PROVIDE (__ram_rodata_start, ABSOLUTE (.))
                0x00000000000055e4                . = ALIGN (0x4)
 *(.rodata .rodata.* .gnu.linkonce.r.*)
 *(.rodata1)
                0x00000000000055e4                . = ALIGN (0x4)
                0x00000000000055e4                PROVIDE (__ram_rodata_end, ABSOLUTE (.))
                0x00000000000055e4                PROVIDE (__flash_rodata_start, LOADADDR (.rodata))

.rwdata         0x00000000000055e4        0x4 load address 0x00000000000055e8
                0x00000000000055e4                PROVIDE (__ram_rwdata_start, ABSOLUTE (.))
                0x00000000000055e4                . = ALIGN (0x4)
 *(.got.plt)
 *(.got)
 *(.data1)
 *(.data .data.* .gnu.linkonce.d.*)
 .data          0x00000000000055e4        0x0 ../barcodescanner_bsp//obj/HAL/src/crt0.o
 .data          0x00000000000055e4        0x0 obj/default/hello_world_small.o
 .data          0x00000000000055e4        0x0 /home/luuk/intelFPGA_lite/18.1/nios2eds/bin/gnu/H-x86_64-pc-linux-gnu/bin/../lib/gcc/nios2-elf/5.3.0/../../../../../H-x86_64-pc-linux-gnu/nios2-elf/lib/libsmallc.a(lib_a-rand.o)
 .data          0x00000000000055e4        0x0 /home/luuk/intelFPGA_lite/18.1/nios2eds/bin/gnu/H-x86_64-pc-linux-gnu/bin/../lib/gcc/nios2-elf/5.3.0/libgcc.a(_muldi3.o)
 .data          0x00000000000055e4        0x0 ../barcodescanner_bsp//libhal_bsp.a(alt_load.o)
 .data          0x00000000000055e4        0x0 ../barcodescanner_bsp//libhal_bsp.a(alt_main.o)
 .data          0x00000000000055e4        0x0 ../barcodescanner_bsp//libhal_bsp.a(alt_usleep.o)
 .data          0x00000000000055e4        0x0 ../barcodescanner_bsp//libhal_bsp.a(alt_sys_init.o)
 .data          0x00000000000055e4        0x0 ../barcodescanner_bsp//libhal_bsp.a(alt_busy_sleep.o)
 .data          0x00000000000055e4        0x0 ../barcodescanner_bsp//libhal_bsp.a(alt_dcache_flush_all.o)
 .data          0x00000000000055e4        0x0 ../barcodescanner_bsp//libhal_bsp.a(alt_icache_flush_all.o)
 .data          0x00000000000055e4        0x0 ../barcodescanner_bsp//libhal_bsp.a(altera_nios2_gen2_irq.o)
 .data          0x00000000000055e4        0x0 ../barcodescanner_bsp//libhal_bsp.a(alt_icache_flush.o)
 .data          0x00000000000055e4        0x0 /home/luuk/intelFPGA_lite/18.1/nios2eds/bin/gnu/H-x86_64-pc-linux-gnu/bin/../lib/gcc/nios2-elf/5.3.0/libgcc.a(lib2-divmod.o)
                0x000000000000d5e4                _gp = ABSOLUTE ((. + 0x8000))
                [!provide]                        PROVIDE (gp, _gp)
 *(.rwdata .rwdata.*)
 *(.sdata .sdata.* .gnu.linkonce.s.*)
 .sdata         0x00000000000055e4        0x4 ../barcodescanner_bsp//libhal_bsp.a(alt_sys_init.o)
                0x00000000000055e4                jtag_uart_0
 *(.sdata2 .sdata2.* .gnu.linkonce.s2.*)
                0x00000000000055e8                . = ALIGN (0x4)
                0x00000000000055e8                _edata = ABSOLUTE (.)
                [!provide]                        PROVIDE (edata, ABSOLUTE (.))
                0x00000000000055e8                PROVIDE (__ram_rwdata_end, ABSOLUTE (.))
                0x00000000000055e8                PROVIDE (__flash_rwdata_start, LOADADDR (.rwdata))

.bss            0x00000000000055ec       0x14
                0x00000000000055ec                __bss_start = ABSOLUTE (.)
                [!provide]                        PROVIDE (__sbss_start, ABSOLUTE (.))
                [!provide]                        PROVIDE (___sbss_start, ABSOLUTE (.))
 *(.dynsbss)
 *(.sbss .sbss.* .gnu.linkonce.sb.*)
 .sbss._randbits
                0x00000000000055ec        0x8 /home/luuk/intelFPGA_lite/18.1/nios2eds/bin/gnu/H-x86_64-pc-linux-gnu/bin/../lib/gcc/nios2-elf/5.3.0/../../../../../H-x86_64-pc-linux-gnu/nios2-elf/lib/libsmallc.a(lib_a-rand.o)
 .sbss          0x00000000000055f4        0xc ../barcodescanner_bsp//libhal_bsp.a(alt_main.o)
                0x00000000000055f4                alt_envp
                0x00000000000055f8                alt_argv
                0x00000000000055fc                alt_argc
 *(.sbss2 .sbss2.* .gnu.linkonce.sb2.*)
 *(.scommon)
                [!provide]                        PROVIDE (__sbss_end, ABSOLUTE (.))
                [!provide]                        PROVIDE (___sbss_end, ABSOLUTE (.))
 *(.dynbss)
 *(.bss .bss.* .gnu.linkonce.b.*)
 .bss           0x0000000000005600        0x0 ../barcodescanner_bsp//obj/HAL/src/crt0.o
 .bss           0x0000000000005600        0x0 obj/default/hello_world_small.o
 .bss           0x0000000000005600        0x0 /home/luuk/intelFPGA_lite/18.1/nios2eds/bin/gnu/H-x86_64-pc-linux-gnu/bin/../lib/gcc/nios2-elf/5.3.0/../../../../../H-x86_64-pc-linux-gnu/nios2-elf/lib/libsmallc.a(lib_a-rand.o)
 .bss           0x0000000000005600        0x0 /home/luuk/intelFPGA_lite/18.1/nios2eds/bin/gnu/H-x86_64-pc-linux-gnu/bin/../lib/gcc/nios2-elf/5.3.0/libgcc.a(_muldi3.o)
 .bss           0x0000000000005600        0x0 ../barcodescanner_bsp//libhal_bsp.a(alt_load.o)
 .bss           0x0000000000005600        0x0 ../barcodescanner_bsp//libhal_bsp.a(alt_main.o)
 .bss           0x0000000000005600        0x0 ../barcodescanner_bsp//libhal_bsp.a(alt_usleep.o)
 .bss           0x0000000000005600        0x0 ../barcodescanner_bsp//libhal_bsp.a(alt_sys_init.o)
 .bss           0x0000000000005600        0x0 ../barcodescanner_bsp//libhal_bsp.a(alt_busy_sleep.o)
 .bss           0x0000000000005600        0x0 ../barcodescanner_bsp//libhal_bsp.a(alt_dcache_flush_all.o)
 .bss           0x0000000000005600        0x0 ../barcodescanner_bsp//libhal_bsp.a(alt_icache_flush_all.o)
 .bss           0x0000000000005600        0x0 ../barcodescanner_bsp//libhal_bsp.a(altera_nios2_gen2_irq.o)
 .bss           0x0000000000005600        0x0 ../barcodescanner_bsp//libhal_bsp.a(alt_icache_flush.o)
 .bss           0x0000000000005600        0x0 /home/luuk/intelFPGA_lite/18.1/nios2eds/bin/gnu/H-x86_64-pc-linux-gnu/bin/../lib/gcc/nios2-elf/5.3.0/libgcc.a(lib2-divmod.o)
 *(COMMON)
                0x0000000000005600                . = ALIGN (0x4)
                0x0000000000005600                __bss_end = ABSOLUTE (.)

.VideoRAM       0x0000000000000000        0x0 load address 0x0000000000005600
                [!provide]                        PROVIDE (_alt_partition_VideoRAM_start, ABSOLUTE (.))
 *(.VideoRAM .VideoRAM. VideoRAM.*)
                0x0000000000000000                . = ALIGN (0x4)
                [!provide]                        PROVIDE (_alt_partition_VideoRAM_end, ABSOLUTE (.))
                [!provide]                        PROVIDE (_alt_partition_VideoRAM_load_addr, LOADADDR (.VideoRAM))

.onchip_memory2_0
                0x0000000000005600        0x0
                [!provide]                        PROVIDE (_alt_partition_onchip_memory2_0_start, ABSOLUTE (.))
 *(.onchip_memory2_0 .onchip_memory2_0. onchip_memory2_0.*)
                0x0000000000005600                . = ALIGN (0x4)
                [!provide]                        PROVIDE (_alt_partition_onchip_memory2_0_end, ABSOLUTE (.))
                0x0000000000005600                _end = ABSOLUTE (.)
                0x0000000000005600                end = ABSOLUTE (.)
                0x0000000000005600                __alt_stack_base = ABSOLUTE (.)
                [!provide]                        PROVIDE (_alt_partition_onchip_memory2_0_load_addr, LOADADDR (.onchip_memory2_0))

.stab
 *(.stab)

.stabstr
 *(.stabstr)

.stab.excl
 *(.stab.excl)

.stab.exclstr
 *(.stab.exclstr)

.stab.index
 *(.stab.index)

.stab.indexstr
 *(.stab.indexstr)

.comment        0x0000000000000000       0x23
 *(.comment)
 .comment       0x0000000000000000       0x23 obj/default/hello_world_small.o
                                         0x24 (size before relaxing)
 .comment       0x0000000000000023       0x24 /home/luuk/intelFPGA_lite/18.1/nios2eds/bin/gnu/H-x86_64-pc-linux-gnu/bin/../lib/gcc/nios2-elf/5.3.0/../../../../../H-x86_64-pc-linux-gnu/nios2-elf/lib/libsmallc.a(lib_a-rand.o)
 .comment       0x0000000000000023       0x24 /home/luuk/intelFPGA_lite/18.1/nios2eds/bin/gnu/H-x86_64-pc-linux-gnu/bin/../lib/gcc/nios2-elf/5.3.0/libgcc.a(_muldi3.o)
 .comment       0x0000000000000023       0x24 ../barcodescanner_bsp//libhal_bsp.a(alt_load.o)
 .comment       0x0000000000000023       0x24 ../barcodescanner_bsp//libhal_bsp.a(alt_main.o)
 .comment       0x0000000000000023       0x24 ../barcodescanner_bsp//libhal_bsp.a(alt_usleep.o)
 .comment       0x0000000000000023       0x24 ../barcodescanner_bsp//libhal_bsp.a(alt_sys_init.o)
 .comment       0x0000000000000023       0x24 ../barcodescanner_bsp//libhal_bsp.a(alt_busy_sleep.o)
 .comment       0x0000000000000023       0x24 ../barcodescanner_bsp//libhal_bsp.a(alt_dcache_flush_all.o)
 .comment       0x0000000000000023       0x24 ../barcodescanner_bsp//libhal_bsp.a(alt_icache_flush_all.o)
 .comment       0x0000000000000023       0x24 ../barcodescanner_bsp//libhal_bsp.a(altera_nios2_gen2_irq.o)
 .comment       0x0000000000000023       0x24 ../barcodescanner_bsp//libhal_bsp.a(alt_icache_flush.o)
 .comment       0x0000000000000023       0x24 /home/luuk/intelFPGA_lite/18.1/nios2eds/bin/gnu/H-x86_64-pc-linux-gnu/bin/../lib/gcc/nios2-elf/5.3.0/libgcc.a(lib2-divmod.o)

.debug
 *(.debug)

.line
 *(.line)

.debug_srcinfo
 *(.debug_srcinfo)

.debug_sfnames
 *(.debug_sfnames)

.debug_aranges  0x0000000000000000      0x1d8
 *(.debug_aranges)
 .debug_aranges
                0x0000000000000000       0x28 ../barcodescanner_bsp//obj/HAL/src/crt0.o
 .debug_aranges
                0x0000000000000028       0x28 obj/default/hello_world_small.o
 .debug_aranges
                0x0000000000000050       0x28 /home/luuk/intelFPGA_lite/18.1/nios2eds/bin/gnu/H-x86_64-pc-linux-gnu/bin/../lib/gcc/nios2-elf/5.3.0/../../../../../H-x86_64-pc-linux-gnu/nios2-elf/lib/libsmallc.a(lib_a-rand.o)
 .debug_aranges
                0x0000000000000078       0x20 /home/luuk/intelFPGA_lite/18.1/nios2eds/bin/gnu/H-x86_64-pc-linux-gnu/bin/../lib/gcc/nios2-elf/5.3.0/libgcc.a(_muldi3.o)
 .debug_aranges
                0x0000000000000098       0x20 ../barcodescanner_bsp//libhal_bsp.a(alt_load.o)
 .debug_aranges
                0x00000000000000b8       0x20 ../barcodescanner_bsp//libhal_bsp.a(alt_main.o)
 .debug_aranges
                0x00000000000000d8       0x20 ../barcodescanner_bsp//libhal_bsp.a(alt_usleep.o)
 .debug_aranges
                0x00000000000000f8       0x20 ../barcodescanner_bsp//libhal_bsp.a(alt_sys_init.o)
 .debug_aranges
                0x0000000000000118       0x20 ../barcodescanner_bsp//libhal_bsp.a(alt_busy_sleep.o)
 .debug_aranges
                0x0000000000000138       0x20 ../barcodescanner_bsp//libhal_bsp.a(alt_dcache_flush_all.o)
 .debug_aranges
                0x0000000000000158       0x20 ../barcodescanner_bsp//libhal_bsp.a(alt_icache_flush_all.o)
 .debug_aranges
                0x0000000000000178       0x20 ../barcodescanner_bsp//libhal_bsp.a(altera_nios2_gen2_irq.o)
 .debug_aranges
                0x0000000000000198       0x20 ../barcodescanner_bsp//libhal_bsp.a(alt_icache_flush.o)
 .debug_aranges
                0x00000000000001b8       0x20 /home/luuk/intelFPGA_lite/18.1/nios2eds/bin/gnu/H-x86_64-pc-linux-gnu/bin/../lib/gcc/nios2-elf/5.3.0/libgcc.a(lib2-divmod.o)

.debug_pubnames
 *(.debug_pubnames)

.debug_info     0x0000000000000000     0x15c4
 *(.debug_info .gnu.linkonce.wi.*)
 .debug_info    0x0000000000000000       0x6f ../barcodescanner_bsp//obj/HAL/src/crt0.o
 .debug_info    0x000000000000006f      0x18a obj/default/hello_world_small.o
 .debug_info    0x00000000000001f9      0x5ec /home/luuk/intelFPGA_lite/18.1/nios2eds/bin/gnu/H-x86_64-pc-linux-gnu/bin/../lib/gcc/nios2-elf/5.3.0/../../../../../H-x86_64-pc-linux-gnu/nios2-elf/lib/libsmallc.a(lib_a-rand.o)
 .debug_info    0x00000000000007e5      0x1eb /home/luuk/intelFPGA_lite/18.1/nios2eds/bin/gnu/H-x86_64-pc-linux-gnu/bin/../lib/gcc/nios2-elf/5.3.0/libgcc.a(_muldi3.o)
 .debug_info    0x00000000000009d0      0x1c9 ../barcodescanner_bsp//libhal_bsp.a(alt_load.o)
 .debug_info    0x0000000000000b99      0x169 ../barcodescanner_bsp//libhal_bsp.a(alt_main.o)
 .debug_info    0x0000000000000d02       0xd1 ../barcodescanner_bsp//libhal_bsp.a(alt_usleep.o)
 .debug_info    0x0000000000000dd3      0x185 ../barcodescanner_bsp//libhal_bsp.a(alt_sys_init.o)
 .debug_info    0x0000000000000f58       0xd8 ../barcodescanner_bsp//libhal_bsp.a(alt_busy_sleep.o)
 .debug_info    0x0000000000001030       0xa6 ../barcodescanner_bsp//libhal_bsp.a(alt_dcache_flush_all.o)
 .debug_info    0x00000000000010d6       0xb8 ../barcodescanner_bsp//libhal_bsp.a(alt_icache_flush_all.o)
 .debug_info    0x000000000000118e       0x92 ../barcodescanner_bsp//libhal_bsp.a(altera_nios2_gen2_irq.o)
 .debug_info    0x0000000000001220       0xde ../barcodescanner_bsp//libhal_bsp.a(alt_icache_flush.o)
 .debug_info    0x00000000000012fe      0x2c6 /home/luuk/intelFPGA_lite/18.1/nios2eds/bin/gnu/H-x86_64-pc-linux-gnu/bin/../lib/gcc/nios2-elf/5.3.0/libgcc.a(lib2-divmod.o)

.debug_abbrev   0x0000000000000000      0xa29
 *(.debug_abbrev)
 .debug_abbrev  0x0000000000000000       0x12 ../barcodescanner_bsp//obj/HAL/src/crt0.o
 .debug_abbrev  0x0000000000000012       0xed obj/default/hello_world_small.o
 .debug_abbrev  0x00000000000000ff      0x1a0 /home/luuk/intelFPGA_lite/18.1/nios2eds/bin/gnu/H-x86_64-pc-linux-gnu/bin/../lib/gcc/nios2-elf/5.3.0/../../../../../H-x86_64-pc-linux-gnu/nios2-elf/lib/libsmallc.a(lib_a-rand.o)
 .debug_abbrev  0x000000000000029f       0xef /home/luuk/intelFPGA_lite/18.1/nios2eds/bin/gnu/H-x86_64-pc-linux-gnu/bin/../lib/gcc/nios2-elf/5.3.0/libgcc.a(_muldi3.o)
 .debug_abbrev  0x000000000000038e       0xd8 ../barcodescanner_bsp//libhal_bsp.a(alt_load.o)
 .debug_abbrev  0x0000000000000466       0xee ../barcodescanner_bsp//libhal_bsp.a(alt_main.o)
 .debug_abbrev  0x0000000000000554       0x8d ../barcodescanner_bsp//libhal_bsp.a(alt_usleep.o)
 .debug_abbrev  0x00000000000005e1      0x107 ../barcodescanner_bsp//libhal_bsp.a(alt_sys_init.o)
 .debug_abbrev  0x00000000000006e8       0x8d ../barcodescanner_bsp//libhal_bsp.a(alt_busy_sleep.o)
 .debug_abbrev  0x0000000000000775       0x5a ../barcodescanner_bsp//libhal_bsp.a(alt_dcache_flush_all.o)
 .debug_abbrev  0x00000000000007cf       0x6f ../barcodescanner_bsp//libhal_bsp.a(alt_icache_flush_all.o)
 .debug_abbrev  0x000000000000083e       0x42 ../barcodescanner_bsp//libhal_bsp.a(altera_nios2_gen2_irq.o)
 .debug_abbrev  0x0000000000000880       0x9b ../barcodescanner_bsp//libhal_bsp.a(alt_icache_flush.o)
 .debug_abbrev  0x000000000000091b      0x10e /home/luuk/intelFPGA_lite/18.1/nios2eds/bin/gnu/H-x86_64-pc-linux-gnu/bin/../lib/gcc/nios2-elf/5.3.0/libgcc.a(lib2-divmod.o)

.debug_line     0x0000000000000000      0xa72
 *(.debug_line)
 .debug_line    0x0000000000000000       0x72 ../barcodescanner_bsp//obj/HAL/src/crt0.o
 .debug_line    0x0000000000000072      0x10a obj/default/hello_world_small.o
 .debug_line    0x000000000000017c      0x1e8 /home/luuk/intelFPGA_lite/18.1/nios2eds/bin/gnu/H-x86_64-pc-linux-gnu/bin/../lib/gcc/nios2-elf/5.3.0/../../../../../H-x86_64-pc-linux-gnu/nios2-elf/lib/libsmallc.a(lib_a-rand.o)
 .debug_line    0x0000000000000364       0x86 /home/luuk/intelFPGA_lite/18.1/nios2eds/bin/gnu/H-x86_64-pc-linux-gnu/bin/../lib/gcc/nios2-elf/5.3.0/libgcc.a(_muldi3.o)
 .debug_line    0x00000000000003ea       0xa4 ../barcodescanner_bsp//libhal_bsp.a(alt_load.o)
 .debug_line    0x000000000000048e       0xbd ../barcodescanner_bsp//libhal_bsp.a(alt_main.o)
 .debug_line    0x000000000000054b       0xdc ../barcodescanner_bsp//libhal_bsp.a(alt_usleep.o)
 .debug_line    0x0000000000000627      0x101 ../barcodescanner_bsp//libhal_bsp.a(alt_sys_init.o)
 .debug_line    0x0000000000000728       0xb3 ../barcodescanner_bsp//libhal_bsp.a(alt_busy_sleep.o)
 .debug_line    0x00000000000007db       0x5a ../barcodescanner_bsp//libhal_bsp.a(alt_dcache_flush_all.o)
 .debug_line    0x0000000000000835       0x6e ../barcodescanner_bsp//libhal_bsp.a(alt_icache_flush_all.o)
 .debug_line    0x00000000000008a3       0x50 ../barcodescanner_bsp//libhal_bsp.a(altera_nios2_gen2_irq.o)
 .debug_line    0x00000000000008f3       0x7d ../barcodescanner_bsp//libhal_bsp.a(alt_icache_flush.o)
 .debug_line    0x0000000000000970      0x102 /home/luuk/intelFPGA_lite/18.1/nios2eds/bin/gnu/H-x86_64-pc-linux-gnu/bin/../lib/gcc/nios2-elf/5.3.0/libgcc.a(lib2-divmod.o)

.debug_frame    0x0000000000000000      0x274
 *(.debug_frame)
 .debug_frame   0x0000000000000000       0x5c obj/default/hello_world_small.o
 .debug_frame   0x000000000000005c       0x40 /home/luuk/intelFPGA_lite/18.1/nios2eds/bin/gnu/H-x86_64-pc-linux-gnu/bin/../lib/gcc/nios2-elf/5.3.0/../../../../../H-x86_64-pc-linux-gnu/nios2-elf/lib/libsmallc.a(lib_a-rand.o)
 .debug_frame   0x000000000000009c       0x20 /home/luuk/intelFPGA_lite/18.1/nios2eds/bin/gnu/H-x86_64-pc-linux-gnu/bin/../lib/gcc/nios2-elf/5.3.0/libgcc.a(_muldi3.o)
 .debug_frame   0x00000000000000bc       0x30 ../barcodescanner_bsp//libhal_bsp.a(alt_load.o)
 .debug_frame   0x00000000000000ec       0x2c ../barcodescanner_bsp//libhal_bsp.a(alt_main.o)
 .debug_frame   0x0000000000000118       0x20 ../barcodescanner_bsp//libhal_bsp.a(alt_usleep.o)
 .debug_frame   0x0000000000000138       0x3c ../barcodescanner_bsp//libhal_bsp.a(alt_sys_init.o)
 .debug_frame   0x0000000000000174       0x30 ../barcodescanner_bsp//libhal_bsp.a(alt_busy_sleep.o)
 .debug_frame   0x00000000000001a4       0x20 ../barcodescanner_bsp//libhal_bsp.a(alt_dcache_flush_all.o)
 .debug_frame   0x00000000000001c4       0x20 ../barcodescanner_bsp//libhal_bsp.a(alt_icache_flush_all.o)
 .debug_frame   0x00000000000001e4       0x20 ../barcodescanner_bsp//libhal_bsp.a(altera_nios2_gen2_irq.o)
 .debug_frame   0x0000000000000204       0x20 ../barcodescanner_bsp//libhal_bsp.a(alt_icache_flush.o)
 .debug_frame   0x0000000000000224       0x50 /home/luuk/intelFPGA_lite/18.1/nios2eds/bin/gnu/H-x86_64-pc-linux-gnu/bin/../lib/gcc/nios2-elf/5.3.0/libgcc.a(lib2-divmod.o)

.debug_str      0x0000000000000000      0xa7d
 *(.debug_str)
 .debug_str     0x0000000000000000      0x11b obj/default/hello_world_small.o
                                        0x15e (size before relaxing)
 .debug_str     0x000000000000011b      0x3e5 /home/luuk/intelFPGA_lite/18.1/nios2eds/bin/gnu/H-x86_64-pc-linux-gnu/bin/../lib/gcc/nios2-elf/5.3.0/../../../../../H-x86_64-pc-linux-gnu/nios2-elf/lib/libsmallc.a(lib_a-rand.o)
                                        0x4a6 (size before relaxing)
 .debug_str     0x0000000000000500      0x183 /home/luuk/intelFPGA_lite/18.1/nios2eds/bin/gnu/H-x86_64-pc-linux-gnu/bin/../lib/gcc/nios2-elf/5.3.0/libgcc.a(_muldi3.o)
                                        0x20c (size before relaxing)
 .debug_str     0x0000000000000683      0x156 ../barcodescanner_bsp//libhal_bsp.a(alt_load.o)
                                        0x23a (size before relaxing)
 .debug_str     0x00000000000007d9       0x8a ../barcodescanner_bsp//libhal_bsp.a(alt_main.o)
                                        0x1b3 (size before relaxing)
 .debug_str     0x0000000000000863       0x2f ../barcodescanner_bsp//libhal_bsp.a(alt_usleep.o)
                                        0x155 (size before relaxing)
 .debug_str     0x0000000000000892       0xb2 ../barcodescanner_bsp//libhal_bsp.a(alt_sys_init.o)
                                        0x224 (size before relaxing)
 .debug_str     0x0000000000000944       0x33 ../barcodescanner_bsp//libhal_bsp.a(alt_busy_sleep.o)
                                        0x169 (size before relaxing)
 .debug_str     0x0000000000000977       0x1f ../barcodescanner_bsp//libhal_bsp.a(alt_dcache_flush_all.o)
                                        0x153 (size before relaxing)
 .debug_str     0x0000000000000996       0x30 ../barcodescanner_bsp//libhal_bsp.a(alt_icache_flush_all.o)
                                        0x164 (size before relaxing)
 .debug_str     0x00000000000009c6       0x20 ../barcodescanner_bsp//libhal_bsp.a(altera_nios2_gen2_irq.o)
                                        0x15a (size before relaxing)
 .debug_str     0x00000000000009e6       0x1b ../barcodescanner_bsp//libhal_bsp.a(alt_icache_flush.o)
                                        0x159 (size before relaxing)
 .debug_str     0x0000000000000a01       0x7c /home/luuk/intelFPGA_lite/18.1/nios2eds/bin/gnu/H-x86_64-pc-linux-gnu/bin/../lib/gcc/nios2-elf/5.3.0/libgcc.a(lib2-divmod.o)
                                        0x1b9 (size before relaxing)

.debug_loc      0x0000000000000000      0x807
 *(.debug_loc)
 .debug_loc     0x0000000000000000       0xe4 obj/default/hello_world_small.o
 .debug_loc     0x00000000000000e4      0x12d /home/luuk/intelFPGA_lite/18.1/nios2eds/bin/gnu/H-x86_64-pc-linux-gnu/bin/../lib/gcc/nios2-elf/5.3.0/libgcc.a(_muldi3.o)
 .debug_loc     0x0000000000000211       0x21 ../barcodescanner_bsp//libhal_bsp.a(alt_usleep.o)
 .debug_loc     0x0000000000000232       0x21 ../barcodescanner_bsp//libhal_bsp.a(alt_sys_init.o)
 .debug_loc     0x0000000000000253       0x75 ../barcodescanner_bsp//libhal_bsp.a(alt_busy_sleep.o)
 .debug_loc     0x00000000000002c8       0x1f ../barcodescanner_bsp//libhal_bsp.a(alt_dcache_flush_all.o)
 .debug_loc     0x00000000000002e7       0x52 ../barcodescanner_bsp//libhal_bsp.a(alt_icache_flush.o)
 .debug_loc     0x0000000000000339      0x4ce /home/luuk/intelFPGA_lite/18.1/nios2eds/bin/gnu/H-x86_64-pc-linux-gnu/bin/../lib/gcc/nios2-elf/5.3.0/libgcc.a(lib2-divmod.o)

.debug_macinfo
 *(.debug_macinfo)

.debug_weaknames
 *(.debug_weaknames)

.debug_funcnames
 *(.debug_funcnames)

.debug_typenames
 *(.debug_typenames)

.debug_varnames
 *(.debug_varnames)

.debug_alt_sim_info
                0x0000000000000000       0x60
 *(.debug_alt_sim_info)
 .debug_alt_sim_info
                0x0000000000000000       0x30 ../barcodescanner_bsp//obj/HAL/src/crt0.o
 .debug_alt_sim_info
                0x0000000000000030       0x30 ../barcodescanner_bsp//libhal_bsp.a(alt_busy_sleep.o)
                0x0000000000006000                __alt_data_end = 0x6000
                0x0000000000006000                PROVIDE (__alt_stack_pointer, __alt_data_end)
                [!provide]                        PROVIDE (__alt_stack_limit, __alt_stack_base)
                [!provide]                        PROVIDE (__alt_heap_start, end)
                [!provide]                        PROVIDE (__alt_heap_limit, 0x6000)
OUTPUT(barcodescanner.elf elf32-littlenios2)

.debug_ranges   0x0000000000000000      0x138
 .debug_ranges  0x0000000000000000       0x20 ../barcodescanner_bsp//obj/HAL/src/crt0.o
 .debug_ranges  0x0000000000000020       0x30 obj/default/hello_world_small.o
 .debug_ranges  0x0000000000000050       0x18 /home/luuk/intelFPGA_lite/18.1/nios2eds/bin/gnu/H-x86_64-pc-linux-gnu/bin/../lib/gcc/nios2-elf/5.3.0/../../../../../H-x86_64-pc-linux-gnu/nios2-elf/lib/libsmallc.a(lib_a-rand.o)
 .debug_ranges  0x0000000000000068       0x18 /home/luuk/intelFPGA_lite/18.1/nios2eds/bin/gnu/H-x86_64-pc-linux-gnu/bin/../lib/gcc/nios2-elf/5.3.0/libgcc.a(_muldi3.o)
 .debug_ranges  0x0000000000000080       0x48 ../barcodescanner_bsp//libhal_bsp.a(alt_load.o)
 .debug_ranges  0x00000000000000c8       0x10 ../barcodescanner_bsp//libhal_bsp.a(alt_icache_flush.o)
 .debug_ranges  0x00000000000000d8       0x60 /home/luuk/intelFPGA_lite/18.1/nios2eds/bin/gnu/H-x86_64-pc-linux-gnu/bin/../lib/gcc/nios2-elf/5.3.0/libgcc.a(lib2-divmod.o)
