Archive member included to satisfy reference by file (symbol)

../barcodescanner_bsp//libhal_bsp.a(alt_load.o)
                              ../barcodescanner_bsp//obj/HAL/src/crt0.o (alt_load)
../barcodescanner_bsp//libhal_bsp.a(alt_main.o)
                              ../barcodescanner_bsp//obj/HAL/src/crt0.o (alt_main)
../barcodescanner_bsp//libhal_bsp.a(alt_usleep.o)
                              obj/default/hello_world_small.o (usleep)
../barcodescanner_bsp//libhal_bsp.a(alt_sys_init.o)
                              ../barcodescanner_bsp//libhal_bsp.a(alt_main.o) (alt_irq_init)
../barcodescanner_bsp//libhal_bsp.a(alt_busy_sleep.o)
                              ../barcodescanner_bsp//libhal_bsp.a(alt_usleep.o) (alt_busy_sleep)
../barcodescanner_bsp//libhal_bsp.a(alt_dcache_flush_all.o)
                              ../barcodescanner_bsp//libhal_bsp.a(alt_load.o) (alt_dcache_flush_all)
../barcodescanner_bsp//libhal_bsp.a(alt_icache_flush_all.o)
                              ../barcodescanner_bsp//libhal_bsp.a(alt_load.o) (alt_icache_flush_all)
../barcodescanner_bsp//libhal_bsp.a(altera_nios2_gen2_irq.o)
                              ../barcodescanner_bsp//libhal_bsp.a(alt_sys_init.o) (altera_nios2_gen2_irq_init)
../barcodescanner_bsp//libhal_bsp.a(alt_icache_flush.o)
                              ../barcodescanner_bsp//libhal_bsp.a(alt_icache_flush_all.o) (alt_icache_flush)
/home/luuk/intelFPGA_lite/18.1/nios2eds/bin/gnu/H-x86_64-pc-linux-gnu/bin/../lib/gcc/nios2-elf/5.3.0/libgcc.a(lib2-divmod.o)
                              ../barcodescanner_bsp//libhal_bsp.a(alt_busy_sleep.o) (__udivsi3)

Memory Configuration

Name             Origin             Length             Attributes
onchip_memory2_1 0x0000000000000000 0x00000000000009c4
reset            0x0000000000002000 0x0000000000000020
onchip_memory2_0 0x0000000000002020 0x0000000000000fe0
*default*        0x0000000000000000 0xffffffffffffffff

Linker script and memory map

LOAD ../barcodescanner_bsp//obj/HAL/src/crt0.o
LOAD obj/default/hello_world_small.o
LOAD /home/luuk/intelFPGA_lite/18.1/nios2eds/bin/gnu/H-x86_64-pc-linux-gnu/bin/../lib/gcc/nios2-elf/5.3.0/../../../../../H-x86_64-pc-linux-gnu/nios2-elf/lib/libstdc++.a
LOAD /home/luuk/intelFPGA_lite/18.1/nios2eds/bin/gnu/H-x86_64-pc-linux-gnu/bin/../lib/gcc/nios2-elf/5.3.0/../../../../../H-x86_64-pc-linux-gnu/nios2-elf/lib/libm.a
LOAD /home/luuk/intelFPGA_lite/18.1/nios2eds/bin/gnu/H-x86_64-pc-linux-gnu/bin/../lib/gcc/nios2-elf/5.3.0/libgcc.a
START GROUP
LOAD /home/luuk/intelFPGA_lite/18.1/nios2eds/bin/gnu/H-x86_64-pc-linux-gnu/bin/../lib/gcc/nios2-elf/5.3.0/../../../../../H-x86_64-pc-linux-gnu/nios2-elf/lib/libsmallc.a
LOAD /home/luuk/intelFPGA_lite/18.1/nios2eds/bin/gnu/H-x86_64-pc-linux-gnu/bin/../lib/gcc/nios2-elf/5.3.0/libgcc.a
LOAD ../barcodescanner_bsp//libhal_bsp.a
LOAD /home/luuk/intelFPGA_lite/18.1/nios2eds/bin/gnu/H-x86_64-pc-linux-gnu/bin/../lib/gcc/nios2-elf/5.3.0/../../../../../H-x86_64-pc-linux-gnu/nios2-elf/lib/libm.a
END GROUP
LOAD /home/luuk/intelFPGA_lite/18.1/nios2eds/bin/gnu/H-x86_64-pc-linux-gnu/bin/../lib/gcc/nios2-elf/5.3.0/libgcc.a
                0x0000000000000000                __alt_mem_onchip_memory2_1 = 0x0
                0x0000000000002000                __alt_mem_onchip_memory2_0 = 0x2000

.entry          0x0000000000002000       0x20
 *(.entry)
 .entry         0x0000000000002000       0x20 ../barcodescanner_bsp//obj/HAL/src/crt0.o
                0x0000000000002000                __reset
                0x000000000000201c                _exit

.exceptions     0x0000000000002020        0x0
                0x0000000000002020                PROVIDE (__ram_exceptions_start, ABSOLUTE (.))
                0x0000000000002020                . = ALIGN (0x20)
 *(.irq)
 *(.exceptions.entry.label)
 *(.exceptions.entry.user)
 *(.exceptions.entry.ecc_fatal)
 *(.exceptions.entry)
 *(.exceptions.irqtest.user)
 *(.exceptions.irqtest)
 *(.exceptions.irqhandler.user)
 *(.exceptions.irqhandler)
 *(.exceptions.irqreturn.user)
 *(.exceptions.irqreturn)
 *(.exceptions.notirq.label)
 *(.exceptions.notirq.user)
 *(.exceptions.notirq)
 *(.exceptions.soft.user)
 *(.exceptions.soft)
 *(.exceptions.unknown.user)
 *(.exceptions.unknown)
 *(.exceptions.exit.label)
 *(.exceptions.exit.user)
 *(.exceptions.exit)
 *(.exceptions)
                0x0000000000002020                PROVIDE (__ram_exceptions_end, ABSOLUTE (.))
                0x0000000000002020                PROVIDE (__flash_exceptions_start, LOADADDR (.exceptions))

.text           0x0000000000002020      0x46c
                [!provide]                        PROVIDE (stext, ABSOLUTE (.))
 *(.interp)
 *(.hash)
 *(.dynsym)
 *(.dynstr)
 *(.gnu.version)
 *(.gnu.version_d)
 *(.gnu.version_r)
 *(.rel.init)
 *(.rela.init)
 *(.rel.text .rel.text.* .rel.gnu.linkonce.t.*)
 *(.rela.text .rela.text.* .rela.gnu.linkonce.t.*)
 *(.rel.fini)
 *(.rela.fini)
 *(.rel.rodata .rel.rodata.* .rel.gnu.linkonce.r.*)
 *(.rela.rodata .rela.rodata.* .rela.gnu.linkonce.r.*)
 *(.rel.data .rel.data.* .rel.gnu.linkonce.d.*)
 *(.rela.data .rela.data.* .rela.gnu.linkonce.d.*)
 *(.rel.tdata .rel.tdata.* .rel.gnu.linkonce.td.*)
 *(.rela.tdata .rela.tdata.* .rela.gnu.linkonce.td.*)
 *(.rel.tbss .rel.tbss.* .rel.gnu.linkonce.tb.*)
 *(.rela.tbss .rela.tbss.* .rela.gnu.linkonce.tb.*)
 *(.rel.ctors)
 *(.rela.ctors)
 *(.rel.dtors)
 *(.rela.dtors)
 *(.rel.got)
 *(.rela.got)
 *(.rel.sdata .rel.sdata.* .rel.gnu.linkonce.s.*)
 *(.rela.sdata .rela.sdata.* .rela.gnu.linkonce.s.*)
 *(.rel.sbss .rel.sbss.* .rel.gnu.linkonce.sb.*)
 *(.rela.sbss .rela.sbss.* .rela.gnu.linkonce.sb.*)
 *(.rel.sdata2 .rel.sdata2.* .rel.gnu.linkonce.s2.*)
 *(.rela.sdata2 .rela.sdata2.* .rela.gnu.linkonce.s2.*)
 *(.rel.sbss2 .rel.sbss2.* .rel.gnu.linkonce.sb2.*)
 *(.rela.sbss2 .rela.sbss2.* .rela.gnu.linkonce.sb2.*)
 *(.rel.bss .rel.bss.* .rel.gnu.linkonce.b.*)
 *(.rela.bss .rela.bss.* .rela.gnu.linkonce.b.*)
 *(.rel.plt)
 *(.rela.plt)
 *(.rel.dyn)
 *(.init)
 *(.plt)
 *(.text .stub .text.* .gnu.linkonce.t.*)
 .text          0x0000000000002020       0x4c ../barcodescanner_bsp//obj/HAL/src/crt0.o
                0x0000000000002020                _start
 .text          0x000000000000206c        0x0 obj/default/hello_world_small.o
 .text.startup  0x000000000000206c       0x5c obj/default/hello_world_small.o
                0x000000000000206c                main
 .text          0x00000000000020c8       0xe0 ../barcodescanner_bsp//libhal_bsp.a(alt_load.o)
                0x00000000000020c8                alt_load
 .text          0x00000000000021a8       0x2c ../barcodescanner_bsp//libhal_bsp.a(alt_main.o)
                0x00000000000021a8                alt_main
 .text          0x00000000000021d4        0x4 ../barcodescanner_bsp//libhal_bsp.a(alt_usleep.o)
                0x00000000000021d4                usleep
 .text          0x00000000000021d8       0x24 ../barcodescanner_bsp//libhal_bsp.a(alt_sys_init.o)
                0x00000000000021d8                alt_irq_init
                0x00000000000021f8                alt_sys_init
 .text          0x00000000000021fc       0x78 ../barcodescanner_bsp//libhal_bsp.a(alt_busy_sleep.o)
                0x00000000000021fc                alt_busy_sleep
 .text          0x0000000000002274       0x18 ../barcodescanner_bsp//libhal_bsp.a(alt_dcache_flush_all.o)
                0x0000000000002274                alt_dcache_flush_all
 .text          0x000000000000228c        0xc ../barcodescanner_bsp//libhal_bsp.a(alt_icache_flush_all.o)
                0x000000000000228c                alt_icache_flush_all
 .text          0x0000000000002298        0x8 ../barcodescanner_bsp//libhal_bsp.a(altera_nios2_gen2_irq.o)
                0x0000000000002298                altera_nios2_gen2_irq_init
 .text          0x00000000000022a0       0x38 ../barcodescanner_bsp//libhal_bsp.a(alt_icache_flush.o)
                0x00000000000022a0                alt_icache_flush
 .text          0x00000000000022d8      0x1b4 /home/luuk/intelFPGA_lite/18.1/nios2eds/bin/gnu/H-x86_64-pc-linux-gnu/bin/../lib/gcc/nios2-elf/5.3.0/libgcc.a(lib2-divmod.o)
                0x00000000000022d8                __divsi3
                0x000000000000235c                __modsi3
                0x00000000000023d0                __udivsi3
                0x0000000000002434                __umodsi3
 *(.gnu.warning.*)
 *(.fini)
                [!provide]                        PROVIDE (__etext, ABSOLUTE (.))
                [!provide]                        PROVIDE (_etext, ABSOLUTE (.))
                [!provide]                        PROVIDE (etext, ABSOLUTE (.))
 *(.eh_frame_hdr)
                0x000000000000248c                . = ALIGN (0x4)
                [!provide]                        PROVIDE (__preinit_array_start, ABSOLUTE (.))
 *(.preinit_array)
                [!provide]                        PROVIDE (__preinit_array_end, ABSOLUTE (.))
                [!provide]                        PROVIDE (__init_array_start, ABSOLUTE (.))
 *(.init_array)
                [!provide]                        PROVIDE (__init_array_end, ABSOLUTE (.))
                [!provide]                        PROVIDE (__fini_array_start, ABSOLUTE (.))
 *(.fini_array)
                [!provide]                        PROVIDE (__fini_array_end, ABSOLUTE (.))
 *(.eh_frame)
 *(.gcc_except_table .gcc_except_table.*)
 *(.dynamic)
                [!provide]                        PROVIDE (__CTOR_LIST__, ABSOLUTE (.))
 *(.ctors)
 *(SORT(.ctors.*))
                [!provide]                        PROVIDE (__CTOR_END__, ABSOLUTE (.))
                [!provide]                        PROVIDE (__DTOR_LIST__, ABSOLUTE (.))
 *(.dtors)
 *(SORT(.dtors.*))
                [!provide]                        PROVIDE (__DTOR_END__, ABSOLUTE (.))
 *(.jcr)
                0x000000000000248c                . = ALIGN (0x4)

.rodata         0x000000000000248c        0x0
                0x000000000000248c                PROVIDE (__ram_rodata_start, ABSOLUTE (.))
                0x000000000000248c                . = ALIGN (0x4)
 *(.rodata .rodata.* .gnu.linkonce.r.*)
 *(.rodata1)
                0x000000000000248c                . = ALIGN (0x4)
                0x000000000000248c                PROVIDE (__ram_rodata_end, ABSOLUTE (.))
                0x000000000000248c                PROVIDE (__flash_rodata_start, LOADADDR (.rodata))

.rwdata         0x000000000000248c        0x4 load address 0x0000000000002490
                0x000000000000248c                PROVIDE (__ram_rwdata_start, ABSOLUTE (.))
                0x000000000000248c                . = ALIGN (0x4)
 *(.got.plt)
 *(.got)
 *(.data1)
 *(.data .data.* .gnu.linkonce.d.*)
 .data          0x000000000000248c        0x0 ../barcodescanner_bsp//obj/HAL/src/crt0.o
 .data          0x000000000000248c        0x0 obj/default/hello_world_small.o
 .data          0x000000000000248c        0x0 ../barcodescanner_bsp//libhal_bsp.a(alt_load.o)
 .data          0x000000000000248c        0x0 ../barcodescanner_bsp//libhal_bsp.a(alt_main.o)
 .data          0x000000000000248c        0x0 ../barcodescanner_bsp//libhal_bsp.a(alt_usleep.o)
 .data          0x000000000000248c        0x0 ../barcodescanner_bsp//libhal_bsp.a(alt_sys_init.o)
 .data          0x000000000000248c        0x0 ../barcodescanner_bsp//libhal_bsp.a(alt_busy_sleep.o)
 .data          0x000000000000248c        0x0 ../barcodescanner_bsp//libhal_bsp.a(alt_dcache_flush_all.o)
 .data          0x000000000000248c        0x0 ../barcodescanner_bsp//libhal_bsp.a(alt_icache_flush_all.o)
 .data          0x000000000000248c        0x0 ../barcodescanner_bsp//libhal_bsp.a(altera_nios2_gen2_irq.o)
 .data          0x000000000000248c        0x0 ../barcodescanner_bsp//libhal_bsp.a(alt_icache_flush.o)
 .data          0x000000000000248c        0x0 /home/luuk/intelFPGA_lite/18.1/nios2eds/bin/gnu/H-x86_64-pc-linux-gnu/bin/../lib/gcc/nios2-elf/5.3.0/libgcc.a(lib2-divmod.o)
                0x000000000000a48c                _gp = ABSOLUTE ((. + 0x8000))
                [!provide]                        PROVIDE (gp, _gp)
 *(.rwdata .rwdata.*)
 *(.sdata .sdata.* .gnu.linkonce.s.*)
 .sdata         0x000000000000248c        0x4 ../barcodescanner_bsp//libhal_bsp.a(alt_sys_init.o)
                0x000000000000248c                jtag_uart_0
 *(.sdata2 .sdata2.* .gnu.linkonce.s2.*)
                0x0000000000002490                . = ALIGN (0x4)
                0x0000000000002490                _edata = ABSOLUTE (.)
                [!provide]                        PROVIDE (edata, ABSOLUTE (.))
                0x0000000000002490                PROVIDE (__ram_rwdata_end, ABSOLUTE (.))
                0x0000000000002490                PROVIDE (__flash_rwdata_start, LOADADDR (.rwdata))

.bss            0x0000000000002494        0xc
                0x0000000000002494                __bss_start = ABSOLUTE (.)
                [!provide]                        PROVIDE (__sbss_start, ABSOLUTE (.))
                [!provide]                        PROVIDE (___sbss_start, ABSOLUTE (.))
 *(.dynsbss)
 *(.sbss .sbss.* .gnu.linkonce.sb.*)
 .sbss          0x0000000000002494        0xc ../barcodescanner_bsp//libhal_bsp.a(alt_main.o)
                0x0000000000002494                alt_envp
                0x0000000000002498                alt_argv
                0x000000000000249c                alt_argc
 *(.sbss2 .sbss2.* .gnu.linkonce.sb2.*)
 *(.scommon)
                [!provide]                        PROVIDE (__sbss_end, ABSOLUTE (.))
                [!provide]                        PROVIDE (___sbss_end, ABSOLUTE (.))
 *(.dynbss)
 *(.bss .bss.* .gnu.linkonce.b.*)
 .bss           0x00000000000024a0        0x0 ../barcodescanner_bsp//obj/HAL/src/crt0.o
 .bss           0x00000000000024a0        0x0 obj/default/hello_world_small.o
 .bss           0x00000000000024a0        0x0 ../barcodescanner_bsp//libhal_bsp.a(alt_load.o)
 .bss           0x00000000000024a0        0x0 ../barcodescanner_bsp//libhal_bsp.a(alt_main.o)
 .bss           0x00000000000024a0        0x0 ../barcodescanner_bsp//libhal_bsp.a(alt_usleep.o)
 .bss           0x00000000000024a0        0x0 ../barcodescanner_bsp//libhal_bsp.a(alt_sys_init.o)
 .bss           0x00000000000024a0        0x0 ../barcodescanner_bsp//libhal_bsp.a(alt_busy_sleep.o)
 .bss           0x00000000000024a0        0x0 ../barcodescanner_bsp//libhal_bsp.a(alt_dcache_flush_all.o)
 .bss           0x00000000000024a0        0x0 ../barcodescanner_bsp//libhal_bsp.a(alt_icache_flush_all.o)
 .bss           0x00000000000024a0        0x0 ../barcodescanner_bsp//libhal_bsp.a(altera_nios2_gen2_irq.o)
 .bss           0x00000000000024a0        0x0 ../barcodescanner_bsp//libhal_bsp.a(alt_icache_flush.o)
 .bss           0x00000000000024a0        0x0 /home/luuk/intelFPGA_lite/18.1/nios2eds/bin/gnu/H-x86_64-pc-linux-gnu/bin/../lib/gcc/nios2-elf/5.3.0/libgcc.a(lib2-divmod.o)
 *(COMMON)
                0x00000000000024a0                . = ALIGN (0x4)
                0x00000000000024a0                __bss_end = ABSOLUTE (.)

.onchip_memory2_1
                0x0000000000000000        0x0 load address 0x00000000000024a0
                [!provide]                        PROVIDE (_alt_partition_onchip_memory2_1_start, ABSOLUTE (.))
 *(.onchip_memory2_1 .onchip_memory2_1. onchip_memory2_1.*)
                0x0000000000000000                . = ALIGN (0x4)
                [!provide]                        PROVIDE (_alt_partition_onchip_memory2_1_end, ABSOLUTE (.))
                [!provide]                        PROVIDE (_alt_partition_onchip_memory2_1_load_addr, LOADADDR (.onchip_memory2_1))

.onchip_memory2_0
                0x00000000000024a0        0x0
                [!provide]                        PROVIDE (_alt_partition_onchip_memory2_0_start, ABSOLUTE (.))
 *(.onchip_memory2_0 .onchip_memory2_0. onchip_memory2_0.*)
                0x00000000000024a0                . = ALIGN (0x4)
                [!provide]                        PROVIDE (_alt_partition_onchip_memory2_0_end, ABSOLUTE (.))
                0x00000000000024a0                _end = ABSOLUTE (.)
                0x00000000000024a0                end = ABSOLUTE (.)
                0x00000000000024a0                __alt_stack_base = ABSOLUTE (.)
                [!provide]                        PROVIDE (_alt_partition_onchip_memory2_0_load_addr, LOADADDR (.onchip_memory2_0))

.stab
 *(.stab)

.stabstr
 *(.stabstr)

.stab.excl
 *(.stab.excl)

.stab.exclstr
 *(.stab.exclstr)

.stab.index
 *(.stab.index)

.stab.indexstr
 *(.stab.indexstr)

.comment        0x0000000000000000       0x23
 *(.comment)
 .comment       0x0000000000000000       0x23 obj/default/hello_world_small.o
                                         0x24 (size before relaxing)
 .comment       0x0000000000000023       0x24 ../barcodescanner_bsp//libhal_bsp.a(alt_load.o)
 .comment       0x0000000000000023       0x24 ../barcodescanner_bsp//libhal_bsp.a(alt_main.o)
 .comment       0x0000000000000023       0x24 ../barcodescanner_bsp//libhal_bsp.a(alt_usleep.o)
 .comment       0x0000000000000023       0x24 ../barcodescanner_bsp//libhal_bsp.a(alt_sys_init.o)
 .comment       0x0000000000000023       0x24 ../barcodescanner_bsp//libhal_bsp.a(alt_busy_sleep.o)
 .comment       0x0000000000000023       0x24 ../barcodescanner_bsp//libhal_bsp.a(alt_dcache_flush_all.o)
 .comment       0x0000000000000023       0x24 ../barcodescanner_bsp//libhal_bsp.a(alt_icache_flush_all.o)
 .comment       0x0000000000000023       0x24 ../barcodescanner_bsp//libhal_bsp.a(altera_nios2_gen2_irq.o)
 .comment       0x0000000000000023       0x24 ../barcodescanner_bsp//libhal_bsp.a(alt_icache_flush.o)
 .comment       0x0000000000000023       0x24 /home/luuk/intelFPGA_lite/18.1/nios2eds/bin/gnu/H-x86_64-pc-linux-gnu/bin/../lib/gcc/nios2-elf/5.3.0/libgcc.a(lib2-divmod.o)

.debug
 *(.debug)

.line
 *(.line)

.debug_srcinfo
 *(.debug_srcinfo)

.debug_sfnames
 *(.debug_sfnames)

.debug_aranges  0x0000000000000000      0x188
 *(.debug_aranges)
 .debug_aranges
                0x0000000000000000       0x28 ../barcodescanner_bsp//obj/HAL/src/crt0.o
 .debug_aranges
                0x0000000000000028       0x20 obj/default/hello_world_small.o
 .debug_aranges
                0x0000000000000048       0x20 ../barcodescanner_bsp//libhal_bsp.a(alt_load.o)
 .debug_aranges
                0x0000000000000068       0x20 ../barcodescanner_bsp//libhal_bsp.a(alt_main.o)
 .debug_aranges
                0x0000000000000088       0x20 ../barcodescanner_bsp//libhal_bsp.a(alt_usleep.o)
 .debug_aranges
                0x00000000000000a8       0x20 ../barcodescanner_bsp//libhal_bsp.a(alt_sys_init.o)
 .debug_aranges
                0x00000000000000c8       0x20 ../barcodescanner_bsp//libhal_bsp.a(alt_busy_sleep.o)
 .debug_aranges
                0x00000000000000e8       0x20 ../barcodescanner_bsp//libhal_bsp.a(alt_dcache_flush_all.o)
 .debug_aranges
                0x0000000000000108       0x20 ../barcodescanner_bsp//libhal_bsp.a(alt_icache_flush_all.o)
 .debug_aranges
                0x0000000000000128       0x20 ../barcodescanner_bsp//libhal_bsp.a(altera_nios2_gen2_irq.o)
 .debug_aranges
                0x0000000000000148       0x20 ../barcodescanner_bsp//libhal_bsp.a(alt_icache_flush.o)
 .debug_aranges
                0x0000000000000168       0x20 /home/luuk/intelFPGA_lite/18.1/nios2eds/bin/gnu/H-x86_64-pc-linux-gnu/bin/../lib/gcc/nios2-elf/5.3.0/libgcc.a(lib2-divmod.o)

.debug_pubnames
 *(.debug_pubnames)

.debug_info     0x0000000000000000      0xd4b
 *(.debug_info .gnu.linkonce.wi.*)
 .debug_info    0x0000000000000000       0x6f ../barcodescanner_bsp//obj/HAL/src/crt0.o
 .debug_info    0x000000000000006f       0xe8 obj/default/hello_world_small.o
 .debug_info    0x0000000000000157      0x1c9 ../barcodescanner_bsp//libhal_bsp.a(alt_load.o)
 .debug_info    0x0000000000000320      0x169 ../barcodescanner_bsp//libhal_bsp.a(alt_main.o)
 .debug_info    0x0000000000000489       0xd1 ../barcodescanner_bsp//libhal_bsp.a(alt_usleep.o)
 .debug_info    0x000000000000055a      0x185 ../barcodescanner_bsp//libhal_bsp.a(alt_sys_init.o)
 .debug_info    0x00000000000006df       0xd8 ../barcodescanner_bsp//libhal_bsp.a(alt_busy_sleep.o)
 .debug_info    0x00000000000007b7       0xa6 ../barcodescanner_bsp//libhal_bsp.a(alt_dcache_flush_all.o)
 .debug_info    0x000000000000085d       0xb8 ../barcodescanner_bsp//libhal_bsp.a(alt_icache_flush_all.o)
 .debug_info    0x0000000000000915       0x92 ../barcodescanner_bsp//libhal_bsp.a(altera_nios2_gen2_irq.o)
 .debug_info    0x00000000000009a7       0xde ../barcodescanner_bsp//libhal_bsp.a(alt_icache_flush.o)
 .debug_info    0x0000000000000a85      0x2c6 /home/luuk/intelFPGA_lite/18.1/nios2eds/bin/gnu/H-x86_64-pc-linux-gnu/bin/../lib/gcc/nios2-elf/5.3.0/libgcc.a(lib2-divmod.o)

.debug_abbrev   0x0000000000000000      0x750
 *(.debug_abbrev)
 .debug_abbrev  0x0000000000000000       0x12 ../barcodescanner_bsp//obj/HAL/src/crt0.o
 .debug_abbrev  0x0000000000000012       0xa3 obj/default/hello_world_small.o
 .debug_abbrev  0x00000000000000b5       0xd8 ../barcodescanner_bsp//libhal_bsp.a(alt_load.o)
 .debug_abbrev  0x000000000000018d       0xee ../barcodescanner_bsp//libhal_bsp.a(alt_main.o)
 .debug_abbrev  0x000000000000027b       0x8d ../barcodescanner_bsp//libhal_bsp.a(alt_usleep.o)
 .debug_abbrev  0x0000000000000308      0x107 ../barcodescanner_bsp//libhal_bsp.a(alt_sys_init.o)
 .debug_abbrev  0x000000000000040f       0x8d ../barcodescanner_bsp//libhal_bsp.a(alt_busy_sleep.o)
 .debug_abbrev  0x000000000000049c       0x5a ../barcodescanner_bsp//libhal_bsp.a(alt_dcache_flush_all.o)
 .debug_abbrev  0x00000000000004f6       0x6f ../barcodescanner_bsp//libhal_bsp.a(alt_icache_flush_all.o)
 .debug_abbrev  0x0000000000000565       0x42 ../barcodescanner_bsp//libhal_bsp.a(altera_nios2_gen2_irq.o)
 .debug_abbrev  0x00000000000005a7       0x9b ../barcodescanner_bsp//libhal_bsp.a(alt_icache_flush.o)
 .debug_abbrev  0x0000000000000642      0x10e /home/luuk/intelFPGA_lite/18.1/nios2eds/bin/gnu/H-x86_64-pc-linux-gnu/bin/../lib/gcc/nios2-elf/5.3.0/libgcc.a(lib2-divmod.o)

.debug_line     0x0000000000000000      0x7e2
 *(.debug_line)
 .debug_line    0x0000000000000000       0x72 ../barcodescanner_bsp//obj/HAL/src/crt0.o
 .debug_line    0x0000000000000072       0xe8 obj/default/hello_world_small.o
 .debug_line    0x000000000000015a       0xa4 ../barcodescanner_bsp//libhal_bsp.a(alt_load.o)
 .debug_line    0x00000000000001fe       0xbd ../barcodescanner_bsp//libhal_bsp.a(alt_main.o)
 .debug_line    0x00000000000002bb       0xdc ../barcodescanner_bsp//libhal_bsp.a(alt_usleep.o)
 .debug_line    0x0000000000000397      0x101 ../barcodescanner_bsp//libhal_bsp.a(alt_sys_init.o)
 .debug_line    0x0000000000000498       0xb3 ../barcodescanner_bsp//libhal_bsp.a(alt_busy_sleep.o)
 .debug_line    0x000000000000054b       0x5a ../barcodescanner_bsp//libhal_bsp.a(alt_dcache_flush_all.o)
 .debug_line    0x00000000000005a5       0x6e ../barcodescanner_bsp//libhal_bsp.a(alt_icache_flush_all.o)
 .debug_line    0x0000000000000613       0x50 ../barcodescanner_bsp//libhal_bsp.a(altera_nios2_gen2_irq.o)
 .debug_line    0x0000000000000663       0x7d ../barcodescanner_bsp//libhal_bsp.a(alt_icache_flush.o)
 .debug_line    0x00000000000006e0      0x102 /home/luuk/intelFPGA_lite/18.1/nios2eds/bin/gnu/H-x86_64-pc-linux-gnu/bin/../lib/gcc/nios2-elf/5.3.0/libgcc.a(lib2-divmod.o)

.debug_frame    0x0000000000000000      0x1ec
 *(.debug_frame)
 .debug_frame   0x0000000000000000       0x34 obj/default/hello_world_small.o
 .debug_frame   0x0000000000000034       0x30 ../barcodescanner_bsp//libhal_bsp.a(alt_load.o)
 .debug_frame   0x0000000000000064       0x2c ../barcodescanner_bsp//libhal_bsp.a(alt_main.o)
 .debug_frame   0x0000000000000090       0x20 ../barcodescanner_bsp//libhal_bsp.a(alt_usleep.o)
 .debug_frame   0x00000000000000b0       0x3c ../barcodescanner_bsp//libhal_bsp.a(alt_sys_init.o)
 .debug_frame   0x00000000000000ec       0x30 ../barcodescanner_bsp//libhal_bsp.a(alt_busy_sleep.o)
 .debug_frame   0x000000000000011c       0x20 ../barcodescanner_bsp//libhal_bsp.a(alt_dcache_flush_all.o)
 .debug_frame   0x000000000000013c       0x20 ../barcodescanner_bsp//libhal_bsp.a(alt_icache_flush_all.o)
 .debug_frame   0x000000000000015c       0x20 ../barcodescanner_bsp//libhal_bsp.a(altera_nios2_gen2_irq.o)
 .debug_frame   0x000000000000017c       0x20 ../barcodescanner_bsp//libhal_bsp.a(alt_icache_flush.o)
 .debug_frame   0x000000000000019c       0x50 /home/luuk/intelFPGA_lite/18.1/nios2eds/bin/gnu/H-x86_64-pc-linux-gnu/bin/../lib/gcc/nios2-elf/5.3.0/libgcc.a(lib2-divmod.o)

.debug_str      0x0000000000000000      0x5fe
 *(.debug_str)
 .debug_str     0x0000000000000000      0x10d obj/default/hello_world_small.o
                                        0x14b (size before relaxing)
 .debug_str     0x000000000000010d      0x156 ../barcodescanner_bsp//libhal_bsp.a(alt_load.o)
                                        0x23a (size before relaxing)
 .debug_str     0x0000000000000263       0x8f ../barcodescanner_bsp//libhal_bsp.a(alt_main.o)
                                        0x1b3 (size before relaxing)
 .debug_str     0x00000000000002f2       0x2f ../barcodescanner_bsp//libhal_bsp.a(alt_usleep.o)
                                        0x155 (size before relaxing)
 .debug_str     0x0000000000000321       0xb2 ../barcodescanner_bsp//libhal_bsp.a(alt_sys_init.o)
                                        0x224 (size before relaxing)
 .debug_str     0x00000000000003d3       0x33 ../barcodescanner_bsp//libhal_bsp.a(alt_busy_sleep.o)
                                        0x169 (size before relaxing)
 .debug_str     0x0000000000000406       0x1f ../barcodescanner_bsp//libhal_bsp.a(alt_dcache_flush_all.o)
                                        0x153 (size before relaxing)
 .debug_str     0x0000000000000425       0x30 ../barcodescanner_bsp//libhal_bsp.a(alt_icache_flush_all.o)
                                        0x164 (size before relaxing)
 .debug_str     0x0000000000000455       0x20 ../barcodescanner_bsp//libhal_bsp.a(altera_nios2_gen2_irq.o)
                                        0x15a (size before relaxing)
 .debug_str     0x0000000000000475       0x1b ../barcodescanner_bsp//libhal_bsp.a(alt_icache_flush.o)
                                        0x159 (size before relaxing)
 .debug_str     0x0000000000000490      0x16e /home/luuk/intelFPGA_lite/18.1/nios2eds/bin/gnu/H-x86_64-pc-linux-gnu/bin/../lib/gcc/nios2-elf/5.3.0/libgcc.a(lib2-divmod.o)
                                        0x1b9 (size before relaxing)

.debug_loc      0x0000000000000000      0x64c
 *(.debug_loc)
 .debug_loc     0x0000000000000000       0x56 obj/default/hello_world_small.o
 .debug_loc     0x0000000000000056       0x21 ../barcodescanner_bsp//libhal_bsp.a(alt_usleep.o)
 .debug_loc     0x0000000000000077       0x21 ../barcodescanner_bsp//libhal_bsp.a(alt_sys_init.o)
 .debug_loc     0x0000000000000098       0x75 ../barcodescanner_bsp//libhal_bsp.a(alt_busy_sleep.o)
 .debug_loc     0x000000000000010d       0x1f ../barcodescanner_bsp//libhal_bsp.a(alt_dcache_flush_all.o)
 .debug_loc     0x000000000000012c       0x52 ../barcodescanner_bsp//libhal_bsp.a(alt_icache_flush.o)
 .debug_loc     0x000000000000017e      0x4ce /home/luuk/intelFPGA_lite/18.1/nios2eds/bin/gnu/H-x86_64-pc-linux-gnu/bin/../lib/gcc/nios2-elf/5.3.0/libgcc.a(lib2-divmod.o)

.debug_macinfo
 *(.debug_macinfo)

.debug_weaknames
 *(.debug_weaknames)

.debug_funcnames
 *(.debug_funcnames)

.debug_typenames
 *(.debug_typenames)

.debug_varnames
 *(.debug_varnames)

.debug_alt_sim_info
                0x0000000000000000       0x60
 *(.debug_alt_sim_info)
 .debug_alt_sim_info
                0x0000000000000000       0x30 ../barcodescanner_bsp//obj/HAL/src/crt0.o
 .debug_alt_sim_info
                0x0000000000000030       0x30 ../barcodescanner_bsp//libhal_bsp.a(alt_busy_sleep.o)
                0x0000000000003000                __alt_data_end = 0x3000
                0x0000000000003000                PROVIDE (__alt_stack_pointer, __alt_data_end)
                [!provide]                        PROVIDE (__alt_stack_limit, __alt_stack_base)
                [!provide]                        PROVIDE (__alt_heap_start, end)
                [!provide]                        PROVIDE (__alt_heap_limit, 0x3000)
OUTPUT(barcodescanner.elf elf32-littlenios2)

.debug_ranges   0x0000000000000000       0xe8
 .debug_ranges  0x0000000000000000       0x20 ../barcodescanner_bsp//obj/HAL/src/crt0.o
 .debug_ranges  0x0000000000000020       0x10 obj/default/hello_world_small.o
 .debug_ranges  0x0000000000000030       0x48 ../barcodescanner_bsp//libhal_bsp.a(alt_load.o)
 .debug_ranges  0x0000000000000078       0x10 ../barcodescanner_bsp//libhal_bsp.a(alt_icache_flush.o)
 .debug_ranges  0x0000000000000088       0x60 /home/luuk/intelFPGA_lite/18.1/nios2eds/bin/gnu/H-x86_64-pc-linux-gnu/bin/../lib/gcc/nios2-elf/5.3.0/libgcc.a(lib2-divmod.o)
