Archive member included to satisfy reference by file (symbol)

/home/luuk/intelFPGA_lite/18.1/nios2eds/bin/gnu/H-x86_64-pc-linux-gnu/bin/../lib/gcc/nios2-elf/5.3.0/../../../../../H-x86_64-pc-linux-gnu/nios2-elf/lib/mno-hw-mul/libsmallc.a(lib_a-memcpy.o)
                              obj/default/main.o (memcpy)
/home/luuk/intelFPGA_lite/18.1/nios2eds/bin/gnu/H-x86_64-pc-linux-gnu/bin/../lib/gcc/nios2-elf/5.3.0/../../../../../H-x86_64-pc-linux-gnu/nios2-elf/lib/mno-hw-mul/libsmallc.a(lib_a-printf.o)
                              obj/default/main.o (printf)
/home/luuk/intelFPGA_lite/18.1/nios2eds/bin/gnu/H-x86_64-pc-linux-gnu/bin/../lib/gcc/nios2-elf/5.3.0/../../../../../H-x86_64-pc-linux-gnu/nios2-elf/lib/mno-hw-mul/libsmallc.a(lib_a-putchar.o)
                              obj/default/main.o (putchar)
/home/luuk/intelFPGA_lite/18.1/nios2eds/bin/gnu/H-x86_64-pc-linux-gnu/bin/../lib/gcc/nios2-elf/5.3.0/../../../../../H-x86_64-pc-linux-gnu/nios2-elf/lib/mno-hw-mul/libsmallc.a(lib_a-strlen.o)
                              obj/default/network.o (strlen)
/home/luuk/intelFPGA_lite/18.1/nios2eds/bin/gnu/H-x86_64-pc-linux-gnu/bin/../lib/gcc/nios2-elf/5.3.0/../../../../../H-x86_64-pc-linux-gnu/nios2-elf/lib/mno-hw-mul/libsmallc.a(lib_a-vfprintf.o)
                              /home/luuk/intelFPGA_lite/18.1/nios2eds/bin/gnu/H-x86_64-pc-linux-gnu/bin/../lib/gcc/nios2-elf/5.3.0/../../../../../H-x86_64-pc-linux-gnu/nios2-elf/lib/mno-hw-mul/libsmallc.a(lib_a-printf.o) (___vfprintf_internal_r)
/home/luuk/intelFPGA_lite/18.1/nios2eds/bin/gnu/H-x86_64-pc-linux-gnu/bin/../lib/gcc/nios2-elf/5.3.0/../../../../../H-x86_64-pc-linux-gnu/nios2-elf/lib/mno-hw-mul/libsmallc.a(lib_a-fvwrite_small_dev.o)
                              /home/luuk/intelFPGA_lite/18.1/nios2eds/bin/gnu/H-x86_64-pc-linux-gnu/bin/../lib/gcc/nios2-elf/5.3.0/../../../../../H-x86_64-pc-linux-gnu/nios2-elf/lib/mno-hw-mul/libsmallc.a(lib_a-printf.o) (__sfvwrite_small_dev)
/home/luuk/intelFPGA_lite/18.1/nios2eds/bin/gnu/H-x86_64-pc-linux-gnu/bin/../lib/gcc/nios2-elf/5.3.0/../../../../../H-x86_64-pc-linux-gnu/nios2-elf/lib/mno-hw-mul/libsmallc.a(lib_a-impure.o)
                              /home/luuk/intelFPGA_lite/18.1/nios2eds/bin/gnu/H-x86_64-pc-linux-gnu/bin/../lib/gcc/nios2-elf/5.3.0/../../../../../H-x86_64-pc-linux-gnu/nios2-elf/lib/mno-hw-mul/libsmallc.a(lib_a-printf.o) (_impure_ptr)
/home/luuk/intelFPGA_lite/18.1/nios2eds/bin/gnu/H-x86_64-pc-linux-gnu/bin/../lib/gcc/nios2-elf/5.3.0/../../../../../H-x86_64-pc-linux-gnu/nios2-elf/lib/mno-hw-mul/libsmallc.a(lib_a-putc.o)
                              /home/luuk/intelFPGA_lite/18.1/nios2eds/bin/gnu/H-x86_64-pc-linux-gnu/bin/../lib/gcc/nios2-elf/5.3.0/../../../../../H-x86_64-pc-linux-gnu/nios2-elf/lib/mno-hw-mul/libsmallc.a(lib_a-putchar.o) (_putc_r)
/home/luuk/intelFPGA_lite/18.1/nios2eds/bin/gnu/H-x86_64-pc-linux-gnu/bin/../lib/gcc/nios2-elf/5.3.0/../../../../../H-x86_64-pc-linux-gnu/nios2-elf/lib/mno-hw-mul/libsmallc.a(lib_a-writer.o)
                              /home/luuk/intelFPGA_lite/18.1/nios2eds/bin/gnu/H-x86_64-pc-linux-gnu/bin/../lib/gcc/nios2-elf/5.3.0/../../../../../H-x86_64-pc-linux-gnu/nios2-elf/lib/mno-hw-mul/libsmallc.a(lib_a-fvwrite_small_dev.o) (_write_r)
/home/luuk/intelFPGA_lite/18.1/nios2eds/bin/gnu/H-x86_64-pc-linux-gnu/bin/../lib/gcc/nios2-elf/5.3.0/../../../../../H-x86_64-pc-linux-gnu/nios2-elf/lib/mno-hw-mul/libsmallc.a(lib_a-int_errno.o)
                              /home/luuk/intelFPGA_lite/18.1/nios2eds/bin/gnu/H-x86_64-pc-linux-gnu/bin/../lib/gcc/nios2-elf/5.3.0/../../../../../H-x86_64-pc-linux-gnu/nios2-elf/lib/mno-hw-mul/libsmallc.a(lib_a-writer.o) (errno)
/home/luuk/intelFPGA_lite/18.1/nios2eds/bin/gnu/H-x86_64-pc-linux-gnu/bin/../lib/gcc/nios2-elf/5.3.0/mno-hw-mul/libgcc.a(lib2-divmod.o)
                              /home/luuk/intelFPGA_lite/18.1/nios2eds/bin/gnu/H-x86_64-pc-linux-gnu/bin/../lib/gcc/nios2-elf/5.3.0/../../../../../H-x86_64-pc-linux-gnu/nios2-elf/lib/mno-hw-mul/libsmallc.a(lib_a-vfprintf.o) (__udivsi3)
/home/luuk/intelFPGA_lite/18.1/nios2eds/bin/gnu/H-x86_64-pc-linux-gnu/bin/../lib/gcc/nios2-elf/5.3.0/mno-hw-mul/libgcc.a(lib2-mul.o)
                              /home/luuk/intelFPGA_lite/18.1/nios2eds/bin/gnu/H-x86_64-pc-linux-gnu/bin/../lib/gcc/nios2-elf/5.3.0/../../../../../H-x86_64-pc-linux-gnu/nios2-elf/lib/mno-hw-mul/libsmallc.a(lib_a-vfprintf.o) (__mulsi3)
../barcode_bsp//libhal_bsp.a(alt_load.o)
                              ../barcode_bsp//obj/HAL/src/crt0.o (alt_load)
../barcode_bsp//libhal_bsp.a(alt_main.o)
                              ../barcode_bsp//obj/HAL/src/crt0.o (alt_main)
../barcode_bsp//libhal_bsp.a(alt_printf.o)
                              obj/default/main.o (alt_printf)
../barcode_bsp//libhal_bsp.a(alt_putchar.o)
                              ../barcode_bsp//libhal_bsp.a(alt_printf.o) (alt_putchar)
../barcode_bsp//libhal_bsp.a(alt_usleep.o)
                              obj/default/main.o (usleep)
../barcode_bsp//libhal_bsp.a(alt_write.o)
                              /home/luuk/intelFPGA_lite/18.1/nios2eds/bin/gnu/H-x86_64-pc-linux-gnu/bin/../lib/gcc/nios2-elf/5.3.0/../../../../../H-x86_64-pc-linux-gnu/nios2-elf/lib/mno-hw-mul/libsmallc.a(lib_a-writer.o) (write)
../barcode_bsp//libhal_bsp.a(alt_sys_init.o)
                              ../barcode_bsp//libhal_bsp.a(alt_main.o) (alt_irq_init)
../barcode_bsp//libhal_bsp.a(altera_avalon_jtag_uart_write.o)
                              ../barcode_bsp//libhal_bsp.a(alt_putchar.o) (altera_avalon_jtag_uart_write)
../barcode_bsp//libhal_bsp.a(altera_avalon_sgdma.o)
                              obj/default/network.o (alt_avalon_sgdma_do_async_transfer)
../barcode_bsp//libhal_bsp.a(alt_busy_sleep.o)
                              ../barcode_bsp//libhal_bsp.a(alt_usleep.o) (alt_busy_sleep)
../barcode_bsp//libhal_bsp.a(alt_dcache_flush.o)
                              ../barcode_bsp//libhal_bsp.a(altera_avalon_sgdma.o) (alt_dcache_flush)
../barcode_bsp//libhal_bsp.a(alt_dcache_flush_all.o)
                              ../barcode_bsp//libhal_bsp.a(alt_load.o) (alt_dcache_flush_all)
../barcode_bsp//libhal_bsp.a(alt_dev_llist_insert.o)
                              ../barcode_bsp//libhal_bsp.a(altera_avalon_sgdma.o) (alt_dev_llist_insert)
../barcode_bsp//libhal_bsp.a(alt_errno.o)
                              ../barcode_bsp//libhal_bsp.a(alt_write.o) (alt_errno)
../barcode_bsp//libhal_bsp.a(alt_find_dev.o)
                              ../barcode_bsp//libhal_bsp.a(altera_avalon_sgdma.o) (alt_find_dev)
../barcode_bsp//libhal_bsp.a(alt_icache_flush_all.o)
                              ../barcode_bsp//libhal_bsp.a(alt_load.o) (alt_icache_flush_all)
../barcode_bsp//libhal_bsp.a(alt_iic.o)
                              ../barcode_bsp//libhal_bsp.a(altera_avalon_sgdma.o) (alt_ic_isr_register)
../barcode_bsp//libhal_bsp.a(alt_iic_isr_register.o)
                              ../barcode_bsp//libhal_bsp.a(alt_iic.o) (alt_iic_isr_register)
../barcode_bsp//libhal_bsp.a(alt_irq_entry.o)
                              ../barcode_bsp//libhal_bsp.a(alt_iic_isr_register.o) (alt_irq_entry)
../barcode_bsp//libhal_bsp.a(alt_irq_handler.o)
                              ../barcode_bsp//libhal_bsp.a(alt_iic_isr_register.o) (alt_irq_handler)
../barcode_bsp//libhal_bsp.a(alt_irq_vars.o)
                              ../barcode_bsp//libhal_bsp.a(alt_iic.o) (alt_irq_active)
../barcode_bsp//libhal_bsp.a(altera_nios2_gen2_irq.o)
                              ../barcode_bsp//libhal_bsp.a(alt_sys_init.o) (altera_nios2_gen2_irq_init)
../barcode_bsp//libhal_bsp.a(alt_exception_entry.o)
                              ../barcode_bsp//libhal_bsp.a(alt_irq_entry.o) (alt_exception)
/home/luuk/intelFPGA_lite/18.1/nios2eds/bin/gnu/H-x86_64-pc-linux-gnu/bin/../lib/gcc/nios2-elf/5.3.0/../../../../../H-x86_64-pc-linux-gnu/nios2-elf/lib/mno-hw-mul/libsmallc.a(lib_a-memcmp.o)
                              ../barcode_bsp//libhal_bsp.a(alt_find_dev.o) (memcmp)

Allocating common symbols
Common symbol       size              file

alt_irq             0x100             ../barcode_bsp//libhal_bsp.a(alt_irq_handler.o)
errno               0x4               /home/luuk/intelFPGA_lite/18.1/nios2eds/bin/gnu/H-x86_64-pc-linux-gnu/bin/../lib/gcc/nios2-elf/5.3.0/../../../../../H-x86_64-pc-linux-gnu/nios2-elf/lib/mno-hw-mul/libsmallc.a(lib_a-int_errno.o)
sgdma_tx_dev        0x4               obj/default/network.o
text_length         0x4               obj/default/network.o
sgdma_rx_dev        0x4               obj/default/network.o

Memory Configuration

Name             Origin             Length             Attributes
VideoRAM         0x0000000000000000 0x0000000000002710
descriptor_memory 0x0000000000008000 0x0000000000001000
reset            0x0000000000180000 0x0000000000000020
onchip_memory    0x0000000000180020 0x000000000004afe0
*default*        0x0000000000000000 0xffffffffffffffff

Linker script and memory map

LOAD ../barcode_bsp//obj/HAL/src/crt0.o
LOAD obj/default/main.o
LOAD obj/default/network.o
LOAD /home/luuk/intelFPGA_lite/18.1/nios2eds/bin/gnu/H-x86_64-pc-linux-gnu/bin/../lib/gcc/nios2-elf/5.3.0/../../../../../H-x86_64-pc-linux-gnu/nios2-elf/lib/mno-hw-mul/libstdc++.a
LOAD /home/luuk/intelFPGA_lite/18.1/nios2eds/bin/gnu/H-x86_64-pc-linux-gnu/bin/../lib/gcc/nios2-elf/5.3.0/../../../../../H-x86_64-pc-linux-gnu/nios2-elf/lib/mno-hw-mul/libm.a
LOAD /home/luuk/intelFPGA_lite/18.1/nios2eds/bin/gnu/H-x86_64-pc-linux-gnu/bin/../lib/gcc/nios2-elf/5.3.0/mno-hw-mul/libgcc.a
START GROUP
LOAD /home/luuk/intelFPGA_lite/18.1/nios2eds/bin/gnu/H-x86_64-pc-linux-gnu/bin/../lib/gcc/nios2-elf/5.3.0/../../../../../H-x86_64-pc-linux-gnu/nios2-elf/lib/mno-hw-mul/libsmallc.a
LOAD /home/luuk/intelFPGA_lite/18.1/nios2eds/bin/gnu/H-x86_64-pc-linux-gnu/bin/../lib/gcc/nios2-elf/5.3.0/mno-hw-mul/libgcc.a
LOAD ../barcode_bsp//libhal_bsp.a
LOAD /home/luuk/intelFPGA_lite/18.1/nios2eds/bin/gnu/H-x86_64-pc-linux-gnu/bin/../lib/gcc/nios2-elf/5.3.0/../../../../../H-x86_64-pc-linux-gnu/nios2-elf/lib/mno-hw-mul/libm.a
END GROUP
LOAD /home/luuk/intelFPGA_lite/18.1/nios2eds/bin/gnu/H-x86_64-pc-linux-gnu/bin/../lib/gcc/nios2-elf/5.3.0/mno-hw-mul/libgcc.a
                0x0000000000000000                __alt_mem_VideoRAM = 0x0
                0x0000000000008000                __alt_mem_descriptor_memory = 0x8000
                0x0000000000180000                __alt_mem_onchip_memory = 0x180000

.entry          0x0000000000180000       0x20
 *(.entry)
 .entry         0x0000000000180000       0x20 ../barcode_bsp//obj/HAL/src/crt0.o
                0x0000000000180000                __reset
                0x000000000018000c                _exit

.exceptions     0x0000000000180020      0x12c
                0x0000000000180020                PROVIDE (__ram_exceptions_start, ABSOLUTE (.))
                0x0000000000180020                . = ALIGN (0x20)
 *(.irq)
 *(.exceptions.entry.label)
 .exceptions.entry.label
                0x0000000000180020        0x0 ../barcode_bsp//libhal_bsp.a(alt_irq_entry.o)
                0x0000000000180020                alt_irq_entry
 .exceptions.entry.label
                0x0000000000180020        0x0 ../barcode_bsp//libhal_bsp.a(alt_exception_entry.o)
                0x0000000000180020                alt_exception
 *(.exceptions.entry.user)
 *(.exceptions.entry.ecc_fatal)
 *(.exceptions.entry)
 .exceptions.entry
                0x0000000000180020       0x54 ../barcode_bsp//libhal_bsp.a(alt_exception_entry.o)
 *(.exceptions.irqtest.user)
 *(.exceptions.irqtest)
 .exceptions.irqtest
                0x0000000000180074       0x10 ../barcode_bsp//libhal_bsp.a(alt_irq_entry.o)
 *(.exceptions.irqhandler.user)
 *(.exceptions.irqhandler)
 .exceptions.irqhandler
                0x0000000000180084        0x4 ../barcode_bsp//libhal_bsp.a(alt_irq_entry.o)
 *(.exceptions.irqreturn.user)
 *(.exceptions.irqreturn)
 .exceptions.irqreturn
                0x0000000000180088        0x4 ../barcode_bsp//libhal_bsp.a(alt_irq_entry.o)
 *(.exceptions.notirq.label)
 .exceptions.notirq.label
                0x000000000018008c        0x0 ../barcode_bsp//libhal_bsp.a(alt_irq_entry.o)
 *(.exceptions.notirq.user)
 *(.exceptions.notirq)
 .exceptions.notirq
                0x000000000018008c        0x8 ../barcode_bsp//libhal_bsp.a(alt_exception_entry.o)
 *(.exceptions.soft.user)
 *(.exceptions.soft)
 *(.exceptions.unknown.user)
 *(.exceptions.unknown)
 .exceptions.unknown
                0x0000000000180094        0x4 ../barcode_bsp//libhal_bsp.a(alt_exception_entry.o)
 *(.exceptions.exit.label)
 .exceptions.exit.label
                0x0000000000180098        0x0 ../barcode_bsp//libhal_bsp.a(alt_irq_entry.o)
 .exceptions.exit.label
                0x0000000000180098        0x0 ../barcode_bsp//libhal_bsp.a(alt_exception_entry.o)
 *(.exceptions.exit.user)
 *(.exceptions.exit)
 .exceptions.exit
                0x0000000000180098       0x54 ../barcode_bsp//libhal_bsp.a(alt_exception_entry.o)
 *(.exceptions)
 .exceptions    0x00000000001800ec       0x60 ../barcode_bsp//libhal_bsp.a(alt_irq_handler.o)
                0x00000000001800ec                alt_irq_handler
                0x000000000018014c                PROVIDE (__ram_exceptions_end, ABSOLUTE (.))
                0x0000000000180020                PROVIDE (__flash_exceptions_start, LOADADDR (.exceptions))

.text           0x000000000018014c     0x1f54
                [!provide]                        PROVIDE (stext, ABSOLUTE (.))
 *(.interp)
 *(.hash)
 *(.dynsym)
 *(.dynstr)
 *(.gnu.version)
 *(.gnu.version_d)
 *(.gnu.version_r)
 *(.rel.init)
 *(.rela.init)
 *(.rel.text .rel.text.* .rel.gnu.linkonce.t.*)
 *(.rela.text .rela.text.* .rela.gnu.linkonce.t.*)
 *(.rel.fini)
 *(.rela.fini)
 *(.rel.rodata .rel.rodata.* .rel.gnu.linkonce.r.*)
 *(.rela.rodata .rela.rodata.* .rela.gnu.linkonce.r.*)
 *(.rel.data .rel.data.* .rel.gnu.linkonce.d.*)
 *(.rela.data .rela.data.* .rela.gnu.linkonce.d.*)
 *(.rel.tdata .rel.tdata.* .rel.gnu.linkonce.td.*)
 *(.rela.tdata .rela.tdata.* .rela.gnu.linkonce.td.*)
 *(.rel.tbss .rel.tbss.* .rel.gnu.linkonce.tb.*)
 *(.rela.tbss .rela.tbss.* .rela.gnu.linkonce.tb.*)
 *(.rel.ctors)
 *(.rela.ctors)
 *(.rel.dtors)
 *(.rela.dtors)
 *(.rel.got)
 *(.rela.got)
 *(.rel.sdata .rel.sdata.* .rel.gnu.linkonce.s.*)
 *(.rela.sdata .rela.sdata.* .rela.gnu.linkonce.s.*)
 *(.rel.sbss .rel.sbss.* .rel.gnu.linkonce.sb.*)
 *(.rela.sbss .rela.sbss.* .rela.gnu.linkonce.sb.*)
 *(.rel.sdata2 .rel.sdata2.* .rel.gnu.linkonce.s2.*)
 *(.rela.sdata2 .rela.sdata2.* .rela.gnu.linkonce.s2.*)
 *(.rel.sbss2 .rel.sbss2.* .rel.gnu.linkonce.sb2.*)
 *(.rela.sbss2 .rela.sbss2.* .rela.gnu.linkonce.sb2.*)
 *(.rel.bss .rel.bss.* .rel.gnu.linkonce.b.*)
 *(.rela.bss .rela.bss.* .rela.gnu.linkonce.b.*)
 *(.rel.plt)
 *(.rela.plt)
 *(.rel.dyn)
 *(.init)
 *(.plt)
 *(.text .stub .text.* .gnu.linkonce.t.*)
 .text          0x000000000018014c       0x3c ../barcode_bsp//obj/HAL/src/crt0.o
                0x000000000018014c                _start
 .text          0x0000000000180188      0x520 obj/default/main.o
                0x0000000000180188                clearText
                0x00000000001801a0                drawChars
                0x0000000000180240                showText
                0x000000000018050c                scanBarcode
                0x0000000000180674                callback
 .text.startup  0x00000000001806a8       0x34 obj/default/main.o
                0x00000000001806a8                main
 .text          0x00000000001806dc      0x370 obj/default/network.o
                0x00000000001806dc                rx_ethernet_isr
                0x00000000001807a4                setup
                0x0000000000180918                refresh_ethernet
                0x000000000018091c                tx_char
                0x0000000000180930                transmit
                0x0000000000180998                tx_ethernet_isr
 .text          0x0000000000180a4c        0x0 /home/luuk/intelFPGA_lite/18.1/nios2eds/bin/gnu/H-x86_64-pc-linux-gnu/bin/../lib/gcc/nios2-elf/5.3.0/../../../../../H-x86_64-pc-linux-gnu/nios2-elf/lib/mno-hw-mul/libsmallc.a(lib_a-memcpy.o)
 .text.memcpy   0x0000000000180a4c       0x28 /home/luuk/intelFPGA_lite/18.1/nios2eds/bin/gnu/H-x86_64-pc-linux-gnu/bin/../lib/gcc/nios2-elf/5.3.0/../../../../../H-x86_64-pc-linux-gnu/nios2-elf/lib/mno-hw-mul/libsmallc.a(lib_a-memcpy.o)
                0x0000000000180a4c                memcpy
 .text          0x0000000000180a74        0x0 /home/luuk/intelFPGA_lite/18.1/nios2eds/bin/gnu/H-x86_64-pc-linux-gnu/bin/../lib/gcc/nios2-elf/5.3.0/../../../../../H-x86_64-pc-linux-gnu/nios2-elf/lib/mno-hw-mul/libsmallc.a(lib_a-printf.o)
 .text._printf_r
                0x0000000000180a74       0x3c /home/luuk/intelFPGA_lite/18.1/nios2eds/bin/gnu/H-x86_64-pc-linux-gnu/bin/../lib/gcc/nios2-elf/5.3.0/../../../../../H-x86_64-pc-linux-gnu/nios2-elf/lib/mno-hw-mul/libsmallc.a(lib_a-printf.o)
                0x0000000000180a74                _printf_r
 .text.printf   0x0000000000180ab0       0x4c /home/luuk/intelFPGA_lite/18.1/nios2eds/bin/gnu/H-x86_64-pc-linux-gnu/bin/../lib/gcc/nios2-elf/5.3.0/../../../../../H-x86_64-pc-linux-gnu/nios2-elf/lib/mno-hw-mul/libsmallc.a(lib_a-printf.o)
                0x0000000000180ab0                printf
 .text          0x0000000000180afc        0x0 /home/luuk/intelFPGA_lite/18.1/nios2eds/bin/gnu/H-x86_64-pc-linux-gnu/bin/../lib/gcc/nios2-elf/5.3.0/../../../../../H-x86_64-pc-linux-gnu/nios2-elf/lib/mno-hw-mul/libsmallc.a(lib_a-putchar.o)
 .text._putchar_r
                0x0000000000180afc        0x8 /home/luuk/intelFPGA_lite/18.1/nios2eds/bin/gnu/H-x86_64-pc-linux-gnu/bin/../lib/gcc/nios2-elf/5.3.0/../../../../../H-x86_64-pc-linux-gnu/nios2-elf/lib/mno-hw-mul/libsmallc.a(lib_a-putchar.o)
                0x0000000000180afc                _putchar_r
 .text.putchar  0x0000000000180b04       0x1c /home/luuk/intelFPGA_lite/18.1/nios2eds/bin/gnu/H-x86_64-pc-linux-gnu/bin/../lib/gcc/nios2-elf/5.3.0/../../../../../H-x86_64-pc-linux-gnu/nios2-elf/lib/mno-hw-mul/libsmallc.a(lib_a-putchar.o)
                0x0000000000180b04                putchar
 .text          0x0000000000180b20        0x0 /home/luuk/intelFPGA_lite/18.1/nios2eds/bin/gnu/H-x86_64-pc-linux-gnu/bin/../lib/gcc/nios2-elf/5.3.0/../../../../../H-x86_64-pc-linux-gnu/nios2-elf/lib/mno-hw-mul/libsmallc.a(lib_a-strlen.o)
 .text.strlen   0x0000000000180b20       0x1c /home/luuk/intelFPGA_lite/18.1/nios2eds/bin/gnu/H-x86_64-pc-linux-gnu/bin/../lib/gcc/nios2-elf/5.3.0/../../../../../H-x86_64-pc-linux-gnu/nios2-elf/lib/mno-hw-mul/libsmallc.a(lib_a-strlen.o)
                0x0000000000180b20                strlen
 .text          0x0000000000180b3c        0x0 /home/luuk/intelFPGA_lite/18.1/nios2eds/bin/gnu/H-x86_64-pc-linux-gnu/bin/../lib/gcc/nios2-elf/5.3.0/../../../../../H-x86_64-pc-linux-gnu/nios2-elf/lib/mno-hw-mul/libsmallc.a(lib_a-vfprintf.o)
 .text.print_repeat
                0x0000000000180b3c       0x6c /home/luuk/intelFPGA_lite/18.1/nios2eds/bin/gnu/H-x86_64-pc-linux-gnu/bin/../lib/gcc/nios2-elf/5.3.0/../../../../../H-x86_64-pc-linux-gnu/nios2-elf/lib/mno-hw-mul/libsmallc.a(lib_a-vfprintf.o)
 .text.___vfprintf_internal_r
                0x0000000000180ba8      0x52c /home/luuk/intelFPGA_lite/18.1/nios2eds/bin/gnu/H-x86_64-pc-linux-gnu/bin/../lib/gcc/nios2-elf/5.3.0/../../../../../H-x86_64-pc-linux-gnu/nios2-elf/lib/mno-hw-mul/libsmallc.a(lib_a-vfprintf.o)
                0x0000000000180ba8                ___vfprintf_internal_r
 .text.__vfprintf_internal
                0x00000000001810d4       0x1c /home/luuk/intelFPGA_lite/18.1/nios2eds/bin/gnu/H-x86_64-pc-linux-gnu/bin/../lib/gcc/nios2-elf/5.3.0/../../../../../H-x86_64-pc-linux-gnu/nios2-elf/lib/mno-hw-mul/libsmallc.a(lib_a-vfprintf.o)
                0x00000000001810d4                __vfprintf_internal
 .text          0x00000000001810f0        0x0 /home/luuk/intelFPGA_lite/18.1/nios2eds/bin/gnu/H-x86_64-pc-linux-gnu/bin/../lib/gcc/nios2-elf/5.3.0/../../../../../H-x86_64-pc-linux-gnu/nios2-elf/lib/mno-hw-mul/libsmallc.a(lib_a-fvwrite_small_dev.o)
 .text.__sfvwrite_small_dev
                0x00000000001810f0       0xb8 /home/luuk/intelFPGA_lite/18.1/nios2eds/bin/gnu/H-x86_64-pc-linux-gnu/bin/../lib/gcc/nios2-elf/5.3.0/../../../../../H-x86_64-pc-linux-gnu/nios2-elf/lib/mno-hw-mul/libsmallc.a(lib_a-fvwrite_small_dev.o)
                0x00000000001810f0                __sfvwrite_small_dev
 .text          0x00000000001811a8        0x0 /home/luuk/intelFPGA_lite/18.1/nios2eds/bin/gnu/H-x86_64-pc-linux-gnu/bin/../lib/gcc/nios2-elf/5.3.0/../../../../../H-x86_64-pc-linux-gnu/nios2-elf/lib/mno-hw-mul/libsmallc.a(lib_a-impure.o)
 .text          0x00000000001811a8        0x0 /home/luuk/intelFPGA_lite/18.1/nios2eds/bin/gnu/H-x86_64-pc-linux-gnu/bin/../lib/gcc/nios2-elf/5.3.0/../../../../../H-x86_64-pc-linux-gnu/nios2-elf/lib/mno-hw-mul/libsmallc.a(lib_a-putc.o)
 .text.putc     0x00000000001811a8       0x54 /home/luuk/intelFPGA_lite/18.1/nios2eds/bin/gnu/H-x86_64-pc-linux-gnu/bin/../lib/gcc/nios2-elf/5.3.0/../../../../../H-x86_64-pc-linux-gnu/nios2-elf/lib/mno-hw-mul/libsmallc.a(lib_a-putc.o)
                0x00000000001811a8                putc
 .text._putc_r  0x00000000001811fc       0x58 /home/luuk/intelFPGA_lite/18.1/nios2eds/bin/gnu/H-x86_64-pc-linux-gnu/bin/../lib/gcc/nios2-elf/5.3.0/../../../../../H-x86_64-pc-linux-gnu/nios2-elf/lib/mno-hw-mul/libsmallc.a(lib_a-putc.o)
                0x00000000001811fc                _putc_r
 .text          0x0000000000181254        0x0 /home/luuk/intelFPGA_lite/18.1/nios2eds/bin/gnu/H-x86_64-pc-linux-gnu/bin/../lib/gcc/nios2-elf/5.3.0/../../../../../H-x86_64-pc-linux-gnu/nios2-elf/lib/mno-hw-mul/libsmallc.a(lib_a-writer.o)
 .text._write_r
                0x0000000000181254       0x58 /home/luuk/intelFPGA_lite/18.1/nios2eds/bin/gnu/H-x86_64-pc-linux-gnu/bin/../lib/gcc/nios2-elf/5.3.0/../../../../../H-x86_64-pc-linux-gnu/nios2-elf/lib/mno-hw-mul/libsmallc.a(lib_a-writer.o)
                0x0000000000181254                _write_r
 .text          0x00000000001812ac        0x0 /home/luuk/intelFPGA_lite/18.1/nios2eds/bin/gnu/H-x86_64-pc-linux-gnu/bin/../lib/gcc/nios2-elf/5.3.0/../../../../../H-x86_64-pc-linux-gnu/nios2-elf/lib/mno-hw-mul/libsmallc.a(lib_a-int_errno.o)
 .text          0x00000000001812ac      0x1b4 /home/luuk/intelFPGA_lite/18.1/nios2eds/bin/gnu/H-x86_64-pc-linux-gnu/bin/../lib/gcc/nios2-elf/5.3.0/mno-hw-mul/libgcc.a(lib2-divmod.o)
                0x00000000001812ac                __divsi3
                0x0000000000181330                __modsi3
                0x00000000001813a4                __udivsi3
                0x0000000000181408                __umodsi3
 .text          0x0000000000181460       0x28 /home/luuk/intelFPGA_lite/18.1/nios2eds/bin/gnu/H-x86_64-pc-linux-gnu/bin/../lib/gcc/nios2-elf/5.3.0/mno-hw-mul/libgcc.a(lib2-mul.o)
                0x0000000000181460                __mulsi3
 .text          0x0000000000181488       0xe0 ../barcode_bsp//libhal_bsp.a(alt_load.o)
                0x0000000000181488                alt_load
 .text          0x0000000000181568       0x2c ../barcode_bsp//libhal_bsp.a(alt_main.o)
                0x0000000000181568                alt_main
 .text          0x0000000000181594      0x170 ../barcode_bsp//libhal_bsp.a(alt_printf.o)
                0x0000000000181594                alt_printf
 .text          0x0000000000181704       0x48 ../barcode_bsp//libhal_bsp.a(alt_putchar.o)
                0x0000000000181704                alt_putchar
 .text          0x000000000018174c        0x4 ../barcode_bsp//libhal_bsp.a(alt_usleep.o)
                0x000000000018174c                usleep
 .text          0x0000000000181750       0x60 ../barcode_bsp//libhal_bsp.a(alt_write.o)
                0x0000000000181750                write
 .text          0x00000000001817b0       0x58 ../barcode_bsp//libhal_bsp.a(alt_sys_init.o)
                0x00000000001817b0                alt_irq_init
                0x00000000001817d0                alt_sys_init
 .text          0x0000000000181808       0x34 ../barcode_bsp//libhal_bsp.a(altera_avalon_jtag_uart_write.o)
                0x0000000000181808                altera_avalon_jtag_uart_write
 .text          0x000000000018183c      0x5c4 ../barcode_bsp//libhal_bsp.a(altera_avalon_sgdma.o)
                0x0000000000181898                alt_avalon_sgdma_do_async_transfer
                0x0000000000181914                alt_avalon_sgdma_do_sync_transfer
                0x0000000000181994                alt_avalon_sgdma_register_callback
                0x00000000001819a4                alt_avalon_sgdma_start
                0x00000000001819bc                alt_avalon_sgdma_stop
                0x00000000001819d8                alt_avalon_sgdma_check_descriptor_status
                0x0000000000181a04                alt_avalon_sgdma_open
                0x0000000000181a50                alt_avalon_sgdma_enable_desc_poll
                0x0000000000181a80                alt_avalon_sgdma_disable_desc_poll
                0x0000000000181aa0                alt_avalon_sgdma_construct_descriptor_burst
                0x0000000000181bb4                alt_avalon_sgdma_construct_mem_to_mem_desc_burst
                0x0000000000181bfc                alt_avalon_sgdma_construct_mem_to_mem_desc
                0x0000000000181c34                alt_avalon_sgdma_construct_stream_to_mem_desc_burst
                0x0000000000181c7c                alt_avalon_sgdma_construct_stream_to_mem_desc
                0x0000000000181ca4                alt_avalon_sgdma_construct_mem_to_stream_desc_burst
                0x0000000000181cf4                alt_avalon_sgdma_construct_mem_to_stream_desc
                0x0000000000181d34                alt_avalon_sgdma_construct_descriptor
                0x0000000000181d7c                alt_avalon_sgdma_init
 .text          0x0000000000181e00       0x88 ../barcode_bsp//libhal_bsp.a(alt_busy_sleep.o)
                0x0000000000181e00                alt_busy_sleep
 .text          0x0000000000181e88        0x4 ../barcode_bsp//libhal_bsp.a(alt_dcache_flush.o)
                0x0000000000181e88                alt_dcache_flush
 .text          0x0000000000181e8c        0x4 ../barcode_bsp//libhal_bsp.a(alt_dcache_flush_all.o)
                0x0000000000181e8c                alt_dcache_flush_all
 .text          0x0000000000181e90       0x6c ../barcode_bsp//libhal_bsp.a(alt_dev_llist_insert.o)
                0x0000000000181e90                alt_dev_llist_insert
 .text          0x0000000000181efc        0x0 ../barcode_bsp//libhal_bsp.a(alt_errno.o)
 .text          0x0000000000181efc       0x74 ../barcode_bsp//libhal_bsp.a(alt_find_dev.o)
                0x0000000000181efc                alt_find_dev
 .text          0x0000000000181f70        0x4 ../barcode_bsp//libhal_bsp.a(alt_icache_flush_all.o)
                0x0000000000181f70                alt_icache_flush_all
 .text          0x0000000000181f74       0x8c ../barcode_bsp//libhal_bsp.a(alt_iic.o)
                0x0000000000181f74                alt_ic_isr_register
                0x0000000000181f78                alt_ic_irq_enable
                0x0000000000181fb0                alt_ic_irq_disable
                0x0000000000181fe8                alt_ic_irq_enabled
 .text          0x0000000000182000       0x68 ../barcode_bsp//libhal_bsp.a(alt_iic_isr_register.o)
                0x0000000000182000                alt_iic_isr_register
 .text          0x0000000000182068        0x0 ../barcode_bsp//libhal_bsp.a(alt_irq_entry.o)
 .text          0x0000000000182068        0x0 ../barcode_bsp//libhal_bsp.a(alt_irq_handler.o)
 .text          0x0000000000182068        0x0 ../barcode_bsp//libhal_bsp.a(alt_irq_vars.o)
 .text          0x0000000000182068        0x8 ../barcode_bsp//libhal_bsp.a(altera_nios2_gen2_irq.o)
                0x0000000000182068                altera_nios2_gen2_irq_init
 .text          0x0000000000182070        0x0 ../barcode_bsp//libhal_bsp.a(alt_exception_entry.o)
 .text          0x0000000000182070        0x0 /home/luuk/intelFPGA_lite/18.1/nios2eds/bin/gnu/H-x86_64-pc-linux-gnu/bin/../lib/gcc/nios2-elf/5.3.0/../../../../../H-x86_64-pc-linux-gnu/nios2-elf/lib/mno-hw-mul/libsmallc.a(lib_a-memcmp.o)
 .text.memcmp   0x0000000000182070       0x30 /home/luuk/intelFPGA_lite/18.1/nios2eds/bin/gnu/H-x86_64-pc-linux-gnu/bin/../lib/gcc/nios2-elf/5.3.0/../../../../../H-x86_64-pc-linux-gnu/nios2-elf/lib/mno-hw-mul/libsmallc.a(lib_a-memcmp.o)
                0x0000000000182070                memcmp
 *(.gnu.warning.*)
 *(.fini)
                [!provide]                        PROVIDE (__etext, ABSOLUTE (.))
                [!provide]                        PROVIDE (_etext, ABSOLUTE (.))
                [!provide]                        PROVIDE (etext, ABSOLUTE (.))
 *(.eh_frame_hdr)
                0x00000000001820a0                . = ALIGN (0x4)
                [!provide]                        PROVIDE (__preinit_array_start, ABSOLUTE (.))
 *(.preinit_array)
                [!provide]                        PROVIDE (__preinit_array_end, ABSOLUTE (.))
                [!provide]                        PROVIDE (__init_array_start, ABSOLUTE (.))
 *(.init_array)
                [!provide]                        PROVIDE (__init_array_end, ABSOLUTE (.))
                [!provide]                        PROVIDE (__fini_array_start, ABSOLUTE (.))
 *(.fini_array)
                [!provide]                        PROVIDE (__fini_array_end, ABSOLUTE (.))
 *(.eh_frame)
 *(.gcc_except_table .gcc_except_table.*)
 *(.dynamic)
                [!provide]                        PROVIDE (__CTOR_LIST__, ABSOLUTE (.))
 *(.ctors)
 *(SORT(.ctors.*))
                [!provide]                        PROVIDE (__CTOR_END__, ABSOLUTE (.))
                [!provide]                        PROVIDE (__DTOR_LIST__, ABSOLUTE (.))
 *(.dtors)
 *(SORT(.dtors.*))
                [!provide]                        PROVIDE (__DTOR_END__, ABSOLUTE (.))
 *(.jcr)
                0x00000000001820a0                . = ALIGN (0x4)

.rodata         0x00000000001820a0      0x12c
                0x00000000001820a0                PROVIDE (__ram_rodata_start, ABSOLUTE (.))
                0x00000000001820a0                . = ALIGN (0x4)
 *(.rodata .rodata.* .gnu.linkonce.r.*)
 .rodata.str1.4
                0x00000000001820a0       0x33 obj/default/main.o
                                         0x37 (size before relaxing)
 *fill*         0x00000000001820d3        0x1 
 .rodata.str1.4
                0x00000000001820d4       0xf8 obj/default/network.o
                                         0xf5 (size before relaxing)
 .rodata.str1.4
                0x00000000001821cc       0x1e ../barcode_bsp//libhal_bsp.a(alt_sys_init.o)
 *(.rodata1)
                0x00000000001821ec                . = ALIGN (0x4)
                0x00000000001821ec                PROVIDE (__ram_rodata_end, ABSOLUTE (.))
                0x00000000001820a0                PROVIDE (__flash_rodata_start, LOADADDR (.rodata))

.rwdata         0x00000000001821cc      0x8bc load address 0x0000000000182a88
                0x00000000001821cc                PROVIDE (__ram_rwdata_start, ABSOLUTE (.))
                0x00000000001821cc                . = ALIGN (0x4)
 *(.got.plt)
 *(.got)
 *(.data1)
 *(.data .data.* .gnu.linkonce.d.*)
 .data          0x00000000001821cc        0x0 ../barcode_bsp//obj/HAL/src/crt0.o
 .data          0x00000000001821cc      0x360 obj/default/main.o
                0x00000000001821cc                charTemplate
 .data          0x000000000018252c      0x400 obj/default/network.o
                0x000000000018252c                tx_frame
 .data          0x000000000018292c        0x0 /home/luuk/intelFPGA_lite/18.1/nios2eds/bin/gnu/H-x86_64-pc-linux-gnu/bin/../lib/gcc/nios2-elf/5.3.0/../../../../../H-x86_64-pc-linux-gnu/nios2-elf/lib/mno-hw-mul/libsmallc.a(lib_a-memcpy.o)
 .data          0x000000000018292c        0x0 /home/luuk/intelFPGA_lite/18.1/nios2eds/bin/gnu/H-x86_64-pc-linux-gnu/bin/../lib/gcc/nios2-elf/5.3.0/../../../../../H-x86_64-pc-linux-gnu/nios2-elf/lib/mno-hw-mul/libsmallc.a(lib_a-printf.o)
 .data          0x000000000018292c        0x0 /home/luuk/intelFPGA_lite/18.1/nios2eds/bin/gnu/H-x86_64-pc-linux-gnu/bin/../lib/gcc/nios2-elf/5.3.0/../../../../../H-x86_64-pc-linux-gnu/nios2-elf/lib/mno-hw-mul/libsmallc.a(lib_a-putchar.o)
 .data          0x000000000018292c        0x0 /home/luuk/intelFPGA_lite/18.1/nios2eds/bin/gnu/H-x86_64-pc-linux-gnu/bin/../lib/gcc/nios2-elf/5.3.0/../../../../../H-x86_64-pc-linux-gnu/nios2-elf/lib/mno-hw-mul/libsmallc.a(lib_a-strlen.o)
 .data          0x000000000018292c        0x0 /home/luuk/intelFPGA_lite/18.1/nios2eds/bin/gnu/H-x86_64-pc-linux-gnu/bin/../lib/gcc/nios2-elf/5.3.0/../../../../../H-x86_64-pc-linux-gnu/nios2-elf/lib/mno-hw-mul/libsmallc.a(lib_a-vfprintf.o)
 .data          0x000000000018292c        0x0 /home/luuk/intelFPGA_lite/18.1/nios2eds/bin/gnu/H-x86_64-pc-linux-gnu/bin/../lib/gcc/nios2-elf/5.3.0/../../../../../H-x86_64-pc-linux-gnu/nios2-elf/lib/mno-hw-mul/libsmallc.a(lib_a-fvwrite_small_dev.o)
 .data          0x000000000018292c        0x0 /home/luuk/intelFPGA_lite/18.1/nios2eds/bin/gnu/H-x86_64-pc-linux-gnu/bin/../lib/gcc/nios2-elf/5.3.0/../../../../../H-x86_64-pc-linux-gnu/nios2-elf/lib/mno-hw-mul/libsmallc.a(lib_a-impure.o)
 .data.impure_data
                0x000000000018292c       0xe0 /home/luuk/intelFPGA_lite/18.1/nios2eds/bin/gnu/H-x86_64-pc-linux-gnu/bin/../lib/gcc/nios2-elf/5.3.0/../../../../../H-x86_64-pc-linux-gnu/nios2-elf/lib/mno-hw-mul/libsmallc.a(lib_a-impure.o)
 .data          0x0000000000182a0c        0x0 /home/luuk/intelFPGA_lite/18.1/nios2eds/bin/gnu/H-x86_64-pc-linux-gnu/bin/../lib/gcc/nios2-elf/5.3.0/../../../../../H-x86_64-pc-linux-gnu/nios2-elf/lib/mno-hw-mul/libsmallc.a(lib_a-putc.o)
 .data          0x0000000000182a0c        0x0 /home/luuk/intelFPGA_lite/18.1/nios2eds/bin/gnu/H-x86_64-pc-linux-gnu/bin/../lib/gcc/nios2-elf/5.3.0/../../../../../H-x86_64-pc-linux-gnu/nios2-elf/lib/mno-hw-mul/libsmallc.a(lib_a-writer.o)
 .data          0x0000000000182a0c        0x0 /home/luuk/intelFPGA_lite/18.1/nios2eds/bin/gnu/H-x86_64-pc-linux-gnu/bin/../lib/gcc/nios2-elf/5.3.0/../../../../../H-x86_64-pc-linux-gnu/nios2-elf/lib/mno-hw-mul/libsmallc.a(lib_a-int_errno.o)
 .data          0x0000000000182a0c        0x0 /home/luuk/intelFPGA_lite/18.1/nios2eds/bin/gnu/H-x86_64-pc-linux-gnu/bin/../lib/gcc/nios2-elf/5.3.0/mno-hw-mul/libgcc.a(lib2-divmod.o)
 .data          0x0000000000182a0c        0x0 /home/luuk/intelFPGA_lite/18.1/nios2eds/bin/gnu/H-x86_64-pc-linux-gnu/bin/../lib/gcc/nios2-elf/5.3.0/mno-hw-mul/libgcc.a(lib2-mul.o)
 .data          0x0000000000182a0c        0x0 ../barcode_bsp//libhal_bsp.a(alt_load.o)
 .data          0x0000000000182a0c        0x0 ../barcode_bsp//libhal_bsp.a(alt_main.o)
 .data          0x0000000000182a0c        0x0 ../barcode_bsp//libhal_bsp.a(alt_printf.o)
 .data          0x0000000000182a0c        0x0 ../barcode_bsp//libhal_bsp.a(alt_putchar.o)
 .data          0x0000000000182a0c        0x0 ../barcode_bsp//libhal_bsp.a(alt_usleep.o)
 .data          0x0000000000182a0c        0x0 ../barcode_bsp//libhal_bsp.a(alt_write.o)
 .data          0x0000000000182a0c       0x60 ../barcode_bsp//libhal_bsp.a(alt_sys_init.o)
 .data          0x0000000000182a6c        0x0 ../barcode_bsp//libhal_bsp.a(altera_avalon_jtag_uart_write.o)
 .data          0x0000000000182a6c        0x0 ../barcode_bsp//libhal_bsp.a(altera_avalon_sgdma.o)
 .data          0x0000000000182a6c        0x0 ../barcode_bsp//libhal_bsp.a(alt_busy_sleep.o)
 .data          0x0000000000182a6c        0x0 ../barcode_bsp//libhal_bsp.a(alt_dcache_flush.o)
 .data          0x0000000000182a6c        0x0 ../barcode_bsp//libhal_bsp.a(alt_dcache_flush_all.o)
 .data          0x0000000000182a6c        0x0 ../barcode_bsp//libhal_bsp.a(alt_dev_llist_insert.o)
 .data          0x0000000000182a6c        0x0 ../barcode_bsp//libhal_bsp.a(alt_errno.o)
 .data          0x0000000000182a6c        0x0 ../barcode_bsp//libhal_bsp.a(alt_find_dev.o)
 .data          0x0000000000182a6c        0x0 ../barcode_bsp//libhal_bsp.a(alt_icache_flush_all.o)
 .data          0x0000000000182a6c        0x0 ../barcode_bsp//libhal_bsp.a(alt_iic.o)
 .data          0x0000000000182a6c        0x0 ../barcode_bsp//libhal_bsp.a(alt_iic_isr_register.o)
 .data          0x0000000000182a6c        0x0 ../barcode_bsp//libhal_bsp.a(alt_irq_entry.o)
 .data          0x0000000000182a6c        0x0 ../barcode_bsp//libhal_bsp.a(alt_irq_handler.o)
 .data          0x0000000000182a6c        0x0 ../barcode_bsp//libhal_bsp.a(alt_irq_vars.o)
 .data          0x0000000000182a6c        0x0 ../barcode_bsp//libhal_bsp.a(altera_nios2_gen2_irq.o)
 .data          0x0000000000182a6c        0x0 ../barcode_bsp//libhal_bsp.a(alt_exception_entry.o)
 .data          0x0000000000182a6c        0x0 /home/luuk/intelFPGA_lite/18.1/nios2eds/bin/gnu/H-x86_64-pc-linux-gnu/bin/../lib/gcc/nios2-elf/5.3.0/../../../../../H-x86_64-pc-linux-gnu/nios2-elf/lib/mno-hw-mul/libsmallc.a(lib_a-memcmp.o)
                0x000000000018aa6c                _gp = ABSOLUTE ((. + 0x8000))
                [!provide]                        PROVIDE (gp, _gp)
 *(.rwdata .rwdata.*)
 *(.sdata .sdata.* .gnu.linkonce.s.*)
 .sdata._global_impure_ptr
                0x0000000000182a6c        0x4 /home/luuk/intelFPGA_lite/18.1/nios2eds/bin/gnu/H-x86_64-pc-linux-gnu/bin/../lib/gcc/nios2-elf/5.3.0/../../../../../H-x86_64-pc-linux-gnu/nios2-elf/lib/mno-hw-mul/libsmallc.a(lib_a-impure.o)
                0x0000000000182a6c                _global_impure_ptr
 .sdata._impure_ptr
                0x0000000000182a70        0x4 /home/luuk/intelFPGA_lite/18.1/nios2eds/bin/gnu/H-x86_64-pc-linux-gnu/bin/../lib/gcc/nios2-elf/5.3.0/../../../../../H-x86_64-pc-linux-gnu/nios2-elf/lib/mno-hw-mul/libsmallc.a(lib_a-impure.o)
                0x0000000000182a70                _impure_ptr
 .sdata         0x0000000000182a74        0x4 ../barcode_bsp//libhal_bsp.a(alt_sys_init.o)
                0x0000000000182a74                jtag_uart
 .sdata         0x0000000000182a78        0x8 ../barcode_bsp//libhal_bsp.a(altera_avalon_sgdma.o)
                0x0000000000182a78                alt_sgdma_list
 .sdata         0x0000000000182a80        0x4 ../barcode_bsp//libhal_bsp.a(alt_errno.o)
                0x0000000000182a80                alt_errno
 .sdata         0x0000000000182a84        0x4 ../barcode_bsp//libhal_bsp.a(alt_irq_vars.o)
                0x0000000000182a84                alt_priority_mask
 *(.sdata2 .sdata2.* .gnu.linkonce.s2.*)
                0x0000000000182a88                . = ALIGN (0x4)
                0x0000000000182a88                _edata = ABSOLUTE (.)
                [!provide]                        PROVIDE (edata, ABSOLUTE (.))
                0x0000000000182a88                PROVIDE (__ram_rwdata_end, ABSOLUTE (.))
                0x0000000000182a88                PROVIDE (__flash_rwdata_start, LOADADDR (.rwdata))

.bss            0x0000000000183344      0x628
                0x0000000000183344                __bss_start = ABSOLUTE (.)
                [!provide]                        PROVIDE (__sbss_start, ABSOLUTE (.))
                [!provide]                        PROVIDE (___sbss_start, ABSOLUTE (.))
 *(.dynsbss)
 *(.sbss .sbss.* .gnu.linkonce.sb.*)
 .sbss          0x0000000000183344        0x8 obj/default/main.o
                0x0000000000183344                actualCount
                0x0000000000183348                barwidth
 .sbss          0x000000000018334c        0xc obj/default/network.o
                0x000000000018334c                sgdma_tx_dev
                0x0000000000183350                text_length
                0x0000000000183354                sgdma_rx_dev
 .sbss          0x0000000000183358        0x4 /home/luuk/intelFPGA_lite/18.1/nios2eds/bin/gnu/H-x86_64-pc-linux-gnu/bin/../lib/gcc/nios2-elf/5.3.0/../../../../../H-x86_64-pc-linux-gnu/nios2-elf/lib/mno-hw-mul/libsmallc.a(lib_a-int_errno.o)
                0x0000000000183358                errno
 .sbss          0x000000000018335c        0xc ../barcode_bsp//libhal_bsp.a(alt_main.o)
                0x000000000018335c                alt_envp
                0x0000000000183360                alt_argv
                0x0000000000183364                alt_argc
 .sbss          0x0000000000183368        0x4 ../barcode_bsp//libhal_bsp.a(alt_irq_vars.o)
                0x0000000000183368                alt_irq_active
 *(.sbss2 .sbss2.* .gnu.linkonce.sb2.*)
 *(.scommon)
                [!provide]                        PROVIDE (__sbss_end, ABSOLUTE (.))
                [!provide]                        PROVIDE (___sbss_end, ABSOLUTE (.))
 *(.dynbss)
 *(.bss .bss.* .gnu.linkonce.b.*)
 .bss           0x000000000018336c        0x0 ../barcode_bsp//obj/HAL/src/crt0.o
 .bss           0x000000000018336c      0x100 obj/default/main.o
                0x000000000018336c                charcode
 .bss           0x000000000018346c      0x400 obj/default/network.o
                0x000000000018346c                rx_frame
 .bss           0x000000000018386c        0x0 /home/luuk/intelFPGA_lite/18.1/nios2eds/bin/gnu/H-x86_64-pc-linux-gnu/bin/../lib/gcc/nios2-elf/5.3.0/../../../../../H-x86_64-pc-linux-gnu/nios2-elf/lib/mno-hw-mul/libsmallc.a(lib_a-memcpy.o)
 .bss           0x000000000018386c        0x0 /home/luuk/intelFPGA_lite/18.1/nios2eds/bin/gnu/H-x86_64-pc-linux-gnu/bin/../lib/gcc/nios2-elf/5.3.0/../../../../../H-x86_64-pc-linux-gnu/nios2-elf/lib/mno-hw-mul/libsmallc.a(lib_a-printf.o)
 .bss           0x000000000018386c        0x0 /home/luuk/intelFPGA_lite/18.1/nios2eds/bin/gnu/H-x86_64-pc-linux-gnu/bin/../lib/gcc/nios2-elf/5.3.0/../../../../../H-x86_64-pc-linux-gnu/nios2-elf/lib/mno-hw-mul/libsmallc.a(lib_a-putchar.o)
 .bss           0x000000000018386c        0x0 /home/luuk/intelFPGA_lite/18.1/nios2eds/bin/gnu/H-x86_64-pc-linux-gnu/bin/../lib/gcc/nios2-elf/5.3.0/../../../../../H-x86_64-pc-linux-gnu/nios2-elf/lib/mno-hw-mul/libsmallc.a(lib_a-strlen.o)
 .bss           0x000000000018386c        0x0 /home/luuk/intelFPGA_lite/18.1/nios2eds/bin/gnu/H-x86_64-pc-linux-gnu/bin/../lib/gcc/nios2-elf/5.3.0/../../../../../H-x86_64-pc-linux-gnu/nios2-elf/lib/mno-hw-mul/libsmallc.a(lib_a-vfprintf.o)
 .bss           0x000000000018386c        0x0 /home/luuk/intelFPGA_lite/18.1/nios2eds/bin/gnu/H-x86_64-pc-linux-gnu/bin/../lib/gcc/nios2-elf/5.3.0/../../../../../H-x86_64-pc-linux-gnu/nios2-elf/lib/mno-hw-mul/libsmallc.a(lib_a-fvwrite_small_dev.o)
 .bss           0x000000000018386c        0x0 /home/luuk/intelFPGA_lite/18.1/nios2eds/bin/gnu/H-x86_64-pc-linux-gnu/bin/../lib/gcc/nios2-elf/5.3.0/../../../../../H-x86_64-pc-linux-gnu/nios2-elf/lib/mno-hw-mul/libsmallc.a(lib_a-impure.o)
 .bss           0x000000000018386c        0x0 /home/luuk/intelFPGA_lite/18.1/nios2eds/bin/gnu/H-x86_64-pc-linux-gnu/bin/../lib/gcc/nios2-elf/5.3.0/../../../../../H-x86_64-pc-linux-gnu/nios2-elf/lib/mno-hw-mul/libsmallc.a(lib_a-putc.o)
 .bss           0x000000000018386c        0x0 /home/luuk/intelFPGA_lite/18.1/nios2eds/bin/gnu/H-x86_64-pc-linux-gnu/bin/../lib/gcc/nios2-elf/5.3.0/../../../../../H-x86_64-pc-linux-gnu/nios2-elf/lib/mno-hw-mul/libsmallc.a(lib_a-writer.o)
 .bss           0x000000000018386c        0x0 /home/luuk/intelFPGA_lite/18.1/nios2eds/bin/gnu/H-x86_64-pc-linux-gnu/bin/../lib/gcc/nios2-elf/5.3.0/../../../../../H-x86_64-pc-linux-gnu/nios2-elf/lib/mno-hw-mul/libsmallc.a(lib_a-int_errno.o)
 .bss           0x000000000018386c        0x0 /home/luuk/intelFPGA_lite/18.1/nios2eds/bin/gnu/H-x86_64-pc-linux-gnu/bin/../lib/gcc/nios2-elf/5.3.0/mno-hw-mul/libgcc.a(lib2-divmod.o)
 .bss           0x000000000018386c        0x0 /home/luuk/intelFPGA_lite/18.1/nios2eds/bin/gnu/H-x86_64-pc-linux-gnu/bin/../lib/gcc/nios2-elf/5.3.0/mno-hw-mul/libgcc.a(lib2-mul.o)
 .bss           0x000000000018386c        0x0 ../barcode_bsp//libhal_bsp.a(alt_load.o)
 .bss           0x000000000018386c        0x0 ../barcode_bsp//libhal_bsp.a(alt_main.o)
 .bss           0x000000000018386c        0x0 ../barcode_bsp//libhal_bsp.a(alt_printf.o)
 .bss           0x000000000018386c        0x0 ../barcode_bsp//libhal_bsp.a(alt_putchar.o)
 .bss           0x000000000018386c        0x0 ../barcode_bsp//libhal_bsp.a(alt_usleep.o)
 .bss           0x000000000018386c        0x0 ../barcode_bsp//libhal_bsp.a(alt_write.o)
 .bss           0x000000000018386c        0x0 ../barcode_bsp//libhal_bsp.a(alt_sys_init.o)
 .bss           0x000000000018386c        0x0 ../barcode_bsp//libhal_bsp.a(altera_avalon_jtag_uart_write.o)
 .bss           0x000000000018386c        0x0 ../barcode_bsp//libhal_bsp.a(altera_avalon_sgdma.o)
 .bss           0x000000000018386c        0x0 ../barcode_bsp//libhal_bsp.a(alt_busy_sleep.o)
 .bss           0x000000000018386c        0x0 ../barcode_bsp//libhal_bsp.a(alt_dcache_flush.o)
 .bss           0x000000000018386c        0x0 ../barcode_bsp//libhal_bsp.a(alt_dcache_flush_all.o)
 .bss           0x000000000018386c        0x0 ../barcode_bsp//libhal_bsp.a(alt_dev_llist_insert.o)
 .bss           0x000000000018386c        0x0 ../barcode_bsp//libhal_bsp.a(alt_errno.o)
 .bss           0x000000000018386c        0x0 ../barcode_bsp//libhal_bsp.a(alt_find_dev.o)
 .bss           0x000000000018386c        0x0 ../barcode_bsp//libhal_bsp.a(alt_icache_flush_all.o)
 .bss           0x000000000018386c        0x0 ../barcode_bsp//libhal_bsp.a(alt_iic.o)
 .bss           0x000000000018386c        0x0 ../barcode_bsp//libhal_bsp.a(alt_iic_isr_register.o)
 .bss           0x000000000018386c        0x0 ../barcode_bsp//libhal_bsp.a(alt_irq_entry.o)
 .bss           0x000000000018386c        0x0 ../barcode_bsp//libhal_bsp.a(alt_irq_handler.o)
 .bss           0x000000000018386c        0x0 ../barcode_bsp//libhal_bsp.a(alt_irq_vars.o)
 .bss           0x000000000018386c        0x0 ../barcode_bsp//libhal_bsp.a(altera_nios2_gen2_irq.o)
 .bss           0x000000000018386c        0x0 ../barcode_bsp//libhal_bsp.a(alt_exception_entry.o)
 .bss           0x000000000018386c        0x0 /home/luuk/intelFPGA_lite/18.1/nios2eds/bin/gnu/H-x86_64-pc-linux-gnu/bin/../lib/gcc/nios2-elf/5.3.0/../../../../../H-x86_64-pc-linux-gnu/nios2-elf/lib/mno-hw-mul/libsmallc.a(lib_a-memcmp.o)
 *(COMMON)
 COMMON         0x000000000018386c      0x100 ../barcode_bsp//libhal_bsp.a(alt_irq_handler.o)
                0x000000000018386c                alt_irq
                0x000000000018396c                . = ALIGN (0x4)
                0x000000000018396c                __bss_end = ABSOLUTE (.)

.VideoRAM       0x0000000000000000        0x0 load address 0x000000000018396c
                [!provide]                        PROVIDE (_alt_partition_VideoRAM_start, ABSOLUTE (.))
 *(.VideoRAM .VideoRAM. VideoRAM.*)
                0x0000000000000000                . = ALIGN (0x4)
                [!provide]                        PROVIDE (_alt_partition_VideoRAM_end, ABSOLUTE (.))
                [!provide]                        PROVIDE (_alt_partition_VideoRAM_load_addr, LOADADDR (.VideoRAM))

.descriptor_memory
                0x0000000000008000       0x80 load address 0x000000000018396c
                [!provide]                        PROVIDE (_alt_partition_descriptor_memory_start, ABSOLUTE (.))
 *(.descriptor_memory .descriptor_memory. descriptor_memory.*)
 .descriptor_memory
                0x0000000000008000       0x80 obj/default/network.o
                0x0000000000008000                rx_descriptor_end
                0x0000000000008020                rx_descriptor
                0x0000000000008040                tx_descriptor_end
                0x0000000000008060                tx_descriptor
                0x0000000000008080                . = ALIGN (0x4)
                [!provide]                        PROVIDE (_alt_partition_descriptor_memory_end, ABSOLUTE (.))
                [!provide]                        PROVIDE (_alt_partition_descriptor_memory_load_addr, LOADADDR (.descriptor_memory))

.onchip_memory  0x00000000001839ec        0x0
                [!provide]                        PROVIDE (_alt_partition_onchip_memory_start, ABSOLUTE (.))
 *(.onchip_memory .onchip_memory. onchip_memory.*)
                0x00000000001839ec                . = ALIGN (0x4)
                [!provide]                        PROVIDE (_alt_partition_onchip_memory_end, ABSOLUTE (.))
                0x00000000001839ec                _end = ABSOLUTE (.)
                0x00000000001839ec                end = ABSOLUTE (.)
                0x00000000001839ec                __alt_stack_base = ABSOLUTE (.)
                [!provide]                        PROVIDE (_alt_partition_onchip_memory_load_addr, LOADADDR (.onchip_memory))

.stab
 *(.stab)

.stabstr
 *(.stabstr)

.stab.excl
 *(.stab.excl)

.stab.exclstr
 *(.stab.exclstr)

.stab.index
 *(.stab.index)

.stab.indexstr
 *(.stab.indexstr)

.comment        0x0000000000000000       0x23
 *(.comment)
 .comment       0x0000000000000000       0x23 obj/default/main.o
                                         0x24 (size before relaxing)
 .comment       0x0000000000000023       0x24 obj/default/network.o
 .comment       0x0000000000000023       0x24 /home/luuk/intelFPGA_lite/18.1/nios2eds/bin/gnu/H-x86_64-pc-linux-gnu/bin/../lib/gcc/nios2-elf/5.3.0/../../../../../H-x86_64-pc-linux-gnu/nios2-elf/lib/mno-hw-mul/libsmallc.a(lib_a-memcpy.o)
 .comment       0x0000000000000023       0x24 /home/luuk/intelFPGA_lite/18.1/nios2eds/bin/gnu/H-x86_64-pc-linux-gnu/bin/../lib/gcc/nios2-elf/5.3.0/../../../../../H-x86_64-pc-linux-gnu/nios2-elf/lib/mno-hw-mul/libsmallc.a(lib_a-printf.o)
 .comment       0x0000000000000023       0x24 /home/luuk/intelFPGA_lite/18.1/nios2eds/bin/gnu/H-x86_64-pc-linux-gnu/bin/../lib/gcc/nios2-elf/5.3.0/../../../../../H-x86_64-pc-linux-gnu/nios2-elf/lib/mno-hw-mul/libsmallc.a(lib_a-putchar.o)
 .comment       0x0000000000000023       0x24 /home/luuk/intelFPGA_lite/18.1/nios2eds/bin/gnu/H-x86_64-pc-linux-gnu/bin/../lib/gcc/nios2-elf/5.3.0/../../../../../H-x86_64-pc-linux-gnu/nios2-elf/lib/mno-hw-mul/libsmallc.a(lib_a-strlen.o)
 .comment       0x0000000000000023       0x24 /home/luuk/intelFPGA_lite/18.1/nios2eds/bin/gnu/H-x86_64-pc-linux-gnu/bin/../lib/gcc/nios2-elf/5.3.0/../../../../../H-x86_64-pc-linux-gnu/nios2-elf/lib/mno-hw-mul/libsmallc.a(lib_a-vfprintf.o)
 .comment       0x0000000000000023       0x24 /home/luuk/intelFPGA_lite/18.1/nios2eds/bin/gnu/H-x86_64-pc-linux-gnu/bin/../lib/gcc/nios2-elf/5.3.0/../../../../../H-x86_64-pc-linux-gnu/nios2-elf/lib/mno-hw-mul/libsmallc.a(lib_a-fvwrite_small_dev.o)
 .comment       0x0000000000000023       0x24 /home/luuk/intelFPGA_lite/18.1/nios2eds/bin/gnu/H-x86_64-pc-linux-gnu/bin/../lib/gcc/nios2-elf/5.3.0/../../../../../H-x86_64-pc-linux-gnu/nios2-elf/lib/mno-hw-mul/libsmallc.a(lib_a-impure.o)
 .comment       0x0000000000000023       0x24 /home/luuk/intelFPGA_lite/18.1/nios2eds/bin/gnu/H-x86_64-pc-linux-gnu/bin/../lib/gcc/nios2-elf/5.3.0/../../../../../H-x86_64-pc-linux-gnu/nios2-elf/lib/mno-hw-mul/libsmallc.a(lib_a-putc.o)
 .comment       0x0000000000000023       0x24 /home/luuk/intelFPGA_lite/18.1/nios2eds/bin/gnu/H-x86_64-pc-linux-gnu/bin/../lib/gcc/nios2-elf/5.3.0/../../../../../H-x86_64-pc-linux-gnu/nios2-elf/lib/mno-hw-mul/libsmallc.a(lib_a-writer.o)
 .comment       0x0000000000000023       0x24 /home/luuk/intelFPGA_lite/18.1/nios2eds/bin/gnu/H-x86_64-pc-linux-gnu/bin/../lib/gcc/nios2-elf/5.3.0/../../../../../H-x86_64-pc-linux-gnu/nios2-elf/lib/mno-hw-mul/libsmallc.a(lib_a-int_errno.o)
 .comment       0x0000000000000023       0x24 /home/luuk/intelFPGA_lite/18.1/nios2eds/bin/gnu/H-x86_64-pc-linux-gnu/bin/../lib/gcc/nios2-elf/5.3.0/mno-hw-mul/libgcc.a(lib2-divmod.o)
 .comment       0x0000000000000023       0x24 /home/luuk/intelFPGA_lite/18.1/nios2eds/bin/gnu/H-x86_64-pc-linux-gnu/bin/../lib/gcc/nios2-elf/5.3.0/mno-hw-mul/libgcc.a(lib2-mul.o)
 .comment       0x0000000000000023       0x24 ../barcode_bsp//libhal_bsp.a(alt_load.o)
 .comment       0x0000000000000023       0x24 ../barcode_bsp//libhal_bsp.a(alt_main.o)
 .comment       0x0000000000000023       0x24 ../barcode_bsp//libhal_bsp.a(alt_printf.o)
 .comment       0x0000000000000023       0x24 ../barcode_bsp//libhal_bsp.a(alt_putchar.o)
 .comment       0x0000000000000023       0x24 ../barcode_bsp//libhal_bsp.a(alt_usleep.o)
 .comment       0x0000000000000023       0x24 ../barcode_bsp//libhal_bsp.a(alt_write.o)
 .comment       0x0000000000000023       0x24 ../barcode_bsp//libhal_bsp.a(alt_sys_init.o)
 .comment       0x0000000000000023       0x24 ../barcode_bsp//libhal_bsp.a(altera_avalon_jtag_uart_write.o)
 .comment       0x0000000000000023       0x24 ../barcode_bsp//libhal_bsp.a(altera_avalon_sgdma.o)
 .comment       0x0000000000000023       0x24 ../barcode_bsp//libhal_bsp.a(alt_busy_sleep.o)
 .comment       0x0000000000000023       0x24 ../barcode_bsp//libhal_bsp.a(alt_dcache_flush.o)
 .comment       0x0000000000000023       0x24 ../barcode_bsp//libhal_bsp.a(alt_dcache_flush_all.o)
 .comment       0x0000000000000023       0x24 ../barcode_bsp//libhal_bsp.a(alt_dev_llist_insert.o)
 .comment       0x0000000000000023       0x24 ../barcode_bsp//libhal_bsp.a(alt_errno.o)
 .comment       0x0000000000000023       0x24 ../barcode_bsp//libhal_bsp.a(alt_find_dev.o)
 .comment       0x0000000000000023       0x24 ../barcode_bsp//libhal_bsp.a(alt_icache_flush_all.o)
 .comment       0x0000000000000023       0x24 ../barcode_bsp//libhal_bsp.a(alt_iic.o)
 .comment       0x0000000000000023       0x24 ../barcode_bsp//libhal_bsp.a(alt_iic_isr_register.o)
 .comment       0x0000000000000023       0x24 ../barcode_bsp//libhal_bsp.a(alt_irq_handler.o)
 .comment       0x0000000000000023       0x24 ../barcode_bsp//libhal_bsp.a(alt_irq_vars.o)
 .comment       0x0000000000000023       0x24 ../barcode_bsp//libhal_bsp.a(altera_nios2_gen2_irq.o)
 .comment       0x0000000000000023       0x24 /home/luuk/intelFPGA_lite/18.1/nios2eds/bin/gnu/H-x86_64-pc-linux-gnu/bin/../lib/gcc/nios2-elf/5.3.0/../../../../../H-x86_64-pc-linux-gnu/nios2-elf/lib/mno-hw-mul/libsmallc.a(lib_a-memcmp.o)

.debug
 *(.debug)

.line
 *(.line)

.debug_srcinfo
 *(.debug_srcinfo)

.debug_sfnames
 *(.debug_sfnames)

.debug_aranges  0x0000000000000000      0x520
 *(.debug_aranges)
 .debug_aranges
                0x0000000000000000       0x28 ../barcode_bsp//obj/HAL/src/crt0.o
 .debug_aranges
                0x0000000000000028       0x28 obj/default/main.o
 .debug_aranges
                0x0000000000000050       0x20 obj/default/network.o
 .debug_aranges
                0x0000000000000070       0x20 /home/luuk/intelFPGA_lite/18.1/nios2eds/bin/gnu/H-x86_64-pc-linux-gnu/bin/../lib/gcc/nios2-elf/5.3.0/../../../../../H-x86_64-pc-linux-gnu/nios2-elf/lib/mno-hw-mul/libsmallc.a(lib_a-memcpy.o)
 .debug_aranges
                0x0000000000000090       0x28 /home/luuk/intelFPGA_lite/18.1/nios2eds/bin/gnu/H-x86_64-pc-linux-gnu/bin/../lib/gcc/nios2-elf/5.3.0/../../../../../H-x86_64-pc-linux-gnu/nios2-elf/lib/mno-hw-mul/libsmallc.a(lib_a-printf.o)
 .debug_aranges
                0x00000000000000b8       0x28 /home/luuk/intelFPGA_lite/18.1/nios2eds/bin/gnu/H-x86_64-pc-linux-gnu/bin/../lib/gcc/nios2-elf/5.3.0/../../../../../H-x86_64-pc-linux-gnu/nios2-elf/lib/mno-hw-mul/libsmallc.a(lib_a-putchar.o)
 .debug_aranges
                0x00000000000000e0       0x20 /home/luuk/intelFPGA_lite/18.1/nios2eds/bin/gnu/H-x86_64-pc-linux-gnu/bin/../lib/gcc/nios2-elf/5.3.0/../../../../../H-x86_64-pc-linux-gnu/nios2-elf/lib/mno-hw-mul/libsmallc.a(lib_a-strlen.o)
 .debug_aranges
                0x0000000000000100       0x30 /home/luuk/intelFPGA_lite/18.1/nios2eds/bin/gnu/H-x86_64-pc-linux-gnu/bin/../lib/gcc/nios2-elf/5.3.0/../../../../../H-x86_64-pc-linux-gnu/nios2-elf/lib/mno-hw-mul/libsmallc.a(lib_a-vfprintf.o)
 .debug_aranges
                0x0000000000000130       0x20 /home/luuk/intelFPGA_lite/18.1/nios2eds/bin/gnu/H-x86_64-pc-linux-gnu/bin/../lib/gcc/nios2-elf/5.3.0/../../../../../H-x86_64-pc-linux-gnu/nios2-elf/lib/mno-hw-mul/libsmallc.a(lib_a-fvwrite_small_dev.o)
 .debug_aranges
                0x0000000000000150       0x18 /home/luuk/intelFPGA_lite/18.1/nios2eds/bin/gnu/H-x86_64-pc-linux-gnu/bin/../lib/gcc/nios2-elf/5.3.0/../../../../../H-x86_64-pc-linux-gnu/nios2-elf/lib/mno-hw-mul/libsmallc.a(lib_a-impure.o)
 .debug_aranges
                0x0000000000000168       0x28 /home/luuk/intelFPGA_lite/18.1/nios2eds/bin/gnu/H-x86_64-pc-linux-gnu/bin/../lib/gcc/nios2-elf/5.3.0/../../../../../H-x86_64-pc-linux-gnu/nios2-elf/lib/mno-hw-mul/libsmallc.a(lib_a-putc.o)
 .debug_aranges
                0x0000000000000190       0x20 /home/luuk/intelFPGA_lite/18.1/nios2eds/bin/gnu/H-x86_64-pc-linux-gnu/bin/../lib/gcc/nios2-elf/5.3.0/../../../../../H-x86_64-pc-linux-gnu/nios2-elf/lib/mno-hw-mul/libsmallc.a(lib_a-writer.o)
 .debug_aranges
                0x00000000000001b0       0x18 /home/luuk/intelFPGA_lite/18.1/nios2eds/bin/gnu/H-x86_64-pc-linux-gnu/bin/../lib/gcc/nios2-elf/5.3.0/../../../../../H-x86_64-pc-linux-gnu/nios2-elf/lib/mno-hw-mul/libsmallc.a(lib_a-int_errno.o)
 .debug_aranges
                0x00000000000001c8       0x20 /home/luuk/intelFPGA_lite/18.1/nios2eds/bin/gnu/H-x86_64-pc-linux-gnu/bin/../lib/gcc/nios2-elf/5.3.0/mno-hw-mul/libgcc.a(lib2-divmod.o)
 .debug_aranges
                0x00000000000001e8       0x20 /home/luuk/intelFPGA_lite/18.1/nios2eds/bin/gnu/H-x86_64-pc-linux-gnu/bin/../lib/gcc/nios2-elf/5.3.0/mno-hw-mul/libgcc.a(lib2-mul.o)
 .debug_aranges
                0x0000000000000208       0x20 ../barcode_bsp//libhal_bsp.a(alt_load.o)
 .debug_aranges
                0x0000000000000228       0x20 ../barcode_bsp//libhal_bsp.a(alt_main.o)
 .debug_aranges
                0x0000000000000248       0x20 ../barcode_bsp//libhal_bsp.a(alt_printf.o)
 .debug_aranges
                0x0000000000000268       0x20 ../barcode_bsp//libhal_bsp.a(alt_putchar.o)
 .debug_aranges
                0x0000000000000288       0x20 ../barcode_bsp//libhal_bsp.a(alt_usleep.o)
 .debug_aranges
                0x00000000000002a8       0x20 ../barcode_bsp//libhal_bsp.a(alt_write.o)
 .debug_aranges
                0x00000000000002c8       0x20 ../barcode_bsp//libhal_bsp.a(alt_sys_init.o)
 .debug_aranges
                0x00000000000002e8       0x20 ../barcode_bsp//libhal_bsp.a(altera_avalon_jtag_uart_write.o)
 .debug_aranges
                0x0000000000000308       0x20 ../barcode_bsp//libhal_bsp.a(altera_avalon_sgdma.o)
 .debug_aranges
                0x0000000000000328       0x20 ../barcode_bsp//libhal_bsp.a(alt_busy_sleep.o)
 .debug_aranges
                0x0000000000000348       0x20 ../barcode_bsp//libhal_bsp.a(alt_dcache_flush.o)
 .debug_aranges
                0x0000000000000368       0x20 ../barcode_bsp//libhal_bsp.a(alt_dcache_flush_all.o)
 .debug_aranges
                0x0000000000000388       0x20 ../barcode_bsp//libhal_bsp.a(alt_dev_llist_insert.o)
 .debug_aranges
                0x00000000000003a8       0x18 ../barcode_bsp//libhal_bsp.a(alt_errno.o)
 .debug_aranges
                0x00000000000003c0       0x20 ../barcode_bsp//libhal_bsp.a(alt_find_dev.o)
 .debug_aranges
                0x00000000000003e0       0x20 ../barcode_bsp//libhal_bsp.a(alt_icache_flush_all.o)
 .debug_aranges
                0x0000000000000400       0x20 ../barcode_bsp//libhal_bsp.a(alt_iic.o)
 .debug_aranges
                0x0000000000000420       0x20 ../barcode_bsp//libhal_bsp.a(alt_iic_isr_register.o)
 .debug_aranges
                0x0000000000000440       0x30 ../barcode_bsp//libhal_bsp.a(alt_irq_entry.o)
 .debug_aranges
                0x0000000000000470       0x20 ../barcode_bsp//libhal_bsp.a(alt_irq_handler.o)
 .debug_aranges
                0x0000000000000490       0x18 ../barcode_bsp//libhal_bsp.a(alt_irq_vars.o)
 .debug_aranges
                0x00000000000004a8       0x20 ../barcode_bsp//libhal_bsp.a(altera_nios2_gen2_irq.o)
 .debug_aranges
                0x00000000000004c8       0x38 ../barcode_bsp//libhal_bsp.a(alt_exception_entry.o)
 .debug_aranges
                0x0000000000000500       0x20 /home/luuk/intelFPGA_lite/18.1/nios2eds/bin/gnu/H-x86_64-pc-linux-gnu/bin/../lib/gcc/nios2-elf/5.3.0/../../../../../H-x86_64-pc-linux-gnu/nios2-elf/lib/mno-hw-mul/libsmallc.a(lib_a-memcmp.o)

.debug_pubnames
 *(.debug_pubnames)

.debug_info     0x0000000000000000     0x7071
 *(.debug_info .gnu.linkonce.wi.*)
 .debug_info    0x0000000000000000       0x68 ../barcode_bsp//obj/HAL/src/crt0.o
 .debug_info    0x0000000000000068      0x52a obj/default/main.o
 .debug_info    0x0000000000000592      0x6fe obj/default/network.o
 .debug_info    0x0000000000000c90      0x119 /home/luuk/intelFPGA_lite/18.1/nios2eds/bin/gnu/H-x86_64-pc-linux-gnu/bin/../lib/gcc/nios2-elf/5.3.0/../../../../../H-x86_64-pc-linux-gnu/nios2-elf/lib/mno-hw-mul/libsmallc.a(lib_a-memcpy.o)
 .debug_info    0x0000000000000da9      0x699 /home/luuk/intelFPGA_lite/18.1/nios2eds/bin/gnu/H-x86_64-pc-linux-gnu/bin/../lib/gcc/nios2-elf/5.3.0/../../../../../H-x86_64-pc-linux-gnu/nios2-elf/lib/mno-hw-mul/libsmallc.a(lib_a-printf.o)
 .debug_info    0x0000000000001442      0x62a /home/luuk/intelFPGA_lite/18.1/nios2eds/bin/gnu/H-x86_64-pc-linux-gnu/bin/../lib/gcc/nios2-elf/5.3.0/../../../../../H-x86_64-pc-linux-gnu/nios2-elf/lib/mno-hw-mul/libsmallc.a(lib_a-putchar.o)
 .debug_info    0x0000000000001a6c       0xc9 /home/luuk/intelFPGA_lite/18.1/nios2eds/bin/gnu/H-x86_64-pc-linux-gnu/bin/../lib/gcc/nios2-elf/5.3.0/../../../../../H-x86_64-pc-linux-gnu/nios2-elf/lib/mno-hw-mul/libsmallc.a(lib_a-strlen.o)
 .debug_info    0x0000000000001b35      0xb2b /home/luuk/intelFPGA_lite/18.1/nios2eds/bin/gnu/H-x86_64-pc-linux-gnu/bin/../lib/gcc/nios2-elf/5.3.0/../../../../../H-x86_64-pc-linux-gnu/nios2-elf/lib/mno-hw-mul/libsmallc.a(lib_a-vfprintf.o)
 .debug_info    0x0000000000002660      0x62b /home/luuk/intelFPGA_lite/18.1/nios2eds/bin/gnu/H-x86_64-pc-linux-gnu/bin/../lib/gcc/nios2-elf/5.3.0/../../../../../H-x86_64-pc-linux-gnu/nios2-elf/lib/mno-hw-mul/libsmallc.a(lib_a-fvwrite_small_dev.o)
 .debug_info    0x0000000000002c8b      0x5a9 /home/luuk/intelFPGA_lite/18.1/nios2eds/bin/gnu/H-x86_64-pc-linux-gnu/bin/../lib/gcc/nios2-elf/5.3.0/../../../../../H-x86_64-pc-linux-gnu/nios2-elf/lib/mno-hw-mul/libsmallc.a(lib_a-impure.o)
 .debug_info    0x0000000000003234      0x672 /home/luuk/intelFPGA_lite/18.1/nios2eds/bin/gnu/H-x86_64-pc-linux-gnu/bin/../lib/gcc/nios2-elf/5.3.0/../../../../../H-x86_64-pc-linux-gnu/nios2-elf/lib/mno-hw-mul/libsmallc.a(lib_a-putc.o)
 .debug_info    0x00000000000038a6      0x630 /home/luuk/intelFPGA_lite/18.1/nios2eds/bin/gnu/H-x86_64-pc-linux-gnu/bin/../lib/gcc/nios2-elf/5.3.0/../../../../../H-x86_64-pc-linux-gnu/nios2-elf/lib/mno-hw-mul/libsmallc.a(lib_a-writer.o)
 .debug_info    0x0000000000003ed6       0x8a /home/luuk/intelFPGA_lite/18.1/nios2eds/bin/gnu/H-x86_64-pc-linux-gnu/bin/../lib/gcc/nios2-elf/5.3.0/../../../../../H-x86_64-pc-linux-gnu/nios2-elf/lib/mno-hw-mul/libsmallc.a(lib_a-int_errno.o)
 .debug_info    0x0000000000003f60      0x2c6 /home/luuk/intelFPGA_lite/18.1/nios2eds/bin/gnu/H-x86_64-pc-linux-gnu/bin/../lib/gcc/nios2-elf/5.3.0/mno-hw-mul/libgcc.a(lib2-divmod.o)
 .debug_info    0x0000000000004226       0xb4 /home/luuk/intelFPGA_lite/18.1/nios2eds/bin/gnu/H-x86_64-pc-linux-gnu/bin/../lib/gcc/nios2-elf/5.3.0/mno-hw-mul/libgcc.a(lib2-mul.o)
 .debug_info    0x00000000000042da      0x1c9 ../barcode_bsp//libhal_bsp.a(alt_load.o)
 .debug_info    0x00000000000044a3      0x169 ../barcode_bsp//libhal_bsp.a(alt_main.o)
 .debug_info    0x000000000000460c      0x14d ../barcode_bsp//libhal_bsp.a(alt_printf.o)
 .debug_info    0x0000000000004759      0x12a ../barcode_bsp//libhal_bsp.a(alt_putchar.o)
 .debug_info    0x0000000000004883       0xd1 ../barcode_bsp//libhal_bsp.a(alt_usleep.o)
 .debug_info    0x0000000000004954      0x1c7 ../barcode_bsp//libhal_bsp.a(alt_write.o)
 .debug_info    0x0000000000004b1b      0x380 ../barcode_bsp//libhal_bsp.a(alt_sys_init.o)
 .debug_info    0x0000000000004e9b      0x197 ../barcode_bsp//libhal_bsp.a(altera_avalon_jtag_uart_write.o)
 .debug_info    0x0000000000005032      0xdcd ../barcode_bsp//libhal_bsp.a(altera_avalon_sgdma.o)
 .debug_info    0x0000000000005dff       0xd8 ../barcode_bsp//libhal_bsp.a(alt_busy_sleep.o)
 .debug_info    0x0000000000005ed7       0xba ../barcode_bsp//libhal_bsp.a(alt_dcache_flush.o)
 .debug_info    0x0000000000005f91       0x92 ../barcode_bsp//libhal_bsp.a(alt_dcache_flush_all.o)
 .debug_info    0x0000000000006023      0x1b3 ../barcode_bsp//libhal_bsp.a(alt_dev_llist_insert.o)
 .debug_info    0x00000000000061d6       0xa6 ../barcode_bsp//libhal_bsp.a(alt_errno.o)
 .debug_info    0x000000000000627c      0x32d ../barcode_bsp//libhal_bsp.a(alt_find_dev.o)
 .debug_info    0x00000000000065a9       0x92 ../barcode_bsp//libhal_bsp.a(alt_icache_flush_all.o)
 .debug_info    0x000000000000663b      0x38a ../barcode_bsp//libhal_bsp.a(alt_iic.o)
 .debug_info    0x00000000000069c5      0x232 ../barcode_bsp//libhal_bsp.a(alt_iic_isr_register.o)
 .debug_info    0x0000000000006bf7       0x71 ../barcode_bsp//libhal_bsp.a(alt_irq_entry.o)
 .debug_info    0x0000000000006c68      0x184 ../barcode_bsp//libhal_bsp.a(alt_irq_handler.o)
 .debug_info    0x0000000000006dec       0x88 ../barcode_bsp//libhal_bsp.a(alt_irq_vars.o)
 .debug_info    0x0000000000006e74       0x92 ../barcode_bsp//libhal_bsp.a(altera_nios2_gen2_irq.o)
 .debug_info    0x0000000000006f06       0x77 ../barcode_bsp//libhal_bsp.a(alt_exception_entry.o)
 .debug_info    0x0000000000006f7d       0xf4 /home/luuk/intelFPGA_lite/18.1/nios2eds/bin/gnu/H-x86_64-pc-linux-gnu/bin/../lib/gcc/nios2-elf/5.3.0/../../../../../H-x86_64-pc-linux-gnu/nios2-elf/lib/mno-hw-mul/libsmallc.a(lib_a-memcmp.o)

.debug_abbrev   0x0000000000000000     0x2737
 *(.debug_abbrev)
 .debug_abbrev  0x0000000000000000       0x12 ../barcode_bsp//obj/HAL/src/crt0.o
 .debug_abbrev  0x0000000000000012      0x208 obj/default/main.o
 .debug_abbrev  0x000000000000021a      0x1c4 obj/default/network.o
 .debug_abbrev  0x00000000000003de       0x9c /home/luuk/intelFPGA_lite/18.1/nios2eds/bin/gnu/H-x86_64-pc-linux-gnu/bin/../lib/gcc/nios2-elf/5.3.0/../../../../../H-x86_64-pc-linux-gnu/nios2-elf/lib/mno-hw-mul/libsmallc.a(lib_a-memcpy.o)
 .debug_abbrev  0x000000000000047a      0x1ee /home/luuk/intelFPGA_lite/18.1/nios2eds/bin/gnu/H-x86_64-pc-linux-gnu/bin/../lib/gcc/nios2-elf/5.3.0/../../../../../H-x86_64-pc-linux-gnu/nios2-elf/lib/mno-hw-mul/libsmallc.a(lib_a-printf.o)
 .debug_abbrev  0x0000000000000668      0x1c0 /home/luuk/intelFPGA_lite/18.1/nios2eds/bin/gnu/H-x86_64-pc-linux-gnu/bin/../lib/gcc/nios2-elf/5.3.0/../../../../../H-x86_64-pc-linux-gnu/nios2-elf/lib/mno-hw-mul/libsmallc.a(lib_a-putchar.o)
 .debug_abbrev  0x0000000000000828       0x7f /home/luuk/intelFPGA_lite/18.1/nios2eds/bin/gnu/H-x86_64-pc-linux-gnu/bin/../lib/gcc/nios2-elf/5.3.0/../../../../../H-x86_64-pc-linux-gnu/nios2-elf/lib/mno-hw-mul/libsmallc.a(lib_a-strlen.o)
 .debug_abbrev  0x00000000000008a7      0x2a1 /home/luuk/intelFPGA_lite/18.1/nios2eds/bin/gnu/H-x86_64-pc-linux-gnu/bin/../lib/gcc/nios2-elf/5.3.0/../../../../../H-x86_64-pc-linux-gnu/nios2-elf/lib/mno-hw-mul/libsmallc.a(lib_a-vfprintf.o)
 .debug_abbrev  0x0000000000000b48      0x1bc /home/luuk/intelFPGA_lite/18.1/nios2eds/bin/gnu/H-x86_64-pc-linux-gnu/bin/../lib/gcc/nios2-elf/5.3.0/../../../../../H-x86_64-pc-linux-gnu/nios2-elf/lib/mno-hw-mul/libsmallc.a(lib_a-fvwrite_small_dev.o)
 .debug_abbrev  0x0000000000000d04      0x14a /home/luuk/intelFPGA_lite/18.1/nios2eds/bin/gnu/H-x86_64-pc-linux-gnu/bin/../lib/gcc/nios2-elf/5.3.0/../../../../../H-x86_64-pc-linux-gnu/nios2-elf/lib/mno-hw-mul/libsmallc.a(lib_a-impure.o)
 .debug_abbrev  0x0000000000000e4e      0x1bd /home/luuk/intelFPGA_lite/18.1/nios2eds/bin/gnu/H-x86_64-pc-linux-gnu/bin/../lib/gcc/nios2-elf/5.3.0/../../../../../H-x86_64-pc-linux-gnu/nios2-elf/lib/mno-hw-mul/libsmallc.a(lib_a-putc.o)
 .debug_abbrev  0x000000000000100b      0x1a6 /home/luuk/intelFPGA_lite/18.1/nios2eds/bin/gnu/H-x86_64-pc-linux-gnu/bin/../lib/gcc/nios2-elf/5.3.0/../../../../../H-x86_64-pc-linux-gnu/nios2-elf/lib/mno-hw-mul/libsmallc.a(lib_a-writer.o)
 .debug_abbrev  0x00000000000011b1       0x37 /home/luuk/intelFPGA_lite/18.1/nios2eds/bin/gnu/H-x86_64-pc-linux-gnu/bin/../lib/gcc/nios2-elf/5.3.0/../../../../../H-x86_64-pc-linux-gnu/nios2-elf/lib/mno-hw-mul/libsmallc.a(lib_a-int_errno.o)
 .debug_abbrev  0x00000000000011e8      0x10e /home/luuk/intelFPGA_lite/18.1/nios2eds/bin/gnu/H-x86_64-pc-linux-gnu/bin/../lib/gcc/nios2-elf/5.3.0/mno-hw-mul/libgcc.a(lib2-divmod.o)
 .debug_abbrev  0x00000000000012f6       0x6f /home/luuk/intelFPGA_lite/18.1/nios2eds/bin/gnu/H-x86_64-pc-linux-gnu/bin/../lib/gcc/nios2-elf/5.3.0/mno-hw-mul/libgcc.a(lib2-mul.o)
 .debug_abbrev  0x0000000000001365       0xd8 ../barcode_bsp//libhal_bsp.a(alt_load.o)
 .debug_abbrev  0x000000000000143d       0xee ../barcode_bsp//libhal_bsp.a(alt_main.o)
 .debug_abbrev  0x000000000000152b       0xd5 ../barcode_bsp//libhal_bsp.a(alt_printf.o)
 .debug_abbrev  0x0000000000001600       0xd2 ../barcode_bsp//libhal_bsp.a(alt_putchar.o)
 .debug_abbrev  0x00000000000016d2       0x8d ../barcode_bsp//libhal_bsp.a(alt_usleep.o)
 .debug_abbrev  0x000000000000175f      0x12e ../barcode_bsp//libhal_bsp.a(alt_write.o)
 .debug_abbrev  0x000000000000188d      0x150 ../barcode_bsp//libhal_bsp.a(alt_sys_init.o)
 .debug_abbrev  0x00000000000019dd       0xd5 ../barcode_bsp//libhal_bsp.a(altera_avalon_jtag_uart_write.o)
 .debug_abbrev  0x0000000000001ab2      0x2e4 ../barcode_bsp//libhal_bsp.a(altera_avalon_sgdma.o)
 .debug_abbrev  0x0000000000001d96       0x8d ../barcode_bsp//libhal_bsp.a(alt_busy_sleep.o)
 .debug_abbrev  0x0000000000001e23       0x74 ../barcode_bsp//libhal_bsp.a(alt_dcache_flush.o)
 .debug_abbrev  0x0000000000001e97       0x42 ../barcode_bsp//libhal_bsp.a(alt_dcache_flush_all.o)
 .debug_abbrev  0x0000000000001ed9      0x11c ../barcode_bsp//libhal_bsp.a(alt_dev_llist_insert.o)
 .debug_abbrev  0x0000000000001ff5       0x5a ../barcode_bsp//libhal_bsp.a(alt_errno.o)
 .debug_abbrev  0x000000000000204f      0x125 ../barcode_bsp//libhal_bsp.a(alt_find_dev.o)
 .debug_abbrev  0x0000000000002174       0x42 ../barcode_bsp//libhal_bsp.a(alt_icache_flush_all.o)
 .debug_abbrev  0x00000000000021b6      0x1a0 ../barcode_bsp//libhal_bsp.a(alt_iic.o)
 .debug_abbrev  0x0000000000002356      0x19c ../barcode_bsp//libhal_bsp.a(alt_iic_isr_register.o)
 .debug_abbrev  0x00000000000024f2       0x12 ../barcode_bsp//libhal_bsp.a(alt_irq_entry.o)
 .debug_abbrev  0x0000000000002504      0x120 ../barcode_bsp//libhal_bsp.a(alt_irq_handler.o)
 .debug_abbrev  0x0000000000002624       0x40 ../barcode_bsp//libhal_bsp.a(alt_irq_vars.o)
 .debug_abbrev  0x0000000000002664       0x42 ../barcode_bsp//libhal_bsp.a(altera_nios2_gen2_irq.o)
 .debug_abbrev  0x00000000000026a6       0x12 ../barcode_bsp//libhal_bsp.a(alt_exception_entry.o)
 .debug_abbrev  0x00000000000026b8       0x7f /home/luuk/intelFPGA_lite/18.1/nios2eds/bin/gnu/H-x86_64-pc-linux-gnu/bin/../lib/gcc/nios2-elf/5.3.0/../../../../../H-x86_64-pc-linux-gnu/nios2-elf/lib/mno-hw-mul/libsmallc.a(lib_a-memcmp.o)

.debug_line     0x0000000000000000     0x2a68
 *(.debug_line)
 .debug_line    0x0000000000000000       0x66 ../barcode_bsp//obj/HAL/src/crt0.o
 .debug_line    0x0000000000000066      0x20f obj/default/main.o
 .debug_line    0x0000000000000275      0x190 obj/default/network.o
 .debug_line    0x0000000000000405      0x15e /home/luuk/intelFPGA_lite/18.1/nios2eds/bin/gnu/H-x86_64-pc-linux-gnu/bin/../lib/gcc/nios2-elf/5.3.0/../../../../../H-x86_64-pc-linux-gnu/nios2-elf/lib/mno-hw-mul/libsmallc.a(lib_a-memcpy.o)
 .debug_line    0x0000000000000563      0x203 /home/luuk/intelFPGA_lite/18.1/nios2eds/bin/gnu/H-x86_64-pc-linux-gnu/bin/../lib/gcc/nios2-elf/5.3.0/../../../../../H-x86_64-pc-linux-gnu/nios2-elf/lib/mno-hw-mul/libsmallc.a(lib_a-printf.o)
 .debug_line    0x0000000000000766      0x1e9 /home/luuk/intelFPGA_lite/18.1/nios2eds/bin/gnu/H-x86_64-pc-linux-gnu/bin/../lib/gcc/nios2-elf/5.3.0/../../../../../H-x86_64-pc-linux-gnu/nios2-elf/lib/mno-hw-mul/libsmallc.a(lib_a-putchar.o)
 .debug_line    0x000000000000094f      0x15c /home/luuk/intelFPGA_lite/18.1/nios2eds/bin/gnu/H-x86_64-pc-linux-gnu/bin/../lib/gcc/nios2-elf/5.3.0/../../../../../H-x86_64-pc-linux-gnu/nios2-elf/lib/mno-hw-mul/libsmallc.a(lib_a-strlen.o)
 .debug_line    0x0000000000000aab      0x351 /home/luuk/intelFPGA_lite/18.1/nios2eds/bin/gnu/H-x86_64-pc-linux-gnu/bin/../lib/gcc/nios2-elf/5.3.0/../../../../../H-x86_64-pc-linux-gnu/nios2-elf/lib/mno-hw-mul/libsmallc.a(lib_a-vfprintf.o)
 .debug_line    0x0000000000000dfc      0x1f0 /home/luuk/intelFPGA_lite/18.1/nios2eds/bin/gnu/H-x86_64-pc-linux-gnu/bin/../lib/gcc/nios2-elf/5.3.0/../../../../../H-x86_64-pc-linux-gnu/nios2-elf/lib/mno-hw-mul/libsmallc.a(lib_a-fvwrite_small_dev.o)
 .debug_line    0x0000000000000fec      0x156 /home/luuk/intelFPGA_lite/18.1/nios2eds/bin/gnu/H-x86_64-pc-linux-gnu/bin/../lib/gcc/nios2-elf/5.3.0/../../../../../H-x86_64-pc-linux-gnu/nios2-elf/lib/mno-hw-mul/libsmallc.a(lib_a-impure.o)
 .debug_line    0x0000000000001142      0x202 /home/luuk/intelFPGA_lite/18.1/nios2eds/bin/gnu/H-x86_64-pc-linux-gnu/bin/../lib/gcc/nios2-elf/5.3.0/../../../../../H-x86_64-pc-linux-gnu/nios2-elf/lib/mno-hw-mul/libsmallc.a(lib_a-putc.o)
 .debug_line    0x0000000000001344      0x1ed /home/luuk/intelFPGA_lite/18.1/nios2eds/bin/gnu/H-x86_64-pc-linux-gnu/bin/../lib/gcc/nios2-elf/5.3.0/../../../../../H-x86_64-pc-linux-gnu/nios2-elf/lib/mno-hw-mul/libsmallc.a(lib_a-writer.o)
 .debug_line    0x0000000000001531       0x5f /home/luuk/intelFPGA_lite/18.1/nios2eds/bin/gnu/H-x86_64-pc-linux-gnu/bin/../lib/gcc/nios2-elf/5.3.0/../../../../../H-x86_64-pc-linux-gnu/nios2-elf/lib/mno-hw-mul/libsmallc.a(lib_a-int_errno.o)
 .debug_line    0x0000000000001590      0x105 /home/luuk/intelFPGA_lite/18.1/nios2eds/bin/gnu/H-x86_64-pc-linux-gnu/bin/../lib/gcc/nios2-elf/5.3.0/mno-hw-mul/libgcc.a(lib2-divmod.o)
 .debug_line    0x0000000000001695       0x80 /home/luuk/intelFPGA_lite/18.1/nios2eds/bin/gnu/H-x86_64-pc-linux-gnu/bin/../lib/gcc/nios2-elf/5.3.0/mno-hw-mul/libgcc.a(lib2-mul.o)
 .debug_line    0x0000000000001715       0xa4 ../barcode_bsp//libhal_bsp.a(alt_load.o)
 .debug_line    0x00000000000017b9       0xbd ../barcode_bsp//libhal_bsp.a(alt_main.o)
 .debug_line    0x0000000000001876      0x11f ../barcode_bsp//libhal_bsp.a(alt_printf.o)
 .debug_line    0x0000000000001995       0x55 ../barcode_bsp//libhal_bsp.a(alt_putchar.o)
 .debug_line    0x00000000000019ea       0xdc ../barcode_bsp//libhal_bsp.a(alt_usleep.o)
 .debug_line    0x0000000000001ac6      0x184 ../barcode_bsp//libhal_bsp.a(alt_write.o)
 .debug_line    0x0000000000001c4a      0x146 ../barcode_bsp//libhal_bsp.a(alt_sys_init.o)
 .debug_line    0x0000000000001d90       0xf0 ../barcode_bsp//libhal_bsp.a(altera_avalon_jtag_uart_write.o)
 .debug_line    0x0000000000001e80      0x273 ../barcode_bsp//libhal_bsp.a(altera_avalon_sgdma.o)
 .debug_line    0x00000000000020f3       0xb5 ../barcode_bsp//libhal_bsp.a(alt_busy_sleep.o)
 .debug_line    0x00000000000021a8       0x63 ../barcode_bsp//libhal_bsp.a(alt_dcache_flush.o)
 .debug_line    0x000000000000220b       0x4e ../barcode_bsp//libhal_bsp.a(alt_dcache_flush_all.o)
 .debug_line    0x0000000000002259       0xd8 ../barcode_bsp//libhal_bsp.a(alt_dev_llist_insert.o)
 .debug_line    0x0000000000002331       0x51 ../barcode_bsp//libhal_bsp.a(alt_errno.o)
 .debug_line    0x0000000000002382      0x114 ../barcode_bsp//libhal_bsp.a(alt_find_dev.o)
 .debug_line    0x0000000000002496       0x4e ../barcode_bsp//libhal_bsp.a(alt_icache_flush_all.o)
 .debug_line    0x00000000000024e4       0xf1 ../barcode_bsp//libhal_bsp.a(alt_iic.o)
 .debug_line    0x00000000000025d5       0xd6 ../barcode_bsp//libhal_bsp.a(alt_iic_isr_register.o)
 .debug_line    0x00000000000026ab       0x6b ../barcode_bsp//libhal_bsp.a(alt_irq_entry.o)
 .debug_line    0x0000000000002716       0xa5 ../barcode_bsp//libhal_bsp.a(alt_irq_handler.o)
 .debug_line    0x00000000000027bb       0x50 ../barcode_bsp//libhal_bsp.a(alt_irq_vars.o)
 .debug_line    0x000000000000280b       0x50 ../barcode_bsp//libhal_bsp.a(altera_nios2_gen2_irq.o)
 .debug_line    0x000000000000285b       0xad ../barcode_bsp//libhal_bsp.a(alt_exception_entry.o)
 .debug_line    0x0000000000002908      0x160 /home/luuk/intelFPGA_lite/18.1/nios2eds/bin/gnu/H-x86_64-pc-linux-gnu/bin/../lib/gcc/nios2-elf/5.3.0/../../../../../H-x86_64-pc-linux-gnu/nios2-elf/lib/mno-hw-mul/libsmallc.a(lib_a-memcmp.o)

.debug_frame    0x0000000000000000      0x978
 *(.debug_frame)
 .debug_frame   0x0000000000000000       0xe0 obj/default/main.o
 .debug_frame   0x00000000000000e0       0xb8 obj/default/network.o
 .debug_frame   0x0000000000000198       0x20 /home/luuk/intelFPGA_lite/18.1/nios2eds/bin/gnu/H-x86_64-pc-linux-gnu/bin/../lib/gcc/nios2-elf/5.3.0/../../../../../H-x86_64-pc-linux-gnu/nios2-elf/lib/mno-hw-mul/libsmallc.a(lib_a-memcpy.o)
 .debug_frame   0x00000000000001b8       0x48 /home/luuk/intelFPGA_lite/18.1/nios2eds/bin/gnu/H-x86_64-pc-linux-gnu/bin/../lib/gcc/nios2-elf/5.3.0/../../../../../H-x86_64-pc-linux-gnu/nios2-elf/lib/mno-hw-mul/libsmallc.a(lib_a-printf.o)
 .debug_frame   0x0000000000000200       0x30 /home/luuk/intelFPGA_lite/18.1/nios2eds/bin/gnu/H-x86_64-pc-linux-gnu/bin/../lib/gcc/nios2-elf/5.3.0/../../../../../H-x86_64-pc-linux-gnu/nios2-elf/lib/mno-hw-mul/libsmallc.a(lib_a-putchar.o)
 .debug_frame   0x0000000000000230       0x20 /home/luuk/intelFPGA_lite/18.1/nios2eds/bin/gnu/H-x86_64-pc-linux-gnu/bin/../lib/gcc/nios2-elf/5.3.0/../../../../../H-x86_64-pc-linux-gnu/nios2-elf/lib/mno-hw-mul/libsmallc.a(lib_a-strlen.o)
 .debug_frame   0x0000000000000250       0x8c /home/luuk/intelFPGA_lite/18.1/nios2eds/bin/gnu/H-x86_64-pc-linux-gnu/bin/../lib/gcc/nios2-elf/5.3.0/../../../../../H-x86_64-pc-linux-gnu/nios2-elf/lib/mno-hw-mul/libsmallc.a(lib_a-vfprintf.o)
 .debug_frame   0x00000000000002dc       0x58 /home/luuk/intelFPGA_lite/18.1/nios2eds/bin/gnu/H-x86_64-pc-linux-gnu/bin/../lib/gcc/nios2-elf/5.3.0/../../../../../H-x86_64-pc-linux-gnu/nios2-elf/lib/mno-hw-mul/libsmallc.a(lib_a-fvwrite_small_dev.o)
 .debug_frame   0x0000000000000334       0x50 /home/luuk/intelFPGA_lite/18.1/nios2eds/bin/gnu/H-x86_64-pc-linux-gnu/bin/../lib/gcc/nios2-elf/5.3.0/../../../../../H-x86_64-pc-linux-gnu/nios2-elf/lib/mno-hw-mul/libsmallc.a(lib_a-putc.o)
 .debug_frame   0x0000000000000384       0x38 /home/luuk/intelFPGA_lite/18.1/nios2eds/bin/gnu/H-x86_64-pc-linux-gnu/bin/../lib/gcc/nios2-elf/5.3.0/../../../../../H-x86_64-pc-linux-gnu/nios2-elf/lib/mno-hw-mul/libsmallc.a(lib_a-writer.o)
 .debug_frame   0x00000000000003bc       0x50 /home/luuk/intelFPGA_lite/18.1/nios2eds/bin/gnu/H-x86_64-pc-linux-gnu/bin/../lib/gcc/nios2-elf/5.3.0/mno-hw-mul/libgcc.a(lib2-divmod.o)
 .debug_frame   0x000000000000040c       0x20 /home/luuk/intelFPGA_lite/18.1/nios2eds/bin/gnu/H-x86_64-pc-linux-gnu/bin/../lib/gcc/nios2-elf/5.3.0/mno-hw-mul/libgcc.a(lib2-mul.o)
 .debug_frame   0x000000000000042c       0x30 ../barcode_bsp//libhal_bsp.a(alt_load.o)
 .debug_frame   0x000000000000045c       0x2c ../barcode_bsp//libhal_bsp.a(alt_main.o)
 .debug_frame   0x0000000000000488       0x54 ../barcode_bsp//libhal_bsp.a(alt_printf.o)
 .debug_frame   0x00000000000004dc       0x30 ../barcode_bsp//libhal_bsp.a(alt_putchar.o)
 .debug_frame   0x000000000000050c       0x20 ../barcode_bsp//libhal_bsp.a(alt_usleep.o)
 .debug_frame   0x000000000000052c       0x2c ../barcode_bsp//libhal_bsp.a(alt_write.o)
 .debug_frame   0x0000000000000558       0x48 ../barcode_bsp//libhal_bsp.a(alt_sys_init.o)
 .debug_frame   0x00000000000005a0       0x20 ../barcode_bsp//libhal_bsp.a(altera_avalon_jtag_uart_write.o)
 .debug_frame   0x00000000000005c0      0x1cc ../barcode_bsp//libhal_bsp.a(altera_avalon_sgdma.o)
 .debug_frame   0x000000000000078c       0x30 ../barcode_bsp//libhal_bsp.a(alt_busy_sleep.o)
 .debug_frame   0x00000000000007bc       0x20 ../barcode_bsp//libhal_bsp.a(alt_dcache_flush.o)
 .debug_frame   0x00000000000007dc       0x20 ../barcode_bsp//libhal_bsp.a(alt_dcache_flush_all.o)
 .debug_frame   0x00000000000007fc       0x2c ../barcode_bsp//libhal_bsp.a(alt_dev_llist_insert.o)
 .debug_frame   0x0000000000000828       0x3c ../barcode_bsp//libhal_bsp.a(alt_find_dev.o)
 .debug_frame   0x0000000000000864       0x20 ../barcode_bsp//libhal_bsp.a(alt_icache_flush_all.o)
 .debug_frame   0x0000000000000884       0x50 ../barcode_bsp//libhal_bsp.a(alt_iic.o)
 .debug_frame   0x00000000000008d4       0x30 ../barcode_bsp//libhal_bsp.a(alt_iic_isr_register.o)
 .debug_frame   0x0000000000000904       0x34 ../barcode_bsp//libhal_bsp.a(alt_irq_handler.o)
 .debug_frame   0x0000000000000938       0x20 ../barcode_bsp//libhal_bsp.a(altera_nios2_gen2_irq.o)
 .debug_frame   0x0000000000000958       0x20 /home/luuk/intelFPGA_lite/18.1/nios2eds/bin/gnu/H-x86_64-pc-linux-gnu/bin/../lib/gcc/nios2-elf/5.3.0/../../../../../H-x86_64-pc-linux-gnu/nios2-elf/lib/mno-hw-mul/libsmallc.a(lib_a-memcmp.o)

.debug_str      0x0000000000000000     0x19ac
 *(.debug_str)
 .debug_str     0x0000000000000000      0x1dd obj/default/main.o
                                        0x23f (size before relaxing)
 .debug_str     0x00000000000001dd      0x303 obj/default/network.o
                                        0x479 (size before relaxing)
 .debug_str     0x00000000000004e0      0x148 /home/luuk/intelFPGA_lite/18.1/nios2eds/bin/gnu/H-x86_64-pc-linux-gnu/bin/../lib/gcc/nios2-elf/5.3.0/../../../../../H-x86_64-pc-linux-gnu/nios2-elf/lib/mno-hw-mul/libsmallc.a(lib_a-memcpy.o)
                                        0x1f4 (size before relaxing)
 .debug_str     0x0000000000000628      0x3ca /home/luuk/intelFPGA_lite/18.1/nios2eds/bin/gnu/H-x86_64-pc-linux-gnu/bin/../lib/gcc/nios2-elf/5.3.0/../../../../../H-x86_64-pc-linux-gnu/nios2-elf/lib/mno-hw-mul/libsmallc.a(lib_a-printf.o)
                                        0x505 (size before relaxing)
 .debug_str     0x00000000000009f2       0x50 /home/luuk/intelFPGA_lite/18.1/nios2eds/bin/gnu/H-x86_64-pc-linux-gnu/bin/../lib/gcc/nios2-elf/5.3.0/../../../../../H-x86_64-pc-linux-gnu/nios2-elf/lib/mno-hw-mul/libsmallc.a(lib_a-putchar.o)
                                        0x4c2 (size before relaxing)
 .debug_str     0x0000000000000a42       0x3d /home/luuk/intelFPGA_lite/18.1/nios2eds/bin/gnu/H-x86_64-pc-linux-gnu/bin/../lib/gcc/nios2-elf/5.3.0/../../../../../H-x86_64-pc-linux-gnu/nios2-elf/lib/mno-hw-mul/libsmallc.a(lib_a-strlen.o)
                                        0x1e6 (size before relaxing)
 .debug_str     0x0000000000000a7f      0x1f8 /home/luuk/intelFPGA_lite/18.1/nios2eds/bin/gnu/H-x86_64-pc-linux-gnu/bin/../lib/gcc/nios2-elf/5.3.0/../../../../../H-x86_64-pc-linux-gnu/nios2-elf/lib/mno-hw-mul/libsmallc.a(lib_a-vfprintf.o)
                                        0x680 (size before relaxing)
 .debug_str     0x0000000000000c77       0x78 /home/luuk/intelFPGA_lite/18.1/nios2eds/bin/gnu/H-x86_64-pc-linux-gnu/bin/../lib/gcc/nios2-elf/5.3.0/../../../../../H-x86_64-pc-linux-gnu/nios2-elf/lib/mno-hw-mul/libsmallc.a(lib_a-fvwrite_small_dev.o)
                                        0x4d5 (size before relaxing)
 .debug_str     0x0000000000000cef       0xf0 /home/luuk/intelFPGA_lite/18.1/nios2eds/bin/gnu/H-x86_64-pc-linux-gnu/bin/../lib/gcc/nios2-elf/5.3.0/../../../../../H-x86_64-pc-linux-gnu/nios2-elf/lib/mno-hw-mul/libsmallc.a(lib_a-impure.o)
                                        0x4bf (size before relaxing)
 .debug_str     0x0000000000000ddf       0x46 /home/luuk/intelFPGA_lite/18.1/nios2eds/bin/gnu/H-x86_64-pc-linux-gnu/bin/../lib/gcc/nios2-elf/5.3.0/../../../../../H-x86_64-pc-linux-gnu/nios2-elf/lib/mno-hw-mul/libsmallc.a(lib_a-putc.o)
                                        0x4cc (size before relaxing)
 .debug_str     0x0000000000000e25       0x45 /home/luuk/intelFPGA_lite/18.1/nios2eds/bin/gnu/H-x86_64-pc-linux-gnu/bin/../lib/gcc/nios2-elf/5.3.0/../../../../../H-x86_64-pc-linux-gnu/nios2-elf/lib/mno-hw-mul/libsmallc.a(lib_a-writer.o)
                                        0x4b9 (size before relaxing)
 .debug_str     0x0000000000000e6a       0x3f /home/luuk/intelFPGA_lite/18.1/nios2eds/bin/gnu/H-x86_64-pc-linux-gnu/bin/../lib/gcc/nios2-elf/5.3.0/../../../../../H-x86_64-pc-linux-gnu/nios2-elf/lib/mno-hw-mul/libsmallc.a(lib_a-int_errno.o)
                                        0x1d9 (size before relaxing)
 .debug_str     0x0000000000000ea9      0x188 /home/luuk/intelFPGA_lite/18.1/nios2eds/bin/gnu/H-x86_64-pc-linux-gnu/bin/../lib/gcc/nios2-elf/5.3.0/mno-hw-mul/libgcc.a(lib2-divmod.o)
                                        0x1d3 (size before relaxing)
 .debug_str     0x0000000000001031       0x40 /home/luuk/intelFPGA_lite/18.1/nios2eds/bin/gnu/H-x86_64-pc-linux-gnu/bin/../lib/gcc/nios2-elf/5.3.0/mno-hw-mul/libgcc.a(lib2-mul.o)
                                        0x194 (size before relaxing)
 .debug_str     0x0000000000001071      0x147 ../barcode_bsp//libhal_bsp.a(alt_load.o)
                                        0x236 (size before relaxing)
 .debug_str     0x00000000000011b8       0x5e ../barcode_bsp//libhal_bsp.a(alt_main.o)
                                        0x1af (size before relaxing)
 .debug_str     0x0000000000001216       0x2d ../barcode_bsp//libhal_bsp.a(alt_printf.o)
                                        0x100 (size before relaxing)
 .debug_str     0x0000000000001243       0x5e ../barcode_bsp//libhal_bsp.a(alt_putchar.o)
                                        0x185 (size before relaxing)
 .debug_str     0x00000000000012a1       0x2f ../barcode_bsp//libhal_bsp.a(alt_usleep.o)
                                        0x151 (size before relaxing)
 .debug_str     0x00000000000012d0       0x2c ../barcode_bsp//libhal_bsp.a(alt_write.o)
                                        0x1d8 (size before relaxing)
 .debug_str     0x00000000000012fc       0xa9 ../barcode_bsp//libhal_bsp.a(alt_sys_init.o)
                                        0x39f (size before relaxing)
 .debug_str     0x00000000000013a5       0x2c ../barcode_bsp//libhal_bsp.a(altera_avalon_jtag_uart_write.o)
                                        0x20f (size before relaxing)
 .debug_str     0x00000000000013d1      0x2f6 ../barcode_bsp//libhal_bsp.a(altera_avalon_sgdma.o)
                                        0x6d1 (size before relaxing)
 .debug_str     0x00000000000016c7       0x33 ../barcode_bsp//libhal_bsp.a(alt_busy_sleep.o)
                                        0x165 (size before relaxing)
 .debug_str     0x00000000000016fa       0x1b ../barcode_bsp//libhal_bsp.a(alt_dcache_flush.o)
                                        0x155 (size before relaxing)
 .debug_str     0x0000000000001715       0x1f ../barcode_bsp//libhal_bsp.a(alt_dcache_flush_all.o)
                                        0x14f (size before relaxing)
 .debug_str     0x0000000000001734       0x36 ../barcode_bsp//libhal_bsp.a(alt_dev_llist_insert.o)
                                        0x1c6 (size before relaxing)
 .debug_str     0x000000000000176a       0x14 ../barcode_bsp//libhal_bsp.a(alt_errno.o)
                                        0x13f (size before relaxing)
 .debug_str     0x000000000000177e       0x72 ../barcode_bsp//libhal_bsp.a(alt_find_dev.o)
                                        0x1f4 (size before relaxing)
 .debug_str     0x00000000000017f0       0x1f ../barcode_bsp//libhal_bsp.a(alt_icache_flush_all.o)
                                        0x14f (size before relaxing)
 .debug_str     0x000000000000180f       0xb8 ../barcode_bsp//libhal_bsp.a(alt_iic.o)
                                        0x24d (size before relaxing)
 .debug_str     0x00000000000018c7       0x37 ../barcode_bsp//libhal_bsp.a(alt_iic_isr_register.o)
                                        0x207 (size before relaxing)
 .debug_str     0x00000000000018fe       0x3a ../barcode_bsp//libhal_bsp.a(alt_irq_handler.o)
                                        0x191 (size before relaxing)
 .debug_str     0x0000000000001938       0x17 ../barcode_bsp//libhal_bsp.a(alt_irq_vars.o)
                                        0x134 (size before relaxing)
 .debug_str     0x000000000000194f       0x20 ../barcode_bsp//libhal_bsp.a(altera_nios2_gen2_irq.o)
                                        0x156 (size before relaxing)
 .debug_str     0x000000000000196f       0x3d /home/luuk/intelFPGA_lite/18.1/nios2eds/bin/gnu/H-x86_64-pc-linux-gnu/bin/../lib/gcc/nios2-elf/5.3.0/../../../../../H-x86_64-pc-linux-gnu/nios2-elf/lib/mno-hw-mul/libsmallc.a(lib_a-memcmp.o)
                                        0x1e0 (size before relaxing)

.debug_loc      0x0000000000000000     0x2b44
 *(.debug_loc)
 .debug_loc     0x0000000000000000      0x304 obj/default/main.o
 .debug_loc     0x0000000000000304       0xe8 obj/default/network.o
 .debug_loc     0x00000000000003ec      0x135 /home/luuk/intelFPGA_lite/18.1/nios2eds/bin/gnu/H-x86_64-pc-linux-gnu/bin/../lib/gcc/nios2-elf/5.3.0/../../../../../H-x86_64-pc-linux-gnu/nios2-elf/lib/mno-hw-mul/libsmallc.a(lib_a-memcpy.o)
 .debug_loc     0x0000000000000521       0xc6 /home/luuk/intelFPGA_lite/18.1/nios2eds/bin/gnu/H-x86_64-pc-linux-gnu/bin/../lib/gcc/nios2-elf/5.3.0/../../../../../H-x86_64-pc-linux-gnu/nios2-elf/lib/mno-hw-mul/libsmallc.a(lib_a-printf.o)
 .debug_loc     0x00000000000005e7       0x81 /home/luuk/intelFPGA_lite/18.1/nios2eds/bin/gnu/H-x86_64-pc-linux-gnu/bin/../lib/gcc/nios2-elf/5.3.0/../../../../../H-x86_64-pc-linux-gnu/nios2-elf/lib/mno-hw-mul/libsmallc.a(lib_a-putchar.o)
 .debug_loc     0x0000000000000668       0x1e /home/luuk/intelFPGA_lite/18.1/nios2eds/bin/gnu/H-x86_64-pc-linux-gnu/bin/../lib/gcc/nios2-elf/5.3.0/../../../../../H-x86_64-pc-linux-gnu/nios2-elf/lib/mno-hw-mul/libsmallc.a(lib_a-strlen.o)
 .debug_loc     0x0000000000000686      0x954 /home/luuk/intelFPGA_lite/18.1/nios2eds/bin/gnu/H-x86_64-pc-linux-gnu/bin/../lib/gcc/nios2-elf/5.3.0/../../../../../H-x86_64-pc-linux-gnu/nios2-elf/lib/mno-hw-mul/libsmallc.a(lib_a-vfprintf.o)
 .debug_loc     0x0000000000000fda      0x110 /home/luuk/intelFPGA_lite/18.1/nios2eds/bin/gnu/H-x86_64-pc-linux-gnu/bin/../lib/gcc/nios2-elf/5.3.0/../../../../../H-x86_64-pc-linux-gnu/nios2-elf/lib/mno-hw-mul/libsmallc.a(lib_a-fvwrite_small_dev.o)
 .debug_loc     0x00000000000010ea       0xc6 /home/luuk/intelFPGA_lite/18.1/nios2eds/bin/gnu/H-x86_64-pc-linux-gnu/bin/../lib/gcc/nios2-elf/5.3.0/../../../../../H-x86_64-pc-linux-gnu/nios2-elf/lib/mno-hw-mul/libsmallc.a(lib_a-putc.o)
 .debug_loc     0x00000000000011b0       0xa5 /home/luuk/intelFPGA_lite/18.1/nios2eds/bin/gnu/H-x86_64-pc-linux-gnu/bin/../lib/gcc/nios2-elf/5.3.0/../../../../../H-x86_64-pc-linux-gnu/nios2-elf/lib/mno-hw-mul/libsmallc.a(lib_a-writer.o)
 .debug_loc     0x0000000000001255      0x4ce /home/luuk/intelFPGA_lite/18.1/nios2eds/bin/gnu/H-x86_64-pc-linux-gnu/bin/../lib/gcc/nios2-elf/5.3.0/mno-hw-mul/libgcc.a(lib2-divmod.o)
 .debug_loc     0x0000000000001723       0x93 /home/luuk/intelFPGA_lite/18.1/nios2eds/bin/gnu/H-x86_64-pc-linux-gnu/bin/../lib/gcc/nios2-elf/5.3.0/mno-hw-mul/libgcc.a(lib2-mul.o)
 .debug_loc     0x00000000000017b6      0x1de ../barcode_bsp//libhal_bsp.a(alt_printf.o)
 .debug_loc     0x0000000000001994       0x2c ../barcode_bsp//libhal_bsp.a(alt_putchar.o)
 .debug_loc     0x00000000000019c0       0x21 ../barcode_bsp//libhal_bsp.a(alt_usleep.o)
 .debug_loc     0x00000000000019e1       0xcf ../barcode_bsp//libhal_bsp.a(alt_write.o)
 .debug_loc     0x0000000000001ab0       0x21 ../barcode_bsp//libhal_bsp.a(alt_sys_init.o)
 .debug_loc     0x0000000000001ad1       0x8b ../barcode_bsp//libhal_bsp.a(altera_avalon_jtag_uart_write.o)
 .debug_loc     0x0000000000001b5c      0xa7c ../barcode_bsp//libhal_bsp.a(altera_avalon_sgdma.o)
 .debug_loc     0x00000000000025d8       0x67 ../barcode_bsp//libhal_bsp.a(alt_busy_sleep.o)
 .debug_loc     0x000000000000263f       0x7e ../barcode_bsp//libhal_bsp.a(alt_dev_llist_insert.o)
 .debug_loc     0x00000000000026bd       0x7e ../barcode_bsp//libhal_bsp.a(alt_find_dev.o)
 .debug_loc     0x000000000000273b      0x170 ../barcode_bsp//libhal_bsp.a(alt_iic.o)
 .debug_loc     0x00000000000028ab      0x193 ../barcode_bsp//libhal_bsp.a(alt_iic_isr_register.o)
 .debug_loc     0x0000000000002a3e       0x72 ../barcode_bsp//libhal_bsp.a(alt_irq_handler.o)
 .debug_loc     0x0000000000002ab0       0x94 /home/luuk/intelFPGA_lite/18.1/nios2eds/bin/gnu/H-x86_64-pc-linux-gnu/bin/../lib/gcc/nios2-elf/5.3.0/../../../../../H-x86_64-pc-linux-gnu/nios2-elf/lib/mno-hw-mul/libsmallc.a(lib_a-memcmp.o)

.debug_macinfo
 *(.debug_macinfo)

.debug_weaknames
 *(.debug_weaknames)

.debug_funcnames
 *(.debug_funcnames)

.debug_typenames
 *(.debug_typenames)

.debug_varnames
 *(.debug_varnames)

.debug_alt_sim_info
                0x0000000000000000       0x40
 *(.debug_alt_sim_info)
 .debug_alt_sim_info
                0x0000000000000000       0x10 ../barcode_bsp//obj/HAL/src/crt0.o
 .debug_alt_sim_info
                0x0000000000000010       0x30 ../barcode_bsp//libhal_bsp.a(alt_busy_sleep.o)
                0x00000000001cb000                __alt_data_end = 0x1cb000
                0x00000000001cb000                PROVIDE (__alt_stack_pointer, __alt_data_end)
                [!provide]                        PROVIDE (__alt_stack_limit, __alt_stack_base)
                [!provide]                        PROVIDE (__alt_heap_start, end)
                [!provide]                        PROVIDE (__alt_heap_limit, 0x1cb000)
OUTPUT(barcode.elf elf32-littlenios2)

.debug_ranges   0x0000000000000000      0x428
 .debug_ranges  0x0000000000000000       0x20 ../barcode_bsp//obj/HAL/src/crt0.o
 .debug_ranges  0x0000000000000020      0x128 obj/default/main.o
 .debug_ranges  0x0000000000000148       0x10 /home/luuk/intelFPGA_lite/18.1/nios2eds/bin/gnu/H-x86_64-pc-linux-gnu/bin/../lib/gcc/nios2-elf/5.3.0/../../../../../H-x86_64-pc-linux-gnu/nios2-elf/lib/mno-hw-mul/libsmallc.a(lib_a-memcpy.o)
 .debug_ranges  0x0000000000000158       0x18 /home/luuk/intelFPGA_lite/18.1/nios2eds/bin/gnu/H-x86_64-pc-linux-gnu/bin/../lib/gcc/nios2-elf/5.3.0/../../../../../H-x86_64-pc-linux-gnu/nios2-elf/lib/mno-hw-mul/libsmallc.a(lib_a-printf.o)
 .debug_ranges  0x0000000000000170       0x18 /home/luuk/intelFPGA_lite/18.1/nios2eds/bin/gnu/H-x86_64-pc-linux-gnu/bin/../lib/gcc/nios2-elf/5.3.0/../../../../../H-x86_64-pc-linux-gnu/nios2-elf/lib/mno-hw-mul/libsmallc.a(lib_a-putchar.o)
 .debug_ranges  0x0000000000000188       0x10 /home/luuk/intelFPGA_lite/18.1/nios2eds/bin/gnu/H-x86_64-pc-linux-gnu/bin/../lib/gcc/nios2-elf/5.3.0/../../../../../H-x86_64-pc-linux-gnu/nios2-elf/lib/mno-hw-mul/libsmallc.a(lib_a-strlen.o)
 .debug_ranges  0x0000000000000198       0xc8 /home/luuk/intelFPGA_lite/18.1/nios2eds/bin/gnu/H-x86_64-pc-linux-gnu/bin/../lib/gcc/nios2-elf/5.3.0/../../../../../H-x86_64-pc-linux-gnu/nios2-elf/lib/mno-hw-mul/libsmallc.a(lib_a-vfprintf.o)
 .debug_ranges  0x0000000000000260       0x28 /home/luuk/intelFPGA_lite/18.1/nios2eds/bin/gnu/H-x86_64-pc-linux-gnu/bin/../lib/gcc/nios2-elf/5.3.0/../../../../../H-x86_64-pc-linux-gnu/nios2-elf/lib/mno-hw-mul/libsmallc.a(lib_a-fvwrite_small_dev.o)
 .debug_ranges  0x0000000000000288       0x18 /home/luuk/intelFPGA_lite/18.1/nios2eds/bin/gnu/H-x86_64-pc-linux-gnu/bin/../lib/gcc/nios2-elf/5.3.0/../../../../../H-x86_64-pc-linux-gnu/nios2-elf/lib/mno-hw-mul/libsmallc.a(lib_a-putc.o)
 .debug_ranges  0x00000000000002a0       0x10 /home/luuk/intelFPGA_lite/18.1/nios2eds/bin/gnu/H-x86_64-pc-linux-gnu/bin/../lib/gcc/nios2-elf/5.3.0/../../../../../H-x86_64-pc-linux-gnu/nios2-elf/lib/mno-hw-mul/libsmallc.a(lib_a-writer.o)
 .debug_ranges  0x00000000000002b0       0x60 /home/luuk/intelFPGA_lite/18.1/nios2eds/bin/gnu/H-x86_64-pc-linux-gnu/bin/../lib/gcc/nios2-elf/5.3.0/mno-hw-mul/libgcc.a(lib2-divmod.o)
 .debug_ranges  0x0000000000000310       0x48 ../barcode_bsp//libhal_bsp.a(alt_load.o)
 .debug_ranges  0x0000000000000358       0x18 ../barcode_bsp//libhal_bsp.a(alt_printf.o)
 .debug_ranges  0x0000000000000370       0x20 ../barcode_bsp//libhal_bsp.a(alt_write.o)
 .debug_ranges  0x0000000000000390       0x20 ../barcode_bsp//libhal_bsp.a(alt_dev_llist_insert.o)
 .debug_ranges  0x00000000000003b0       0x28 ../barcode_bsp//libhal_bsp.a(alt_irq_entry.o)
 .debug_ranges  0x00000000000003d8       0x10 ../barcode_bsp//libhal_bsp.a(alt_irq_handler.o)
 .debug_ranges  0x00000000000003e8       0x30 ../barcode_bsp//libhal_bsp.a(alt_exception_entry.o)
 .debug_ranges  0x0000000000000418       0x10 /home/luuk/intelFPGA_lite/18.1/nios2eds/bin/gnu/H-x86_64-pc-linux-gnu/bin/../lib/gcc/nios2-elf/5.3.0/../../../../../H-x86_64-pc-linux-gnu/nios2-elf/lib/mno-hw-mul/libsmallc.a(lib_a-memcmp.o)
