Archive member included to satisfy reference by file (symbol)

/home/luuk/intelFPGA_lite/18.1/nios2eds/bin/gnu/H-x86_64-pc-linux-gnu/bin/../lib/gcc/nios2-elf/5.3.0/../../../../../H-x86_64-pc-linux-gnu/nios2-elf/lib/libsmallc.a(lib_a-rand.o)
                              obj/default/video.o (rand)
/home/luuk/intelFPGA_lite/18.1/nios2eds/bin/gnu/H-x86_64-pc-linux-gnu/bin/../lib/gcc/nios2-elf/5.3.0/libgcc.a(_muldi3.o)
                              /home/luuk/intelFPGA_lite/18.1/nios2eds/bin/gnu/H-x86_64-pc-linux-gnu/bin/../lib/gcc/nios2-elf/5.3.0/../../../../../H-x86_64-pc-linux-gnu/nios2-elf/lib/libsmallc.a(lib_a-rand.o) (__muldi3)
../barcode_bsp//libhal_bsp.a(alt_load.o)
                              ../barcode_bsp//obj/HAL/src/crt0.o (alt_load)
../barcode_bsp//libhal_bsp.a(alt_main.o)
                              ../barcode_bsp//obj/HAL/src/crt0.o (alt_main)
../barcode_bsp//libhal_bsp.a(alt_printf.o)
                              obj/default/network.o (alt_printf)
../barcode_bsp//libhal_bsp.a(alt_putchar.o)
                              ../barcode_bsp//libhal_bsp.a(alt_printf.o) (alt_putchar)
../barcode_bsp//libhal_bsp.a(alt_usleep.o)
                              obj/default/video.o (usleep)
../barcode_bsp//libhal_bsp.a(alt_sys_init.o)
                              ../barcode_bsp//libhal_bsp.a(alt_main.o) (alt_irq_init)
../barcode_bsp//libhal_bsp.a(altera_avalon_jtag_uart_write.o)
                              ../barcode_bsp//libhal_bsp.a(alt_putchar.o) (altera_avalon_jtag_uart_write)
../barcode_bsp//libhal_bsp.a(altera_avalon_sgdma.o)
                              obj/default/network.o (alt_avalon_sgdma_do_async_transfer)
../barcode_bsp//libhal_bsp.a(alt_busy_sleep.o)
                              ../barcode_bsp//libhal_bsp.a(alt_usleep.o) (alt_busy_sleep)
../barcode_bsp//libhal_bsp.a(alt_dcache_flush.o)
                              ../barcode_bsp//libhal_bsp.a(altera_avalon_sgdma.o) (alt_dcache_flush)
../barcode_bsp//libhal_bsp.a(alt_dcache_flush_all.o)
                              ../barcode_bsp//libhal_bsp.a(alt_load.o) (alt_dcache_flush_all)
../barcode_bsp//libhal_bsp.a(alt_dev_llist_insert.o)
                              ../barcode_bsp//libhal_bsp.a(altera_avalon_sgdma.o) (alt_dev_llist_insert)
../barcode_bsp//libhal_bsp.a(alt_errno.o)
                              ../barcode_bsp//libhal_bsp.a(altera_avalon_sgdma.o) (alt_errno)
../barcode_bsp//libhal_bsp.a(alt_find_dev.o)
                              ../barcode_bsp//libhal_bsp.a(altera_avalon_sgdma.o) (alt_find_dev)
../barcode_bsp//libhal_bsp.a(alt_icache_flush_all.o)
                              ../barcode_bsp//libhal_bsp.a(alt_load.o) (alt_icache_flush_all)
../barcode_bsp//libhal_bsp.a(alt_iic.o)
                              ../barcode_bsp//libhal_bsp.a(altera_avalon_sgdma.o) (alt_ic_isr_register)
../barcode_bsp//libhal_bsp.a(alt_iic_isr_register.o)
                              ../barcode_bsp//libhal_bsp.a(alt_iic.o) (alt_iic_isr_register)
../barcode_bsp//libhal_bsp.a(alt_irq_entry.o)
                              ../barcode_bsp//libhal_bsp.a(alt_iic_isr_register.o) (alt_irq_entry)
../barcode_bsp//libhal_bsp.a(alt_irq_handler.o)
                              ../barcode_bsp//libhal_bsp.a(alt_iic_isr_register.o) (alt_irq_handler)
../barcode_bsp//libhal_bsp.a(alt_irq_vars.o)
                              ../barcode_bsp//libhal_bsp.a(alt_iic.o) (alt_irq_active)
../barcode_bsp//libhal_bsp.a(altera_nios2_qsys_irq.o)
                              ../barcode_bsp//libhal_bsp.a(alt_sys_init.o) (altera_nios2_qsys_irq_init)
../barcode_bsp//libhal_bsp.a(alt_exception_entry.o)
                              ../barcode_bsp//libhal_bsp.a(alt_irq_entry.o) (alt_exception)
../barcode_bsp//libhal_bsp.a(alt_icache_flush.o)
                              ../barcode_bsp//libhal_bsp.a(alt_icache_flush_all.o) (alt_icache_flush)
/home/luuk/intelFPGA_lite/18.1/nios2eds/bin/gnu/H-x86_64-pc-linux-gnu/bin/../lib/gcc/nios2-elf/5.3.0/../../../../../H-x86_64-pc-linux-gnu/nios2-elf/lib/libsmallc.a(lib_a-int_errno.o)
                              ../barcode_bsp//libhal_bsp.a(altera_avalon_sgdma.o) (errno)
/home/luuk/intelFPGA_lite/18.1/nios2eds/bin/gnu/H-x86_64-pc-linux-gnu/bin/../lib/gcc/nios2-elf/5.3.0/../../../../../H-x86_64-pc-linux-gnu/nios2-elf/lib/libsmallc.a(lib_a-memcmp.o)
                              ../barcode_bsp//libhal_bsp.a(alt_find_dev.o) (memcmp)
/home/luuk/intelFPGA_lite/18.1/nios2eds/bin/gnu/H-x86_64-pc-linux-gnu/bin/../lib/gcc/nios2-elf/5.3.0/../../../../../H-x86_64-pc-linux-gnu/nios2-elf/lib/libsmallc.a(lib_a-strlen.o)
                              ../barcode_bsp//libhal_bsp.a(alt_find_dev.o) (strlen)
/home/luuk/intelFPGA_lite/18.1/nios2eds/bin/gnu/H-x86_64-pc-linux-gnu/bin/../lib/gcc/nios2-elf/5.3.0/libgcc.a(lib2-divmod.o)
                              ../barcode_bsp//libhal_bsp.a(alt_busy_sleep.o) (__udivsi3)

Allocating common symbols
Common symbol       size              file

alt_irq             0x100             ../barcode_bsp//libhal_bsp.a(alt_irq_handler.o)
errno               0x4               /home/luuk/intelFPGA_lite/18.1/nios2eds/bin/gnu/H-x86_64-pc-linux-gnu/bin/../lib/gcc/nios2-elf/5.3.0/../../../../../H-x86_64-pc-linux-gnu/nios2-elf/lib/libsmallc.a(lib_a-int_errno.o)
sgdma_tx_dev        0x4               obj/default/network.o
text_length         0x4               obj/default/network.o
sgdma_rx_dev        0x4               obj/default/network.o

Memory Configuration

Name             Origin             Length             Attributes
VideoRAM         0x0000000000000000 0x0000000000002710
reset            0x0000000000080000 0x0000000000000020
onchip_memory    0x0000000000080020 0x000000000004afe0
descriptor_memory 0x0000000000100000 0x0000000000001000
*default*        0x0000000000000000 0xffffffffffffffff

Linker script and memory map

LOAD ../barcode_bsp//obj/HAL/src/crt0.o
LOAD obj/default/main.o
LOAD obj/default/network.o
LOAD obj/default/video.o
LOAD /home/luuk/intelFPGA_lite/18.1/nios2eds/bin/gnu/H-x86_64-pc-linux-gnu/bin/../lib/gcc/nios2-elf/5.3.0/../../../../../H-x86_64-pc-linux-gnu/nios2-elf/lib/libstdc++.a
LOAD /home/luuk/intelFPGA_lite/18.1/nios2eds/bin/gnu/H-x86_64-pc-linux-gnu/bin/../lib/gcc/nios2-elf/5.3.0/../../../../../H-x86_64-pc-linux-gnu/nios2-elf/lib/libm.a
LOAD /home/luuk/intelFPGA_lite/18.1/nios2eds/bin/gnu/H-x86_64-pc-linux-gnu/bin/../lib/gcc/nios2-elf/5.3.0/libgcc.a
START GROUP
LOAD /home/luuk/intelFPGA_lite/18.1/nios2eds/bin/gnu/H-x86_64-pc-linux-gnu/bin/../lib/gcc/nios2-elf/5.3.0/../../../../../H-x86_64-pc-linux-gnu/nios2-elf/lib/libsmallc.a
LOAD /home/luuk/intelFPGA_lite/18.1/nios2eds/bin/gnu/H-x86_64-pc-linux-gnu/bin/../lib/gcc/nios2-elf/5.3.0/libgcc.a
LOAD ../barcode_bsp//libhal_bsp.a
LOAD /home/luuk/intelFPGA_lite/18.1/nios2eds/bin/gnu/H-x86_64-pc-linux-gnu/bin/../lib/gcc/nios2-elf/5.3.0/../../../../../H-x86_64-pc-linux-gnu/nios2-elf/lib/libm.a
END GROUP
LOAD /home/luuk/intelFPGA_lite/18.1/nios2eds/bin/gnu/H-x86_64-pc-linux-gnu/bin/../lib/gcc/nios2-elf/5.3.0/libgcc.a
                0x0000000000000000                __alt_mem_VideoRAM = 0x0
                0x0000000000080000                __alt_mem_onchip_memory = 0x80000
                0x0000000000100000                __alt_mem_descriptor_memory = 0x100000

.entry          0x0000000000080000       0x20
 *(.entry)
 .entry         0x0000000000080000       0x20 ../barcode_bsp//obj/HAL/src/crt0.o
                0x0000000000080000                __reset
                0x000000000008001c                _exit

.exceptions     0x0000000000080020      0x12c
                0x0000000000080020                PROVIDE (__ram_exceptions_start, ABSOLUTE (.))
                0x0000000000080020                . = ALIGN (0x20)
 *(.irq)
 *(.exceptions.entry.label)
 .exceptions.entry.label
                0x0000000000080020        0x0 ../barcode_bsp//libhal_bsp.a(alt_irq_entry.o)
                0x0000000000080020                alt_irq_entry
 .exceptions.entry.label
                0x0000000000080020        0x0 ../barcode_bsp//libhal_bsp.a(alt_exception_entry.o)
                0x0000000000080020                alt_exception
 *(.exceptions.entry.user)
 *(.exceptions.entry.ecc_fatal)
 *(.exceptions.entry)
 .exceptions.entry
                0x0000000000080020       0x54 ../barcode_bsp//libhal_bsp.a(alt_exception_entry.o)
 *(.exceptions.irqtest.user)
 *(.exceptions.irqtest)
 .exceptions.irqtest
                0x0000000000080074       0x10 ../barcode_bsp//libhal_bsp.a(alt_irq_entry.o)
 *(.exceptions.irqhandler.user)
 *(.exceptions.irqhandler)
 .exceptions.irqhandler
                0x0000000000080084        0x4 ../barcode_bsp//libhal_bsp.a(alt_irq_entry.o)
 *(.exceptions.irqreturn.user)
 *(.exceptions.irqreturn)
 .exceptions.irqreturn
                0x0000000000080088        0x4 ../barcode_bsp//libhal_bsp.a(alt_irq_entry.o)
 *(.exceptions.notirq.label)
 .exceptions.notirq.label
                0x000000000008008c        0x0 ../barcode_bsp//libhal_bsp.a(alt_irq_entry.o)
 *(.exceptions.notirq.user)
 *(.exceptions.notirq)
 .exceptions.notirq
                0x000000000008008c        0x8 ../barcode_bsp//libhal_bsp.a(alt_exception_entry.o)
 *(.exceptions.soft.user)
 *(.exceptions.soft)
 *(.exceptions.unknown.user)
 *(.exceptions.unknown)
 .exceptions.unknown
                0x0000000000080094        0x4 ../barcode_bsp//libhal_bsp.a(alt_exception_entry.o)
 *(.exceptions.exit.label)
 .exceptions.exit.label
                0x0000000000080098        0x0 ../barcode_bsp//libhal_bsp.a(alt_irq_entry.o)
 .exceptions.exit.label
                0x0000000000080098        0x0 ../barcode_bsp//libhal_bsp.a(alt_exception_entry.o)
 *(.exceptions.exit.user)
 *(.exceptions.exit)
 .exceptions.exit
                0x0000000000080098       0x54 ../barcode_bsp//libhal_bsp.a(alt_exception_entry.o)
 *(.exceptions)
 .exceptions    0x00000000000800ec       0x60 ../barcode_bsp//libhal_bsp.a(alt_irq_handler.o)
                0x00000000000800ec                alt_irq_handler
                0x000000000008014c                PROVIDE (__ram_exceptions_end, ABSOLUTE (.))
                0x0000000000080020                PROVIDE (__flash_exceptions_start, LOADADDR (.exceptions))

.text           0x000000000008014c     0x1294
                [!provide]                        PROVIDE (stext, ABSOLUTE (.))
 *(.interp)
 *(.hash)
 *(.dynsym)
 *(.dynstr)
 *(.gnu.version)
 *(.gnu.version_d)
 *(.gnu.version_r)
 *(.rel.init)
 *(.rela.init)
 *(.rel.text .rel.text.* .rel.gnu.linkonce.t.*)
 *(.rela.text .rela.text.* .rela.gnu.linkonce.t.*)
 *(.rel.fini)
 *(.rela.fini)
 *(.rel.rodata .rel.rodata.* .rel.gnu.linkonce.r.*)
 *(.rela.rodata .rela.rodata.* .rela.gnu.linkonce.r.*)
 *(.rel.data .rel.data.* .rel.gnu.linkonce.d.*)
 *(.rela.data .rela.data.* .rela.gnu.linkonce.d.*)
 *(.rel.tdata .rel.tdata.* .rel.gnu.linkonce.td.*)
 *(.rela.tdata .rela.tdata.* .rela.gnu.linkonce.td.*)
 *(.rel.tbss .rel.tbss.* .rel.gnu.linkonce.tb.*)
 *(.rela.tbss .rela.tbss.* .rela.gnu.linkonce.tb.*)
 *(.rel.ctors)
 *(.rela.ctors)
 *(.rel.dtors)
 *(.rela.dtors)
 *(.rel.got)
 *(.rela.got)
 *(.rel.sdata .rel.sdata.* .rel.gnu.linkonce.s.*)
 *(.rela.sdata .rela.sdata.* .rela.gnu.linkonce.s.*)
 *(.rel.sbss .rel.sbss.* .rel.gnu.linkonce.sb.*)
 *(.rela.sbss .rela.sbss.* .rela.gnu.linkonce.sb.*)
 *(.rel.sdata2 .rel.sdata2.* .rel.gnu.linkonce.s2.*)
 *(.rela.sdata2 .rela.sdata2.* .rela.gnu.linkonce.s2.*)
 *(.rel.sbss2 .rel.sbss2.* .rel.gnu.linkonce.sb2.*)
 *(.rela.sbss2 .rela.sbss2.* .rela.gnu.linkonce.sb2.*)
 *(.rel.bss .rel.bss.* .rel.gnu.linkonce.b.*)
 *(.rela.bss .rela.bss.* .rela.gnu.linkonce.b.*)
 *(.rel.plt)
 *(.rela.plt)
 *(.rel.dyn)
 *(.init)
 *(.plt)
 *(.text .stub .text.* .gnu.linkonce.t.*)
 .text          0x000000000008014c       0x3c ../barcode_bsp//obj/HAL/src/crt0.o
                0x000000000008014c                _start
 .text          0x0000000000080188        0x0 obj/default/main.o
 .text.startup  0x0000000000080188       0x14 obj/default/main.o
                0x0000000000080188                main
 .text          0x000000000008019c      0x2f4 obj/default/network.o
                0x000000000008019c                rx_ethernet_isr
                0x0000000000080204                setup
                0x00000000000803c0                refresh_ethernet
                0x0000000000080408                tx_ethernet_isr
 .text          0x0000000000080490       0xc4 obj/default/video.o
                0x0000000000080490                drawColor
                0x00000000000804c0                video
 .text          0x0000000000080554        0x0 /home/luuk/intelFPGA_lite/18.1/nios2eds/bin/gnu/H-x86_64-pc-linux-gnu/bin/../lib/gcc/nios2-elf/5.3.0/../../../../../H-x86_64-pc-linux-gnu/nios2-elf/lib/libsmallc.a(lib_a-rand.o)
 .text.srand    0x0000000000080554       0x14 /home/luuk/intelFPGA_lite/18.1/nios2eds/bin/gnu/H-x86_64-pc-linux-gnu/bin/../lib/gcc/nios2-elf/5.3.0/../../../../../H-x86_64-pc-linux-gnu/nios2-elf/lib/libsmallc.a(lib_a-rand.o)
                0x0000000000080554                srand
 .text.rand     0x0000000000080568       0x60 /home/luuk/intelFPGA_lite/18.1/nios2eds/bin/gnu/H-x86_64-pc-linux-gnu/bin/../lib/gcc/nios2-elf/5.3.0/../../../../../H-x86_64-pc-linux-gnu/nios2-elf/lib/libsmallc.a(lib_a-rand.o)
                0x0000000000080568                rand
 .text          0x00000000000805c8       0x60 /home/luuk/intelFPGA_lite/18.1/nios2eds/bin/gnu/H-x86_64-pc-linux-gnu/bin/../lib/gcc/nios2-elf/5.3.0/libgcc.a(_muldi3.o)
                0x00000000000805c8                __muldi3
 .text          0x0000000000080628       0xe0 ../barcode_bsp//libhal_bsp.a(alt_load.o)
                0x0000000000080628                alt_load
 .text          0x0000000000080708       0x2c ../barcode_bsp//libhal_bsp.a(alt_main.o)
                0x0000000000080708                alt_main
 .text          0x0000000000080734      0x170 ../barcode_bsp//libhal_bsp.a(alt_printf.o)
                0x0000000000080734                alt_printf
 .text          0x00000000000808a4       0x48 ../barcode_bsp//libhal_bsp.a(alt_putchar.o)
                0x00000000000808a4                alt_putchar
 .text          0x00000000000808ec        0x4 ../barcode_bsp//libhal_bsp.a(alt_usleep.o)
                0x00000000000808ec                usleep
 .text          0x00000000000808f0       0x58 ../barcode_bsp//libhal_bsp.a(alt_sys_init.o)
                0x00000000000808f0                alt_irq_init
                0x0000000000080910                alt_sys_init
 .text          0x0000000000080948       0x34 ../barcode_bsp//libhal_bsp.a(altera_avalon_jtag_uart_write.o)
                0x0000000000080948                altera_avalon_jtag_uart_write
 .text          0x000000000008097c      0x5c4 ../barcode_bsp//libhal_bsp.a(altera_avalon_sgdma.o)
                0x00000000000809d8                alt_avalon_sgdma_do_async_transfer
                0x0000000000080a54                alt_avalon_sgdma_do_sync_transfer
                0x0000000000080ad4                alt_avalon_sgdma_register_callback
                0x0000000000080ae4                alt_avalon_sgdma_start
                0x0000000000080afc                alt_avalon_sgdma_stop
                0x0000000000080b18                alt_avalon_sgdma_check_descriptor_status
                0x0000000000080b44                alt_avalon_sgdma_open
                0x0000000000080b90                alt_avalon_sgdma_enable_desc_poll
                0x0000000000080bc0                alt_avalon_sgdma_disable_desc_poll
                0x0000000000080be0                alt_avalon_sgdma_construct_descriptor_burst
                0x0000000000080cf4                alt_avalon_sgdma_construct_mem_to_mem_desc_burst
                0x0000000000080d3c                alt_avalon_sgdma_construct_mem_to_mem_desc
                0x0000000000080d74                alt_avalon_sgdma_construct_stream_to_mem_desc_burst
                0x0000000000080dbc                alt_avalon_sgdma_construct_stream_to_mem_desc
                0x0000000000080de4                alt_avalon_sgdma_construct_mem_to_stream_desc_burst
                0x0000000000080e34                alt_avalon_sgdma_construct_mem_to_stream_desc
                0x0000000000080e74                alt_avalon_sgdma_construct_descriptor
                0x0000000000080ebc                alt_avalon_sgdma_init
 .text          0x0000000000080f40       0x78 ../barcode_bsp//libhal_bsp.a(alt_busy_sleep.o)
                0x0000000000080f40                alt_busy_sleep
 .text          0x0000000000080fb8        0x4 ../barcode_bsp//libhal_bsp.a(alt_dcache_flush.o)
                0x0000000000080fb8                alt_dcache_flush
 .text          0x0000000000080fbc        0x4 ../barcode_bsp//libhal_bsp.a(alt_dcache_flush_all.o)
                0x0000000000080fbc                alt_dcache_flush_all
 .text          0x0000000000080fc0       0x6c ../barcode_bsp//libhal_bsp.a(alt_dev_llist_insert.o)
                0x0000000000080fc0                alt_dev_llist_insert
 .text          0x000000000008102c        0x0 ../barcode_bsp//libhal_bsp.a(alt_errno.o)
 .text          0x000000000008102c       0x74 ../barcode_bsp//libhal_bsp.a(alt_find_dev.o)
                0x000000000008102c                alt_find_dev
 .text          0x00000000000810a0        0xc ../barcode_bsp//libhal_bsp.a(alt_icache_flush_all.o)
                0x00000000000810a0                alt_icache_flush_all
 .text          0x00000000000810ac       0x8c ../barcode_bsp//libhal_bsp.a(alt_iic.o)
                0x00000000000810ac                alt_ic_isr_register
                0x00000000000810b0                alt_ic_irq_enable
                0x00000000000810e8                alt_ic_irq_disable
                0x0000000000081120                alt_ic_irq_enabled
 .text          0x0000000000081138       0x68 ../barcode_bsp//libhal_bsp.a(alt_iic_isr_register.o)
                0x0000000000081138                alt_iic_isr_register
 .text          0x00000000000811a0        0x0 ../barcode_bsp//libhal_bsp.a(alt_irq_entry.o)
 .text          0x00000000000811a0        0x0 ../barcode_bsp//libhal_bsp.a(alt_irq_handler.o)
 .text          0x00000000000811a0        0x0 ../barcode_bsp//libhal_bsp.a(alt_irq_vars.o)
 .text          0x00000000000811a0        0x8 ../barcode_bsp//libhal_bsp.a(altera_nios2_qsys_irq.o)
                0x00000000000811a0                altera_nios2_qsys_irq_init
 .text          0x00000000000811a8        0x0 ../barcode_bsp//libhal_bsp.a(alt_exception_entry.o)
 .text          0x00000000000811a8       0x38 ../barcode_bsp//libhal_bsp.a(alt_icache_flush.o)
                0x00000000000811a8                alt_icache_flush
 .text          0x00000000000811e0        0x0 /home/luuk/intelFPGA_lite/18.1/nios2eds/bin/gnu/H-x86_64-pc-linux-gnu/bin/../lib/gcc/nios2-elf/5.3.0/../../../../../H-x86_64-pc-linux-gnu/nios2-elf/lib/libsmallc.a(lib_a-int_errno.o)
 .text          0x00000000000811e0        0x0 /home/luuk/intelFPGA_lite/18.1/nios2eds/bin/gnu/H-x86_64-pc-linux-gnu/bin/../lib/gcc/nios2-elf/5.3.0/../../../../../H-x86_64-pc-linux-gnu/nios2-elf/lib/libsmallc.a(lib_a-memcmp.o)
 .text.memcmp   0x00000000000811e0       0x30 /home/luuk/intelFPGA_lite/18.1/nios2eds/bin/gnu/H-x86_64-pc-linux-gnu/bin/../lib/gcc/nios2-elf/5.3.0/../../../../../H-x86_64-pc-linux-gnu/nios2-elf/lib/libsmallc.a(lib_a-memcmp.o)
                0x00000000000811e0                memcmp
 .text          0x0000000000081210        0x0 /home/luuk/intelFPGA_lite/18.1/nios2eds/bin/gnu/H-x86_64-pc-linux-gnu/bin/../lib/gcc/nios2-elf/5.3.0/../../../../../H-x86_64-pc-linux-gnu/nios2-elf/lib/libsmallc.a(lib_a-strlen.o)
 .text.strlen   0x0000000000081210       0x1c /home/luuk/intelFPGA_lite/18.1/nios2eds/bin/gnu/H-x86_64-pc-linux-gnu/bin/../lib/gcc/nios2-elf/5.3.0/../../../../../H-x86_64-pc-linux-gnu/nios2-elf/lib/libsmallc.a(lib_a-strlen.o)
                0x0000000000081210                strlen
 .text          0x000000000008122c      0x1b4 /home/luuk/intelFPGA_lite/18.1/nios2eds/bin/gnu/H-x86_64-pc-linux-gnu/bin/../lib/gcc/nios2-elf/5.3.0/libgcc.a(lib2-divmod.o)
                0x000000000008122c                __divsi3
                0x00000000000812b0                __modsi3
                0x0000000000081324                __udivsi3
                0x0000000000081388                __umodsi3
 *(.gnu.warning.*)
 *(.fini)
                [!provide]                        PROVIDE (__etext, ABSOLUTE (.))
                [!provide]                        PROVIDE (_etext, ABSOLUTE (.))
                [!provide]                        PROVIDE (etext, ABSOLUTE (.))
 *(.eh_frame_hdr)
                0x00000000000813e0                . = ALIGN (0x4)
                [!provide]                        PROVIDE (__preinit_array_start, ABSOLUTE (.))
 *(.preinit_array)
                [!provide]                        PROVIDE (__preinit_array_end, ABSOLUTE (.))
                [!provide]                        PROVIDE (__init_array_start, ABSOLUTE (.))
 *(.init_array)
                [!provide]                        PROVIDE (__init_array_end, ABSOLUTE (.))
                [!provide]                        PROVIDE (__fini_array_start, ABSOLUTE (.))
 *(.fini_array)
                [!provide]                        PROVIDE (__fini_array_end, ABSOLUTE (.))
 *(.eh_frame)
 *(.gcc_except_table .gcc_except_table.*)
 *(.dynamic)
                [!provide]                        PROVIDE (__CTOR_LIST__, ABSOLUTE (.))
 *(.ctors)
 *(SORT(.ctors.*))
                [!provide]                        PROVIDE (__CTOR_END__, ABSOLUTE (.))
                [!provide]                        PROVIDE (__DTOR_LIST__, ABSOLUTE (.))
 *(.dtors)
 *(SORT(.dtors.*))
                [!provide]                        PROVIDE (__DTOR_END__, ABSOLUTE (.))
 *(.jcr)
                0x00000000000813e0                . = ALIGN (0x4)

.rodata         0x00000000000813e0       0xf8
                0x00000000000813e0                PROVIDE (__ram_rodata_start, ABSOLUTE (.))
                0x00000000000813e0                . = ALIGN (0x4)
 *(.rodata .rodata.* .gnu.linkonce.r.*)
 .rodata.str1.4
                0x00000000000813e0       0xf8 obj/default/network.o
                                         0xf6 (size before relaxing)
 .rodata.str1.4
                0x00000000000814d8       0x1e ../barcode_bsp//libhal_bsp.a(alt_sys_init.o)
 *(.rodata1)
                0x00000000000814f8                . = ALIGN (0x4)
                0x00000000000814f8                PROVIDE (__ram_rodata_end, ABSOLUTE (.))
                0x00000000000813e0                PROVIDE (__flash_rodata_start, LOADADDR (.rodata))

.rwdata         0x00000000000814d8      0x474 load address 0x000000000008194c
                0x00000000000814d8                PROVIDE (__ram_rwdata_start, ABSOLUTE (.))
                0x00000000000814d8                . = ALIGN (0x4)
 *(.got.plt)
 *(.got)
 *(.data1)
 *(.data .data.* .gnu.linkonce.d.*)
 .data          0x00000000000814d8        0x0 ../barcode_bsp//obj/HAL/src/crt0.o
 .data          0x00000000000814d8        0x0 obj/default/main.o
 .data          0x00000000000814d8      0x400 obj/default/network.o
                0x00000000000814d8                tx_frame
 .data          0x00000000000818d8        0x0 obj/default/video.o
 .data          0x00000000000818d8        0x0 /home/luuk/intelFPGA_lite/18.1/nios2eds/bin/gnu/H-x86_64-pc-linux-gnu/bin/../lib/gcc/nios2-elf/5.3.0/../../../../../H-x86_64-pc-linux-gnu/nios2-elf/lib/libsmallc.a(lib_a-rand.o)
 .data          0x00000000000818d8        0x0 /home/luuk/intelFPGA_lite/18.1/nios2eds/bin/gnu/H-x86_64-pc-linux-gnu/bin/../lib/gcc/nios2-elf/5.3.0/libgcc.a(_muldi3.o)
 .data          0x00000000000818d8        0x0 ../barcode_bsp//libhal_bsp.a(alt_load.o)
 .data          0x00000000000818d8        0x0 ../barcode_bsp//libhal_bsp.a(alt_main.o)
 .data          0x00000000000818d8        0x0 ../barcode_bsp//libhal_bsp.a(alt_printf.o)
 .data          0x00000000000818d8        0x0 ../barcode_bsp//libhal_bsp.a(alt_putchar.o)
 .data          0x00000000000818d8        0x0 ../barcode_bsp//libhal_bsp.a(alt_usleep.o)
 .data          0x00000000000818d8       0x60 ../barcode_bsp//libhal_bsp.a(alt_sys_init.o)
 .data          0x0000000000081938        0x0 ../barcode_bsp//libhal_bsp.a(altera_avalon_jtag_uart_write.o)
 .data          0x0000000000081938        0x0 ../barcode_bsp//libhal_bsp.a(altera_avalon_sgdma.o)
 .data          0x0000000000081938        0x0 ../barcode_bsp//libhal_bsp.a(alt_busy_sleep.o)
 .data          0x0000000000081938        0x0 ../barcode_bsp//libhal_bsp.a(alt_dcache_flush.o)
 .data          0x0000000000081938        0x0 ../barcode_bsp//libhal_bsp.a(alt_dcache_flush_all.o)
 .data          0x0000000000081938        0x0 ../barcode_bsp//libhal_bsp.a(alt_dev_llist_insert.o)
 .data          0x0000000000081938        0x0 ../barcode_bsp//libhal_bsp.a(alt_errno.o)
 .data          0x0000000000081938        0x0 ../barcode_bsp//libhal_bsp.a(alt_find_dev.o)
 .data          0x0000000000081938        0x0 ../barcode_bsp//libhal_bsp.a(alt_icache_flush_all.o)
 .data          0x0000000000081938        0x0 ../barcode_bsp//libhal_bsp.a(alt_iic.o)
 .data          0x0000000000081938        0x0 ../barcode_bsp//libhal_bsp.a(alt_iic_isr_register.o)
 .data          0x0000000000081938        0x0 ../barcode_bsp//libhal_bsp.a(alt_irq_entry.o)
 .data          0x0000000000081938        0x0 ../barcode_bsp//libhal_bsp.a(alt_irq_handler.o)
 .data          0x0000000000081938        0x0 ../barcode_bsp//libhal_bsp.a(alt_irq_vars.o)
 .data          0x0000000000081938        0x0 ../barcode_bsp//libhal_bsp.a(altera_nios2_qsys_irq.o)
 .data          0x0000000000081938        0x0 ../barcode_bsp//libhal_bsp.a(alt_exception_entry.o)
 .data          0x0000000000081938        0x0 ../barcode_bsp//libhal_bsp.a(alt_icache_flush.o)
 .data          0x0000000000081938        0x0 /home/luuk/intelFPGA_lite/18.1/nios2eds/bin/gnu/H-x86_64-pc-linux-gnu/bin/../lib/gcc/nios2-elf/5.3.0/../../../../../H-x86_64-pc-linux-gnu/nios2-elf/lib/libsmallc.a(lib_a-int_errno.o)
 .data          0x0000000000081938        0x0 /home/luuk/intelFPGA_lite/18.1/nios2eds/bin/gnu/H-x86_64-pc-linux-gnu/bin/../lib/gcc/nios2-elf/5.3.0/../../../../../H-x86_64-pc-linux-gnu/nios2-elf/lib/libsmallc.a(lib_a-memcmp.o)
 .data          0x0000000000081938        0x0 /home/luuk/intelFPGA_lite/18.1/nios2eds/bin/gnu/H-x86_64-pc-linux-gnu/bin/../lib/gcc/nios2-elf/5.3.0/../../../../../H-x86_64-pc-linux-gnu/nios2-elf/lib/libsmallc.a(lib_a-strlen.o)
 .data          0x0000000000081938        0x0 /home/luuk/intelFPGA_lite/18.1/nios2eds/bin/gnu/H-x86_64-pc-linux-gnu/bin/../lib/gcc/nios2-elf/5.3.0/libgcc.a(lib2-divmod.o)
                0x0000000000089938                _gp = ABSOLUTE ((. + 0x8000))
                [!provide]                        PROVIDE (gp, _gp)
 *(.rwdata .rwdata.*)
 *(.sdata .sdata.* .gnu.linkonce.s.*)
 .sdata         0x0000000000081938        0x4 ../barcode_bsp//libhal_bsp.a(alt_sys_init.o)
                0x0000000000081938                jtag_uart
 .sdata         0x000000000008193c        0x8 ../barcode_bsp//libhal_bsp.a(altera_avalon_sgdma.o)
                0x000000000008193c                alt_sgdma_list
 .sdata         0x0000000000081944        0x4 ../barcode_bsp//libhal_bsp.a(alt_errno.o)
                0x0000000000081944                alt_errno
 .sdata         0x0000000000081948        0x4 ../barcode_bsp//libhal_bsp.a(alt_irq_vars.o)
                0x0000000000081948                alt_priority_mask
 *(.sdata2 .sdata2.* .gnu.linkonce.s2.*)
                0x000000000008194c                . = ALIGN (0x4)
                0x000000000008194c                _edata = ABSOLUTE (.)
                [!provide]                        PROVIDE (edata, ABSOLUTE (.))
                0x000000000008194c                PROVIDE (__ram_rwdata_end, ABSOLUTE (.))
                0x000000000008194c                PROVIDE (__flash_rwdata_start, LOADADDR (.rwdata))

.bss            0x0000000000081dc0      0x528
                0x0000000000081dc0                __bss_start = ABSOLUTE (.)
                [!provide]                        PROVIDE (__sbss_start, ABSOLUTE (.))
                [!provide]                        PROVIDE (___sbss_start, ABSOLUTE (.))
 *(.dynsbss)
 *(.sbss .sbss.* .gnu.linkonce.sb.*)
 .sbss          0x0000000000081dc0        0xc obj/default/network.o
                0x0000000000081dc0                sgdma_tx_dev
                0x0000000000081dc4                text_length
                0x0000000000081dc8                sgdma_rx_dev
 .sbss._randbits
                0x0000000000081dcc        0x8 /home/luuk/intelFPGA_lite/18.1/nios2eds/bin/gnu/H-x86_64-pc-linux-gnu/bin/../lib/gcc/nios2-elf/5.3.0/../../../../../H-x86_64-pc-linux-gnu/nios2-elf/lib/libsmallc.a(lib_a-rand.o)
 .sbss          0x0000000000081dd4        0xc ../barcode_bsp//libhal_bsp.a(alt_main.o)
                0x0000000000081dd4                alt_envp
                0x0000000000081dd8                alt_argv
                0x0000000000081ddc                alt_argc
 .sbss          0x0000000000081de0        0x4 ../barcode_bsp//libhal_bsp.a(alt_irq_vars.o)
                0x0000000000081de0                alt_irq_active
 .sbss          0x0000000000081de4        0x4 /home/luuk/intelFPGA_lite/18.1/nios2eds/bin/gnu/H-x86_64-pc-linux-gnu/bin/../lib/gcc/nios2-elf/5.3.0/../../../../../H-x86_64-pc-linux-gnu/nios2-elf/lib/libsmallc.a(lib_a-int_errno.o)
                0x0000000000081de4                errno
 *(.sbss2 .sbss2.* .gnu.linkonce.sb2.*)
 *(.scommon)
                [!provide]                        PROVIDE (__sbss_end, ABSOLUTE (.))
                [!provide]                        PROVIDE (___sbss_end, ABSOLUTE (.))
 *(.dynbss)
 *(.bss .bss.* .gnu.linkonce.b.*)
 .bss           0x0000000000081de8        0x0 ../barcode_bsp//obj/HAL/src/crt0.o
 .bss           0x0000000000081de8        0x0 obj/default/main.o
 .bss           0x0000000000081de8      0x400 obj/default/network.o
                0x0000000000081de8                rx_frame
 .bss           0x00000000000821e8        0x0 obj/default/video.o
 .bss           0x00000000000821e8        0x0 /home/luuk/intelFPGA_lite/18.1/nios2eds/bin/gnu/H-x86_64-pc-linux-gnu/bin/../lib/gcc/nios2-elf/5.3.0/../../../../../H-x86_64-pc-linux-gnu/nios2-elf/lib/libsmallc.a(lib_a-rand.o)
 .bss           0x00000000000821e8        0x0 /home/luuk/intelFPGA_lite/18.1/nios2eds/bin/gnu/H-x86_64-pc-linux-gnu/bin/../lib/gcc/nios2-elf/5.3.0/libgcc.a(_muldi3.o)
 .bss           0x00000000000821e8        0x0 ../barcode_bsp//libhal_bsp.a(alt_load.o)
 .bss           0x00000000000821e8        0x0 ../barcode_bsp//libhal_bsp.a(alt_main.o)
 .bss           0x00000000000821e8        0x0 ../barcode_bsp//libhal_bsp.a(alt_printf.o)
 .bss           0x00000000000821e8        0x0 ../barcode_bsp//libhal_bsp.a(alt_putchar.o)
 .bss           0x00000000000821e8        0x0 ../barcode_bsp//libhal_bsp.a(alt_usleep.o)
 .bss           0x00000000000821e8        0x0 ../barcode_bsp//libhal_bsp.a(alt_sys_init.o)
 .bss           0x00000000000821e8        0x0 ../barcode_bsp//libhal_bsp.a(altera_avalon_jtag_uart_write.o)
 .bss           0x00000000000821e8        0x0 ../barcode_bsp//libhal_bsp.a(altera_avalon_sgdma.o)
 .bss           0x00000000000821e8        0x0 ../barcode_bsp//libhal_bsp.a(alt_busy_sleep.o)
 .bss           0x00000000000821e8        0x0 ../barcode_bsp//libhal_bsp.a(alt_dcache_flush.o)
 .bss           0x00000000000821e8        0x0 ../barcode_bsp//libhal_bsp.a(alt_dcache_flush_all.o)
 .bss           0x00000000000821e8        0x0 ../barcode_bsp//libhal_bsp.a(alt_dev_llist_insert.o)
 .bss           0x00000000000821e8        0x0 ../barcode_bsp//libhal_bsp.a(alt_errno.o)
 .bss           0x00000000000821e8        0x0 ../barcode_bsp//libhal_bsp.a(alt_find_dev.o)
 .bss           0x00000000000821e8        0x0 ../barcode_bsp//libhal_bsp.a(alt_icache_flush_all.o)
 .bss           0x00000000000821e8        0x0 ../barcode_bsp//libhal_bsp.a(alt_iic.o)
 .bss           0x00000000000821e8        0x0 ../barcode_bsp//libhal_bsp.a(alt_iic_isr_register.o)
 .bss           0x00000000000821e8        0x0 ../barcode_bsp//libhal_bsp.a(alt_irq_entry.o)
 .bss           0x00000000000821e8        0x0 ../barcode_bsp//libhal_bsp.a(alt_irq_handler.o)
 .bss           0x00000000000821e8        0x0 ../barcode_bsp//libhal_bsp.a(alt_irq_vars.o)
 .bss           0x00000000000821e8        0x0 ../barcode_bsp//libhal_bsp.a(altera_nios2_qsys_irq.o)
 .bss           0x00000000000821e8        0x0 ../barcode_bsp//libhal_bsp.a(alt_exception_entry.o)
 .bss           0x00000000000821e8        0x0 ../barcode_bsp//libhal_bsp.a(alt_icache_flush.o)
 .bss           0x00000000000821e8        0x0 /home/luuk/intelFPGA_lite/18.1/nios2eds/bin/gnu/H-x86_64-pc-linux-gnu/bin/../lib/gcc/nios2-elf/5.3.0/../../../../../H-x86_64-pc-linux-gnu/nios2-elf/lib/libsmallc.a(lib_a-int_errno.o)
 .bss           0x00000000000821e8        0x0 /home/luuk/intelFPGA_lite/18.1/nios2eds/bin/gnu/H-x86_64-pc-linux-gnu/bin/../lib/gcc/nios2-elf/5.3.0/../../../../../H-x86_64-pc-linux-gnu/nios2-elf/lib/libsmallc.a(lib_a-memcmp.o)
 .bss           0x00000000000821e8        0x0 /home/luuk/intelFPGA_lite/18.1/nios2eds/bin/gnu/H-x86_64-pc-linux-gnu/bin/../lib/gcc/nios2-elf/5.3.0/../../../../../H-x86_64-pc-linux-gnu/nios2-elf/lib/libsmallc.a(lib_a-strlen.o)
 .bss           0x00000000000821e8        0x0 /home/luuk/intelFPGA_lite/18.1/nios2eds/bin/gnu/H-x86_64-pc-linux-gnu/bin/../lib/gcc/nios2-elf/5.3.0/libgcc.a(lib2-divmod.o)
 *(COMMON)
 COMMON         0x00000000000821e8      0x100 ../barcode_bsp//libhal_bsp.a(alt_irq_handler.o)
                0x00000000000821e8                alt_irq
                0x00000000000822e8                . = ALIGN (0x4)
                0x00000000000822e8                __bss_end = ABSOLUTE (.)

.VideoRAM       0x0000000000000000        0x0 load address 0x00000000000822e8
                [!provide]                        PROVIDE (_alt_partition_VideoRAM_start, ABSOLUTE (.))
 *(.VideoRAM .VideoRAM. VideoRAM.*)
                0x0000000000000000                . = ALIGN (0x4)
                [!provide]                        PROVIDE (_alt_partition_VideoRAM_end, ABSOLUTE (.))
                [!provide]                        PROVIDE (_alt_partition_VideoRAM_load_addr, LOADADDR (.VideoRAM))

.onchip_memory  0x00000000000822e8        0x0
                [!provide]                        PROVIDE (_alt_partition_onchip_memory_start, ABSOLUTE (.))
 *(.onchip_memory .onchip_memory. onchip_memory.*)
                0x00000000000822e8                . = ALIGN (0x4)
                [!provide]                        PROVIDE (_alt_partition_onchip_memory_end, ABSOLUTE (.))
                0x00000000000822e8                _end = ABSOLUTE (.)
                0x00000000000822e8                end = ABSOLUTE (.)
                0x00000000000822e8                __alt_stack_base = ABSOLUTE (.)
                [!provide]                        PROVIDE (_alt_partition_onchip_memory_load_addr, LOADADDR (.onchip_memory))

.descriptor_memory
                0x0000000000100000       0x80 load address 0x00000000000822e8
                [!provide]                        PROVIDE (_alt_partition_descriptor_memory_start, ABSOLUTE (.))
 *(.descriptor_memory .descriptor_memory. descriptor_memory.*)
 .descriptor_memory
                0x0000000000100000       0x80 obj/default/network.o
                0x0000000000100000                rx_descriptor_end
                0x0000000000100020                rx_descriptor
                0x0000000000100040                tx_descriptor_end
                0x0000000000100060                tx_descriptor
                0x0000000000100080                . = ALIGN (0x4)
                [!provide]                        PROVIDE (_alt_partition_descriptor_memory_end, ABSOLUTE (.))
                [!provide]                        PROVIDE (_alt_partition_descriptor_memory_load_addr, LOADADDR (.descriptor_memory))

.stab
 *(.stab)

.stabstr
 *(.stabstr)

.stab.excl
 *(.stab.excl)

.stab.exclstr
 *(.stab.exclstr)

.stab.index
 *(.stab.index)

.stab.indexstr
 *(.stab.indexstr)

.comment        0x0000000000000000       0x23
 *(.comment)
 .comment       0x0000000000000000       0x23 obj/default/main.o
                                         0x24 (size before relaxing)
 .comment       0x0000000000000023       0x24 obj/default/network.o
 .comment       0x0000000000000023       0x24 obj/default/video.o
 .comment       0x0000000000000023       0x24 /home/luuk/intelFPGA_lite/18.1/nios2eds/bin/gnu/H-x86_64-pc-linux-gnu/bin/../lib/gcc/nios2-elf/5.3.0/../../../../../H-x86_64-pc-linux-gnu/nios2-elf/lib/libsmallc.a(lib_a-rand.o)
 .comment       0x0000000000000023       0x24 /home/luuk/intelFPGA_lite/18.1/nios2eds/bin/gnu/H-x86_64-pc-linux-gnu/bin/../lib/gcc/nios2-elf/5.3.0/libgcc.a(_muldi3.o)
 .comment       0x0000000000000023       0x24 ../barcode_bsp//libhal_bsp.a(alt_load.o)
 .comment       0x0000000000000023       0x24 ../barcode_bsp//libhal_bsp.a(alt_main.o)
 .comment       0x0000000000000023       0x24 ../barcode_bsp//libhal_bsp.a(alt_printf.o)
 .comment       0x0000000000000023       0x24 ../barcode_bsp//libhal_bsp.a(alt_putchar.o)
 .comment       0x0000000000000023       0x24 ../barcode_bsp//libhal_bsp.a(alt_usleep.o)
 .comment       0x0000000000000023       0x24 ../barcode_bsp//libhal_bsp.a(alt_sys_init.o)
 .comment       0x0000000000000023       0x24 ../barcode_bsp//libhal_bsp.a(altera_avalon_jtag_uart_write.o)
 .comment       0x0000000000000023       0x24 ../barcode_bsp//libhal_bsp.a(altera_avalon_sgdma.o)
 .comment       0x0000000000000023       0x24 ../barcode_bsp//libhal_bsp.a(alt_busy_sleep.o)
 .comment       0x0000000000000023       0x24 ../barcode_bsp//libhal_bsp.a(alt_dcache_flush.o)
 .comment       0x0000000000000023       0x24 ../barcode_bsp//libhal_bsp.a(alt_dcache_flush_all.o)
 .comment       0x0000000000000023       0x24 ../barcode_bsp//libhal_bsp.a(alt_dev_llist_insert.o)
 .comment       0x0000000000000023       0x24 ../barcode_bsp//libhal_bsp.a(alt_errno.o)
 .comment       0x0000000000000023       0x24 ../barcode_bsp//libhal_bsp.a(alt_find_dev.o)
 .comment       0x0000000000000023       0x24 ../barcode_bsp//libhal_bsp.a(alt_icache_flush_all.o)
 .comment       0x0000000000000023       0x24 ../barcode_bsp//libhal_bsp.a(alt_iic.o)
 .comment       0x0000000000000023       0x24 ../barcode_bsp//libhal_bsp.a(alt_iic_isr_register.o)
 .comment       0x0000000000000023       0x24 ../barcode_bsp//libhal_bsp.a(alt_irq_handler.o)
 .comment       0x0000000000000023       0x24 ../barcode_bsp//libhal_bsp.a(alt_irq_vars.o)
 .comment       0x0000000000000023       0x24 ../barcode_bsp//libhal_bsp.a(altera_nios2_qsys_irq.o)
 .comment       0x0000000000000023       0x24 ../barcode_bsp//libhal_bsp.a(alt_icache_flush.o)
 .comment       0x0000000000000023       0x24 /home/luuk/intelFPGA_lite/18.1/nios2eds/bin/gnu/H-x86_64-pc-linux-gnu/bin/../lib/gcc/nios2-elf/5.3.0/../../../../../H-x86_64-pc-linux-gnu/nios2-elf/lib/libsmallc.a(lib_a-int_errno.o)
 .comment       0x0000000000000023       0x24 /home/luuk/intelFPGA_lite/18.1/nios2eds/bin/gnu/H-x86_64-pc-linux-gnu/bin/../lib/gcc/nios2-elf/5.3.0/../../../../../H-x86_64-pc-linux-gnu/nios2-elf/lib/libsmallc.a(lib_a-memcmp.o)
 .comment       0x0000000000000023       0x24 /home/luuk/intelFPGA_lite/18.1/nios2eds/bin/gnu/H-x86_64-pc-linux-gnu/bin/../lib/gcc/nios2-elf/5.3.0/../../../../../H-x86_64-pc-linux-gnu/nios2-elf/lib/libsmallc.a(lib_a-strlen.o)
 .comment       0x0000000000000023       0x24 /home/luuk/intelFPGA_lite/18.1/nios2eds/bin/gnu/H-x86_64-pc-linux-gnu/bin/../lib/gcc/nios2-elf/5.3.0/libgcc.a(lib2-divmod.o)

.debug
 *(.debug)

.line
 *(.line)

.debug_srcinfo
 *(.debug_srcinfo)

.debug_sfnames
 *(.debug_sfnames)

.debug_aranges  0x0000000000000000      0x440
 *(.debug_aranges)
 .debug_aranges
                0x0000000000000000       0x28 ../barcode_bsp//obj/HAL/src/crt0.o
 .debug_aranges
                0x0000000000000028       0x20 obj/default/main.o
 .debug_aranges
                0x0000000000000048       0x20 obj/default/network.o
 .debug_aranges
                0x0000000000000068       0x20 obj/default/video.o
 .debug_aranges
                0x0000000000000088       0x28 /home/luuk/intelFPGA_lite/18.1/nios2eds/bin/gnu/H-x86_64-pc-linux-gnu/bin/../lib/gcc/nios2-elf/5.3.0/../../../../../H-x86_64-pc-linux-gnu/nios2-elf/lib/libsmallc.a(lib_a-rand.o)
 .debug_aranges
                0x00000000000000b0       0x20 /home/luuk/intelFPGA_lite/18.1/nios2eds/bin/gnu/H-x86_64-pc-linux-gnu/bin/../lib/gcc/nios2-elf/5.3.0/libgcc.a(_muldi3.o)
 .debug_aranges
                0x00000000000000d0       0x20 ../barcode_bsp//libhal_bsp.a(alt_load.o)
 .debug_aranges
                0x00000000000000f0       0x20 ../barcode_bsp//libhal_bsp.a(alt_main.o)
 .debug_aranges
                0x0000000000000110       0x20 ../barcode_bsp//libhal_bsp.a(alt_printf.o)
 .debug_aranges
                0x0000000000000130       0x20 ../barcode_bsp//libhal_bsp.a(alt_putchar.o)
 .debug_aranges
                0x0000000000000150       0x20 ../barcode_bsp//libhal_bsp.a(alt_usleep.o)
 .debug_aranges
                0x0000000000000170       0x20 ../barcode_bsp//libhal_bsp.a(alt_sys_init.o)
 .debug_aranges
                0x0000000000000190       0x20 ../barcode_bsp//libhal_bsp.a(altera_avalon_jtag_uart_write.o)
 .debug_aranges
                0x00000000000001b0       0x20 ../barcode_bsp//libhal_bsp.a(altera_avalon_sgdma.o)
 .debug_aranges
                0x00000000000001d0       0x20 ../barcode_bsp//libhal_bsp.a(alt_busy_sleep.o)
 .debug_aranges
                0x00000000000001f0       0x20 ../barcode_bsp//libhal_bsp.a(alt_dcache_flush.o)
 .debug_aranges
                0x0000000000000210       0x20 ../barcode_bsp//libhal_bsp.a(alt_dcache_flush_all.o)
 .debug_aranges
                0x0000000000000230       0x20 ../barcode_bsp//libhal_bsp.a(alt_dev_llist_insert.o)
 .debug_aranges
                0x0000000000000250       0x18 ../barcode_bsp//libhal_bsp.a(alt_errno.o)
 .debug_aranges
                0x0000000000000268       0x20 ../barcode_bsp//libhal_bsp.a(alt_find_dev.o)
 .debug_aranges
                0x0000000000000288       0x20 ../barcode_bsp//libhal_bsp.a(alt_icache_flush_all.o)
 .debug_aranges
                0x00000000000002a8       0x20 ../barcode_bsp//libhal_bsp.a(alt_iic.o)
 .debug_aranges
                0x00000000000002c8       0x20 ../barcode_bsp//libhal_bsp.a(alt_iic_isr_register.o)
 .debug_aranges
                0x00000000000002e8       0x30 ../barcode_bsp//libhal_bsp.a(alt_irq_entry.o)
 .debug_aranges
                0x0000000000000318       0x20 ../barcode_bsp//libhal_bsp.a(alt_irq_handler.o)
 .debug_aranges
                0x0000000000000338       0x18 ../barcode_bsp//libhal_bsp.a(alt_irq_vars.o)
 .debug_aranges
                0x0000000000000350       0x20 ../barcode_bsp//libhal_bsp.a(altera_nios2_qsys_irq.o)
 .debug_aranges
                0x0000000000000370       0x38 ../barcode_bsp//libhal_bsp.a(alt_exception_entry.o)
 .debug_aranges
                0x00000000000003a8       0x20 ../barcode_bsp//libhal_bsp.a(alt_icache_flush.o)
 .debug_aranges
                0x00000000000003c8       0x18 /home/luuk/intelFPGA_lite/18.1/nios2eds/bin/gnu/H-x86_64-pc-linux-gnu/bin/../lib/gcc/nios2-elf/5.3.0/../../../../../H-x86_64-pc-linux-gnu/nios2-elf/lib/libsmallc.a(lib_a-int_errno.o)
 .debug_aranges
                0x00000000000003e0       0x20 /home/luuk/intelFPGA_lite/18.1/nios2eds/bin/gnu/H-x86_64-pc-linux-gnu/bin/../lib/gcc/nios2-elf/5.3.0/../../../../../H-x86_64-pc-linux-gnu/nios2-elf/lib/libsmallc.a(lib_a-memcmp.o)
 .debug_aranges
                0x0000000000000400       0x20 /home/luuk/intelFPGA_lite/18.1/nios2eds/bin/gnu/H-x86_64-pc-linux-gnu/bin/../lib/gcc/nios2-elf/5.3.0/../../../../../H-x86_64-pc-linux-gnu/nios2-elf/lib/libsmallc.a(lib_a-strlen.o)
 .debug_aranges
                0x0000000000000420       0x20 /home/luuk/intelFPGA_lite/18.1/nios2eds/bin/gnu/H-x86_64-pc-linux-gnu/bin/../lib/gcc/nios2-elf/5.3.0/libgcc.a(lib2-divmod.o)

.debug_pubnames
 *(.debug_pubnames)

.debug_info     0x0000000000000000     0x416b
 *(.debug_info .gnu.linkonce.wi.*)
 .debug_info    0x0000000000000000       0x68 ../barcode_bsp//obj/HAL/src/crt0.o
 .debug_info    0x0000000000000068       0x6f obj/default/main.o
 .debug_info    0x00000000000000d7      0x655 obj/default/network.o
 .debug_info    0x000000000000072c      0x17b obj/default/video.o
 .debug_info    0x00000000000008a7      0x5ec /home/luuk/intelFPGA_lite/18.1/nios2eds/bin/gnu/H-x86_64-pc-linux-gnu/bin/../lib/gcc/nios2-elf/5.3.0/../../../../../H-x86_64-pc-linux-gnu/nios2-elf/lib/libsmallc.a(lib_a-rand.o)
 .debug_info    0x0000000000000e93      0x1eb /home/luuk/intelFPGA_lite/18.1/nios2eds/bin/gnu/H-x86_64-pc-linux-gnu/bin/../lib/gcc/nios2-elf/5.3.0/libgcc.a(_muldi3.o)
 .debug_info    0x000000000000107e      0x1c9 ../barcode_bsp//libhal_bsp.a(alt_load.o)
 .debug_info    0x0000000000001247      0x169 ../barcode_bsp//libhal_bsp.a(alt_main.o)
 .debug_info    0x00000000000013b0      0x14d ../barcode_bsp//libhal_bsp.a(alt_printf.o)
 .debug_info    0x00000000000014fd      0x12a ../barcode_bsp//libhal_bsp.a(alt_putchar.o)
 .debug_info    0x0000000000001627       0xd1 ../barcode_bsp//libhal_bsp.a(alt_usleep.o)
 .debug_info    0x00000000000016f8      0x380 ../barcode_bsp//libhal_bsp.a(alt_sys_init.o)
 .debug_info    0x0000000000001a78      0x197 ../barcode_bsp//libhal_bsp.a(altera_avalon_jtag_uart_write.o)
 .debug_info    0x0000000000001c0f      0xdcd ../barcode_bsp//libhal_bsp.a(altera_avalon_sgdma.o)
 .debug_info    0x00000000000029dc       0xd8 ../barcode_bsp//libhal_bsp.a(alt_busy_sleep.o)
 .debug_info    0x0000000000002ab4       0xba ../barcode_bsp//libhal_bsp.a(alt_dcache_flush.o)
 .debug_info    0x0000000000002b6e       0x92 ../barcode_bsp//libhal_bsp.a(alt_dcache_flush_all.o)
 .debug_info    0x0000000000002c00      0x1b3 ../barcode_bsp//libhal_bsp.a(alt_dev_llist_insert.o)
 .debug_info    0x0000000000002db3       0xa6 ../barcode_bsp//libhal_bsp.a(alt_errno.o)
 .debug_info    0x0000000000002e59      0x32d ../barcode_bsp//libhal_bsp.a(alt_find_dev.o)
 .debug_info    0x0000000000003186       0xb8 ../barcode_bsp//libhal_bsp.a(alt_icache_flush_all.o)
 .debug_info    0x000000000000323e      0x38a ../barcode_bsp//libhal_bsp.a(alt_iic.o)
 .debug_info    0x00000000000035c8      0x232 ../barcode_bsp//libhal_bsp.a(alt_iic_isr_register.o)
 .debug_info    0x00000000000037fa       0x71 ../barcode_bsp//libhal_bsp.a(alt_irq_entry.o)
 .debug_info    0x000000000000386b      0x184 ../barcode_bsp//libhal_bsp.a(alt_irq_handler.o)
 .debug_info    0x00000000000039ef       0x88 ../barcode_bsp//libhal_bsp.a(alt_irq_vars.o)
 .debug_info    0x0000000000003a77       0x92 ../barcode_bsp//libhal_bsp.a(altera_nios2_qsys_irq.o)
 .debug_info    0x0000000000003b09       0x77 ../barcode_bsp//libhal_bsp.a(alt_exception_entry.o)
 .debug_info    0x0000000000003b80       0xde ../barcode_bsp//libhal_bsp.a(alt_icache_flush.o)
 .debug_info    0x0000000000003c5e       0x8a /home/luuk/intelFPGA_lite/18.1/nios2eds/bin/gnu/H-x86_64-pc-linux-gnu/bin/../lib/gcc/nios2-elf/5.3.0/../../../../../H-x86_64-pc-linux-gnu/nios2-elf/lib/libsmallc.a(lib_a-int_errno.o)
 .debug_info    0x0000000000003ce8       0xf4 /home/luuk/intelFPGA_lite/18.1/nios2eds/bin/gnu/H-x86_64-pc-linux-gnu/bin/../lib/gcc/nios2-elf/5.3.0/../../../../../H-x86_64-pc-linux-gnu/nios2-elf/lib/libsmallc.a(lib_a-memcmp.o)
 .debug_info    0x0000000000003ddc       0xc9 /home/luuk/intelFPGA_lite/18.1/nios2eds/bin/gnu/H-x86_64-pc-linux-gnu/bin/../lib/gcc/nios2-elf/5.3.0/../../../../../H-x86_64-pc-linux-gnu/nios2-elf/lib/libsmallc.a(lib_a-strlen.o)
 .debug_info    0x0000000000003ea5      0x2c6 /home/luuk/intelFPGA_lite/18.1/nios2eds/bin/gnu/H-x86_64-pc-linux-gnu/bin/../lib/gcc/nios2-elf/5.3.0/libgcc.a(lib2-divmod.o)

.debug_abbrev   0x0000000000000000     0x1a85
 *(.debug_abbrev)
 .debug_abbrev  0x0000000000000000       0x12 ../barcode_bsp//obj/HAL/src/crt0.o
 .debug_abbrev  0x0000000000000012       0x5a obj/default/main.o
 .debug_abbrev  0x000000000000006c      0x17c obj/default/network.o
 .debug_abbrev  0x00000000000001e8       0xde obj/default/video.o
 .debug_abbrev  0x00000000000002c6      0x1a0 /home/luuk/intelFPGA_lite/18.1/nios2eds/bin/gnu/H-x86_64-pc-linux-gnu/bin/../lib/gcc/nios2-elf/5.3.0/../../../../../H-x86_64-pc-linux-gnu/nios2-elf/lib/libsmallc.a(lib_a-rand.o)
 .debug_abbrev  0x0000000000000466       0xef /home/luuk/intelFPGA_lite/18.1/nios2eds/bin/gnu/H-x86_64-pc-linux-gnu/bin/../lib/gcc/nios2-elf/5.3.0/libgcc.a(_muldi3.o)
 .debug_abbrev  0x0000000000000555       0xd8 ../barcode_bsp//libhal_bsp.a(alt_load.o)
 .debug_abbrev  0x000000000000062d       0xee ../barcode_bsp//libhal_bsp.a(alt_main.o)
 .debug_abbrev  0x000000000000071b       0xd5 ../barcode_bsp//libhal_bsp.a(alt_printf.o)
 .debug_abbrev  0x00000000000007f0       0xd2 ../barcode_bsp//libhal_bsp.a(alt_putchar.o)
 .debug_abbrev  0x00000000000008c2       0x8d ../barcode_bsp//libhal_bsp.a(alt_usleep.o)
 .debug_abbrev  0x000000000000094f      0x150 ../barcode_bsp//libhal_bsp.a(alt_sys_init.o)
 .debug_abbrev  0x0000000000000a9f       0xd5 ../barcode_bsp//libhal_bsp.a(altera_avalon_jtag_uart_write.o)
 .debug_abbrev  0x0000000000000b74      0x2e4 ../barcode_bsp//libhal_bsp.a(altera_avalon_sgdma.o)
 .debug_abbrev  0x0000000000000e58       0x8d ../barcode_bsp//libhal_bsp.a(alt_busy_sleep.o)
 .debug_abbrev  0x0000000000000ee5       0x74 ../barcode_bsp//libhal_bsp.a(alt_dcache_flush.o)
 .debug_abbrev  0x0000000000000f59       0x42 ../barcode_bsp//libhal_bsp.a(alt_dcache_flush_all.o)
 .debug_abbrev  0x0000000000000f9b      0x11c ../barcode_bsp//libhal_bsp.a(alt_dev_llist_insert.o)
 .debug_abbrev  0x00000000000010b7       0x5a ../barcode_bsp//libhal_bsp.a(alt_errno.o)
 .debug_abbrev  0x0000000000001111      0x125 ../barcode_bsp//libhal_bsp.a(alt_find_dev.o)
 .debug_abbrev  0x0000000000001236       0x6f ../barcode_bsp//libhal_bsp.a(alt_icache_flush_all.o)
 .debug_abbrev  0x00000000000012a5      0x1a0 ../barcode_bsp//libhal_bsp.a(alt_iic.o)
 .debug_abbrev  0x0000000000001445      0x19c ../barcode_bsp//libhal_bsp.a(alt_iic_isr_register.o)
 .debug_abbrev  0x00000000000015e1       0x12 ../barcode_bsp//libhal_bsp.a(alt_irq_entry.o)
 .debug_abbrev  0x00000000000015f3      0x120 ../barcode_bsp//libhal_bsp.a(alt_irq_handler.o)
 .debug_abbrev  0x0000000000001713       0x40 ../barcode_bsp//libhal_bsp.a(alt_irq_vars.o)
 .debug_abbrev  0x0000000000001753       0x42 ../barcode_bsp//libhal_bsp.a(altera_nios2_qsys_irq.o)
 .debug_abbrev  0x0000000000001795       0x12 ../barcode_bsp//libhal_bsp.a(alt_exception_entry.o)
 .debug_abbrev  0x00000000000017a7       0x9b ../barcode_bsp//libhal_bsp.a(alt_icache_flush.o)
 .debug_abbrev  0x0000000000001842       0x37 /home/luuk/intelFPGA_lite/18.1/nios2eds/bin/gnu/H-x86_64-pc-linux-gnu/bin/../lib/gcc/nios2-elf/5.3.0/../../../../../H-x86_64-pc-linux-gnu/nios2-elf/lib/libsmallc.a(lib_a-int_errno.o)
 .debug_abbrev  0x0000000000001879       0x7f /home/luuk/intelFPGA_lite/18.1/nios2eds/bin/gnu/H-x86_64-pc-linux-gnu/bin/../lib/gcc/nios2-elf/5.3.0/../../../../../H-x86_64-pc-linux-gnu/nios2-elf/lib/libsmallc.a(lib_a-memcmp.o)
 .debug_abbrev  0x00000000000018f8       0x7f /home/luuk/intelFPGA_lite/18.1/nios2eds/bin/gnu/H-x86_64-pc-linux-gnu/bin/../lib/gcc/nios2-elf/5.3.0/../../../../../H-x86_64-pc-linux-gnu/nios2-elf/lib/libsmallc.a(lib_a-strlen.o)
 .debug_abbrev  0x0000000000001977      0x10e /home/luuk/intelFPGA_lite/18.1/nios2eds/bin/gnu/H-x86_64-pc-linux-gnu/bin/../lib/gcc/nios2-elf/5.3.0/libgcc.a(lib2-divmod.o)

.debug_line     0x0000000000000000     0x1a62
 *(.debug_line)
 .debug_line    0x0000000000000000       0x6c ../barcode_bsp//obj/HAL/src/crt0.o
 .debug_line    0x000000000000006c       0x47 obj/default/main.o
 .debug_line    0x00000000000000b3      0x163 obj/default/network.o
 .debug_line    0x0000000000000216       0xc2 obj/default/video.o
 .debug_line    0x00000000000002d8      0x1e8 /home/luuk/intelFPGA_lite/18.1/nios2eds/bin/gnu/H-x86_64-pc-linux-gnu/bin/../lib/gcc/nios2-elf/5.3.0/../../../../../H-x86_64-pc-linux-gnu/nios2-elf/lib/libsmallc.a(lib_a-rand.o)
 .debug_line    0x00000000000004c0       0x86 /home/luuk/intelFPGA_lite/18.1/nios2eds/bin/gnu/H-x86_64-pc-linux-gnu/bin/../lib/gcc/nios2-elf/5.3.0/libgcc.a(_muldi3.o)
 .debug_line    0x0000000000000546       0xa4 ../barcode_bsp//libhal_bsp.a(alt_load.o)
 .debug_line    0x00000000000005ea       0xbd ../barcode_bsp//libhal_bsp.a(alt_main.o)
 .debug_line    0x00000000000006a7      0x11f ../barcode_bsp//libhal_bsp.a(alt_printf.o)
 .debug_line    0x00000000000007c6       0x55 ../barcode_bsp//libhal_bsp.a(alt_putchar.o)
 .debug_line    0x000000000000081b       0xdc ../barcode_bsp//libhal_bsp.a(alt_usleep.o)
 .debug_line    0x00000000000008f7      0x146 ../barcode_bsp//libhal_bsp.a(alt_sys_init.o)
 .debug_line    0x0000000000000a3d       0xf0 ../barcode_bsp//libhal_bsp.a(altera_avalon_jtag_uart_write.o)
 .debug_line    0x0000000000000b2d      0x273 ../barcode_bsp//libhal_bsp.a(altera_avalon_sgdma.o)
 .debug_line    0x0000000000000da0       0xb3 ../barcode_bsp//libhal_bsp.a(alt_busy_sleep.o)
 .debug_line    0x0000000000000e53       0x63 ../barcode_bsp//libhal_bsp.a(alt_dcache_flush.o)
 .debug_line    0x0000000000000eb6       0x4e ../barcode_bsp//libhal_bsp.a(alt_dcache_flush_all.o)
 .debug_line    0x0000000000000f04       0xd8 ../barcode_bsp//libhal_bsp.a(alt_dev_llist_insert.o)
 .debug_line    0x0000000000000fdc       0x51 ../barcode_bsp//libhal_bsp.a(alt_errno.o)
 .debug_line    0x000000000000102d      0x114 ../barcode_bsp//libhal_bsp.a(alt_find_dev.o)
 .debug_line    0x0000000000001141       0x6e ../barcode_bsp//libhal_bsp.a(alt_icache_flush_all.o)
 .debug_line    0x00000000000011af       0xf1 ../barcode_bsp//libhal_bsp.a(alt_iic.o)
 .debug_line    0x00000000000012a0       0xd6 ../barcode_bsp//libhal_bsp.a(alt_iic_isr_register.o)
 .debug_line    0x0000000000001376       0x6b ../barcode_bsp//libhal_bsp.a(alt_irq_entry.o)
 .debug_line    0x00000000000013e1       0xa5 ../barcode_bsp//libhal_bsp.a(alt_irq_handler.o)
 .debug_line    0x0000000000001486       0x50 ../barcode_bsp//libhal_bsp.a(alt_irq_vars.o)
 .debug_line    0x00000000000014d6       0x50 ../barcode_bsp//libhal_bsp.a(altera_nios2_qsys_irq.o)
 .debug_line    0x0000000000001526       0xab ../barcode_bsp//libhal_bsp.a(alt_exception_entry.o)
 .debug_line    0x00000000000015d1       0x7d ../barcode_bsp//libhal_bsp.a(alt_icache_flush.o)
 .debug_line    0x000000000000164e       0x5c /home/luuk/intelFPGA_lite/18.1/nios2eds/bin/gnu/H-x86_64-pc-linux-gnu/bin/../lib/gcc/nios2-elf/5.3.0/../../../../../H-x86_64-pc-linux-gnu/nios2-elf/lib/libsmallc.a(lib_a-int_errno.o)
 .debug_line    0x00000000000016aa      0x15d /home/luuk/intelFPGA_lite/18.1/nios2eds/bin/gnu/H-x86_64-pc-linux-gnu/bin/../lib/gcc/nios2-elf/5.3.0/../../../../../H-x86_64-pc-linux-gnu/nios2-elf/lib/libsmallc.a(lib_a-memcmp.o)
 .debug_line    0x0000000000001807      0x159 /home/luuk/intelFPGA_lite/18.1/nios2eds/bin/gnu/H-x86_64-pc-linux-gnu/bin/../lib/gcc/nios2-elf/5.3.0/../../../../../H-x86_64-pc-linux-gnu/nios2-elf/lib/libsmallc.a(lib_a-strlen.o)
 .debug_line    0x0000000000001960      0x102 /home/luuk/intelFPGA_lite/18.1/nios2eds/bin/gnu/H-x86_64-pc-linux-gnu/bin/../lib/gcc/nios2-elf/5.3.0/libgcc.a(lib2-divmod.o)

.debug_frame    0x0000000000000000      0x710
 *(.debug_frame)
 .debug_frame   0x0000000000000000       0x28 obj/default/main.o
 .debug_frame   0x0000000000000028       0x84 obj/default/network.o
 .debug_frame   0x00000000000000ac       0x54 obj/default/video.o
 .debug_frame   0x0000000000000100       0x40 /home/luuk/intelFPGA_lite/18.1/nios2eds/bin/gnu/H-x86_64-pc-linux-gnu/bin/../lib/gcc/nios2-elf/5.3.0/../../../../../H-x86_64-pc-linux-gnu/nios2-elf/lib/libsmallc.a(lib_a-rand.o)
 .debug_frame   0x0000000000000140       0x20 /home/luuk/intelFPGA_lite/18.1/nios2eds/bin/gnu/H-x86_64-pc-linux-gnu/bin/../lib/gcc/nios2-elf/5.3.0/libgcc.a(_muldi3.o)
 .debug_frame   0x0000000000000160       0x30 ../barcode_bsp//libhal_bsp.a(alt_load.o)
 .debug_frame   0x0000000000000190       0x2c ../barcode_bsp//libhal_bsp.a(alt_main.o)
 .debug_frame   0x00000000000001bc       0x54 ../barcode_bsp//libhal_bsp.a(alt_printf.o)
 .debug_frame   0x0000000000000210       0x30 ../barcode_bsp//libhal_bsp.a(alt_putchar.o)
 .debug_frame   0x0000000000000240       0x20 ../barcode_bsp//libhal_bsp.a(alt_usleep.o)
 .debug_frame   0x0000000000000260       0x48 ../barcode_bsp//libhal_bsp.a(alt_sys_init.o)
 .debug_frame   0x00000000000002a8       0x20 ../barcode_bsp//libhal_bsp.a(altera_avalon_jtag_uart_write.o)
 .debug_frame   0x00000000000002c8      0x1cc ../barcode_bsp//libhal_bsp.a(altera_avalon_sgdma.o)
 .debug_frame   0x0000000000000494       0x30 ../barcode_bsp//libhal_bsp.a(alt_busy_sleep.o)
 .debug_frame   0x00000000000004c4       0x20 ../barcode_bsp//libhal_bsp.a(alt_dcache_flush.o)
 .debug_frame   0x00000000000004e4       0x20 ../barcode_bsp//libhal_bsp.a(alt_dcache_flush_all.o)
 .debug_frame   0x0000000000000504       0x2c ../barcode_bsp//libhal_bsp.a(alt_dev_llist_insert.o)
 .debug_frame   0x0000000000000530       0x3c ../barcode_bsp//libhal_bsp.a(alt_find_dev.o)
 .debug_frame   0x000000000000056c       0x20 ../barcode_bsp//libhal_bsp.a(alt_icache_flush_all.o)
 .debug_frame   0x000000000000058c       0x50 ../barcode_bsp//libhal_bsp.a(alt_iic.o)
 .debug_frame   0x00000000000005dc       0x30 ../barcode_bsp//libhal_bsp.a(alt_iic_isr_register.o)
 .debug_frame   0x000000000000060c       0x34 ../barcode_bsp//libhal_bsp.a(alt_irq_handler.o)
 .debug_frame   0x0000000000000640       0x20 ../barcode_bsp//libhal_bsp.a(altera_nios2_qsys_irq.o)
 .debug_frame   0x0000000000000660       0x20 ../barcode_bsp//libhal_bsp.a(alt_icache_flush.o)
 .debug_frame   0x0000000000000680       0x20 /home/luuk/intelFPGA_lite/18.1/nios2eds/bin/gnu/H-x86_64-pc-linux-gnu/bin/../lib/gcc/nios2-elf/5.3.0/../../../../../H-x86_64-pc-linux-gnu/nios2-elf/lib/libsmallc.a(lib_a-memcmp.o)
 .debug_frame   0x00000000000006a0       0x20 /home/luuk/intelFPGA_lite/18.1/nios2eds/bin/gnu/H-x86_64-pc-linux-gnu/bin/../lib/gcc/nios2-elf/5.3.0/../../../../../H-x86_64-pc-linux-gnu/nios2-elf/lib/libsmallc.a(lib_a-strlen.o)
 .debug_frame   0x00000000000006c0       0x50 /home/luuk/intelFPGA_lite/18.1/nios2eds/bin/gnu/H-x86_64-pc-linux-gnu/bin/../lib/gcc/nios2-elf/5.3.0/libgcc.a(lib2-divmod.o)

.debug_str      0x0000000000000000     0x1507
 *(.debug_str)
 .debug_str     0x0000000000000000       0x8d obj/default/main.o
                                         0x99 (size before relaxing)
 .debug_str     0x000000000000008d      0x368 obj/default/network.o
                                        0x45e (size before relaxing)
 .debug_str     0x00000000000003f5       0x2c obj/default/video.o
                                        0x145 (size before relaxing)
 .debug_str     0x0000000000000421      0x3d7 /home/luuk/intelFPGA_lite/18.1/nios2eds/bin/gnu/H-x86_64-pc-linux-gnu/bin/../lib/gcc/nios2-elf/5.3.0/../../../../../H-x86_64-pc-linux-gnu/nios2-elf/lib/libsmallc.a(lib_a-rand.o)
                                        0x4a6 (size before relaxing)
 .debug_str     0x00000000000007f8      0x183 /home/luuk/intelFPGA_lite/18.1/nios2eds/bin/gnu/H-x86_64-pc-linux-gnu/bin/../lib/gcc/nios2-elf/5.3.0/libgcc.a(_muldi3.o)
                                        0x20c (size before relaxing)
 .debug_str     0x000000000000097b      0x147 ../barcode_bsp//libhal_bsp.a(alt_load.o)
                                        0x233 (size before relaxing)
 .debug_str     0x0000000000000ac2       0x5e ../barcode_bsp//libhal_bsp.a(alt_main.o)
                                        0x1ac (size before relaxing)
 .debug_str     0x0000000000000b20       0x54 ../barcode_bsp//libhal_bsp.a(alt_printf.o)
                                         0xfd (size before relaxing)
 .debug_str     0x0000000000000b74       0x5e ../barcode_bsp//libhal_bsp.a(alt_putchar.o)
                                        0x182 (size before relaxing)
 .debug_str     0x0000000000000bd2       0x2f ../barcode_bsp//libhal_bsp.a(alt_usleep.o)
                                        0x14e (size before relaxing)
 .debug_str     0x0000000000000c01       0xa9 ../barcode_bsp//libhal_bsp.a(alt_sys_init.o)
                                        0x39c (size before relaxing)
 .debug_str     0x0000000000000caa       0x2c ../barcode_bsp//libhal_bsp.a(altera_avalon_jtag_uart_write.o)
                                        0x20c (size before relaxing)
 .debug_str     0x0000000000000cd6      0x30e ../barcode_bsp//libhal_bsp.a(altera_avalon_sgdma.o)
                                        0x6ce (size before relaxing)
 .debug_str     0x0000000000000fe4       0x33 ../barcode_bsp//libhal_bsp.a(alt_busy_sleep.o)
                                        0x162 (size before relaxing)
 .debug_str     0x0000000000001017       0x1b ../barcode_bsp//libhal_bsp.a(alt_dcache_flush.o)
                                        0x152 (size before relaxing)
 .debug_str     0x0000000000001032       0x1f ../barcode_bsp//libhal_bsp.a(alt_dcache_flush_all.o)
                                        0x14c (size before relaxing)
 .debug_str     0x0000000000001051       0x36 ../barcode_bsp//libhal_bsp.a(alt_dev_llist_insert.o)
                                        0x1c3 (size before relaxing)
 .debug_str     0x0000000000001087       0x14 ../barcode_bsp//libhal_bsp.a(alt_errno.o)
                                        0x13c (size before relaxing)
 .debug_str     0x000000000000109b       0x79 ../barcode_bsp//libhal_bsp.a(alt_find_dev.o)
                                        0x1f1 (size before relaxing)
 .debug_str     0x0000000000001114       0x30 ../barcode_bsp//libhal_bsp.a(alt_icache_flush_all.o)
                                        0x15d (size before relaxing)
 .debug_str     0x0000000000001144       0xb8 ../barcode_bsp//libhal_bsp.a(alt_iic.o)
                                        0x24a (size before relaxing)
 .debug_str     0x00000000000011fc       0x37 ../barcode_bsp//libhal_bsp.a(alt_iic_isr_register.o)
                                        0x204 (size before relaxing)
 .debug_str     0x0000000000001233       0x3a ../barcode_bsp//libhal_bsp.a(alt_irq_handler.o)
                                        0x18e (size before relaxing)
 .debug_str     0x000000000000126d       0x17 ../barcode_bsp//libhal_bsp.a(alt_irq_vars.o)
                                        0x131 (size before relaxing)
 .debug_str     0x0000000000001284       0x20 ../barcode_bsp//libhal_bsp.a(altera_nios2_qsys_irq.o)
                                        0x153 (size before relaxing)
 .debug_str     0x00000000000012a4       0x1b ../barcode_bsp//libhal_bsp.a(alt_icache_flush.o)
                                        0x152 (size before relaxing)
 .debug_str     0x00000000000012bf       0xc6 /home/luuk/intelFPGA_lite/18.1/nios2eds/bin/gnu/H-x86_64-pc-linux-gnu/bin/../lib/gcc/nios2-elf/5.3.0/../../../../../H-x86_64-pc-linux-gnu/nios2-elf/lib/libsmallc.a(lib_a-int_errno.o)
                                        0x1bf (size before relaxing)
 .debug_str     0x0000000000001385       0xcc /home/luuk/intelFPGA_lite/18.1/nios2eds/bin/gnu/H-x86_64-pc-linux-gnu/bin/../lib/gcc/nios2-elf/5.3.0/../../../../../H-x86_64-pc-linux-gnu/nios2-elf/lib/libsmallc.a(lib_a-memcmp.o)
                                        0x1c6 (size before relaxing)
 .debug_str     0x0000000000001451       0x3a /home/luuk/intelFPGA_lite/18.1/nios2eds/bin/gnu/H-x86_64-pc-linux-gnu/bin/../lib/gcc/nios2-elf/5.3.0/../../../../../H-x86_64-pc-linux-gnu/nios2-elf/lib/libsmallc.a(lib_a-strlen.o)
                                        0x1cc (size before relaxing)
 .debug_str     0x000000000000148b       0x7c /home/luuk/intelFPGA_lite/18.1/nios2eds/bin/gnu/H-x86_64-pc-linux-gnu/bin/../lib/gcc/nios2-elf/5.3.0/libgcc.a(lib2-divmod.o)
                                        0x1b9 (size before relaxing)

.debug_loc      0x0000000000000000     0x1a9b
 *(.debug_loc)
 .debug_loc     0x0000000000000000       0x87 obj/default/network.o
 .debug_loc     0x0000000000000087       0xdc obj/default/video.o
 .debug_loc     0x0000000000000163      0x12d /home/luuk/intelFPGA_lite/18.1/nios2eds/bin/gnu/H-x86_64-pc-linux-gnu/bin/../lib/gcc/nios2-elf/5.3.0/libgcc.a(_muldi3.o)
 .debug_loc     0x0000000000000290      0x1de ../barcode_bsp//libhal_bsp.a(alt_printf.o)
 .debug_loc     0x000000000000046e       0x2c ../barcode_bsp//libhal_bsp.a(alt_putchar.o)
 .debug_loc     0x000000000000049a       0x21 ../barcode_bsp//libhal_bsp.a(alt_usleep.o)
 .debug_loc     0x00000000000004bb       0x21 ../barcode_bsp//libhal_bsp.a(alt_sys_init.o)
 .debug_loc     0x00000000000004dc       0x8b ../barcode_bsp//libhal_bsp.a(altera_avalon_jtag_uart_write.o)
 .debug_loc     0x0000000000000567      0xa7c ../barcode_bsp//libhal_bsp.a(altera_avalon_sgdma.o)
 .debug_loc     0x0000000000000fe3       0x75 ../barcode_bsp//libhal_bsp.a(alt_busy_sleep.o)
 .debug_loc     0x0000000000001058       0x7e ../barcode_bsp//libhal_bsp.a(alt_dev_llist_insert.o)
 .debug_loc     0x00000000000010d6       0x7e ../barcode_bsp//libhal_bsp.a(alt_find_dev.o)
 .debug_loc     0x0000000000001154      0x170 ../barcode_bsp//libhal_bsp.a(alt_iic.o)
 .debug_loc     0x00000000000012c4      0x193 ../barcode_bsp//libhal_bsp.a(alt_iic_isr_register.o)
 .debug_loc     0x0000000000001457       0x72 ../barcode_bsp//libhal_bsp.a(alt_irq_handler.o)
 .debug_loc     0x00000000000014c9       0x52 ../barcode_bsp//libhal_bsp.a(alt_icache_flush.o)
 .debug_loc     0x000000000000151b       0x94 /home/luuk/intelFPGA_lite/18.1/nios2eds/bin/gnu/H-x86_64-pc-linux-gnu/bin/../lib/gcc/nios2-elf/5.3.0/../../../../../H-x86_64-pc-linux-gnu/nios2-elf/lib/libsmallc.a(lib_a-memcmp.o)
 .debug_loc     0x00000000000015af       0x1e /home/luuk/intelFPGA_lite/18.1/nios2eds/bin/gnu/H-x86_64-pc-linux-gnu/bin/../lib/gcc/nios2-elf/5.3.0/../../../../../H-x86_64-pc-linux-gnu/nios2-elf/lib/libsmallc.a(lib_a-strlen.o)
 .debug_loc     0x00000000000015cd      0x4ce /home/luuk/intelFPGA_lite/18.1/nios2eds/bin/gnu/H-x86_64-pc-linux-gnu/bin/../lib/gcc/nios2-elf/5.3.0/libgcc.a(lib2-divmod.o)

.debug_macinfo
 *(.debug_macinfo)

.debug_weaknames
 *(.debug_weaknames)

.debug_funcnames
 *(.debug_funcnames)

.debug_typenames
 *(.debug_typenames)

.debug_varnames
 *(.debug_varnames)

.debug_alt_sim_info
                0x0000000000000000       0x50
 *(.debug_alt_sim_info)
 .debug_alt_sim_info
                0x0000000000000000       0x20 ../barcode_bsp//obj/HAL/src/crt0.o
 .debug_alt_sim_info
                0x0000000000000020       0x30 ../barcode_bsp//libhal_bsp.a(alt_busy_sleep.o)
                0x00000000000cb000                __alt_data_end = 0xcb000
                0x00000000000cb000                PROVIDE (__alt_stack_pointer, __alt_data_end)
                [!provide]                        PROVIDE (__alt_stack_limit, __alt_stack_base)
                [!provide]                        PROVIDE (__alt_heap_start, end)
                [!provide]                        PROVIDE (__alt_heap_limit, 0xcb000)
OUTPUT(barcode.elf elf32-littlenios2)

.debug_ranges   0x0000000000000000      0x1f0
 .debug_ranges  0x0000000000000000       0x20 ../barcode_bsp//obj/HAL/src/crt0.o
 .debug_ranges  0x0000000000000020       0x10 obj/default/main.o
 .debug_ranges  0x0000000000000030       0x18 obj/default/video.o
 .debug_ranges  0x0000000000000048       0x18 /home/luuk/intelFPGA_lite/18.1/nios2eds/bin/gnu/H-x86_64-pc-linux-gnu/bin/../lib/gcc/nios2-elf/5.3.0/../../../../../H-x86_64-pc-linux-gnu/nios2-elf/lib/libsmallc.a(lib_a-rand.o)
 .debug_ranges  0x0000000000000060       0x18 /home/luuk/intelFPGA_lite/18.1/nios2eds/bin/gnu/H-x86_64-pc-linux-gnu/bin/../lib/gcc/nios2-elf/5.3.0/libgcc.a(_muldi3.o)
 .debug_ranges  0x0000000000000078       0x48 ../barcode_bsp//libhal_bsp.a(alt_load.o)
 .debug_ranges  0x00000000000000c0       0x18 ../barcode_bsp//libhal_bsp.a(alt_printf.o)
 .debug_ranges  0x00000000000000d8       0x20 ../barcode_bsp//libhal_bsp.a(alt_dev_llist_insert.o)
 .debug_ranges  0x00000000000000f8       0x28 ../barcode_bsp//libhal_bsp.a(alt_irq_entry.o)
 .debug_ranges  0x0000000000000120       0x10 ../barcode_bsp//libhal_bsp.a(alt_irq_handler.o)
 .debug_ranges  0x0000000000000130       0x30 ../barcode_bsp//libhal_bsp.a(alt_exception_entry.o)
 .debug_ranges  0x0000000000000160       0x10 ../barcode_bsp//libhal_bsp.a(alt_icache_flush.o)
 .debug_ranges  0x0000000000000170       0x10 /home/luuk/intelFPGA_lite/18.1/nios2eds/bin/gnu/H-x86_64-pc-linux-gnu/bin/../lib/gcc/nios2-elf/5.3.0/../../../../../H-x86_64-pc-linux-gnu/nios2-elf/lib/libsmallc.a(lib_a-memcmp.o)
 .debug_ranges  0x0000000000000180       0x10 /home/luuk/intelFPGA_lite/18.1/nios2eds/bin/gnu/H-x86_64-pc-linux-gnu/bin/../lib/gcc/nios2-elf/5.3.0/../../../../../H-x86_64-pc-linux-gnu/nios2-elf/lib/libsmallc.a(lib_a-strlen.o)
 .debug_ranges  0x0000000000000190       0x60 /home/luuk/intelFPGA_lite/18.1/nios2eds/bin/gnu/H-x86_64-pc-linux-gnu/bin/../lib/gcc/nios2-elf/5.3.0/libgcc.a(lib2-divmod.o)
