Archive member included to satisfy reference by file (symbol)

/home/luuk/intelFPGA_lite/18.1/nios2eds/bin/gnu/H-x86_64-pc-linux-gnu/bin/../lib/gcc/nios2-elf/5.3.0/../../../../../H-x86_64-pc-linux-gnu/nios2-elf/lib/mno-hw-mul/libsmallc.a(lib_a-memcpy.o)
                              obj/default/main.o (memcpy)
/home/luuk/intelFPGA_lite/18.1/nios2eds/bin/gnu/H-x86_64-pc-linux-gnu/bin/../lib/gcc/nios2-elf/5.3.0/../../../../../H-x86_64-pc-linux-gnu/nios2-elf/lib/mno-hw-mul/libsmallc.a(lib_a-strlen.o)
                              obj/default/network.o (strlen)
../barcode_bsp//libhal_bsp.a(alt_load.o)
                              ../barcode_bsp//obj/HAL/src/crt0.o (alt_load)
../barcode_bsp//libhal_bsp.a(alt_main.o)
                              ../barcode_bsp//obj/HAL/src/crt0.o (alt_main)
../barcode_bsp//libhal_bsp.a(alt_printf.o)
                              obj/default/main.o (alt_printf)
../barcode_bsp//libhal_bsp.a(alt_putchar.o)
                              ../barcode_bsp//libhal_bsp.a(alt_printf.o) (alt_putchar)
../barcode_bsp//libhal_bsp.a(alt_usleep.o)
                              obj/default/main.o (usleep)
../barcode_bsp//libhal_bsp.a(alt_sys_init.o)
                              ../barcode_bsp//libhal_bsp.a(alt_main.o) (alt_irq_init)
../barcode_bsp//libhal_bsp.a(altera_avalon_jtag_uart_write.o)
                              ../barcode_bsp//libhal_bsp.a(alt_putchar.o) (altera_avalon_jtag_uart_write)
../barcode_bsp//libhal_bsp.a(altera_avalon_sgdma.o)
                              obj/default/network.o (alt_avalon_sgdma_do_async_transfer)
../barcode_bsp//libhal_bsp.a(alt_busy_sleep.o)
                              ../barcode_bsp//libhal_bsp.a(alt_usleep.o) (alt_busy_sleep)
../barcode_bsp//libhal_bsp.a(alt_dcache_flush.o)
                              ../barcode_bsp//libhal_bsp.a(altera_avalon_sgdma.o) (alt_dcache_flush)
../barcode_bsp//libhal_bsp.a(alt_dcache_flush_all.o)
                              ../barcode_bsp//libhal_bsp.a(alt_load.o) (alt_dcache_flush_all)
../barcode_bsp//libhal_bsp.a(alt_dev_llist_insert.o)
                              ../barcode_bsp//libhal_bsp.a(altera_avalon_sgdma.o) (alt_dev_llist_insert)
../barcode_bsp//libhal_bsp.a(alt_errno.o)
                              ../barcode_bsp//libhal_bsp.a(altera_avalon_sgdma.o) (alt_errno)
../barcode_bsp//libhal_bsp.a(alt_find_dev.o)
                              ../barcode_bsp//libhal_bsp.a(altera_avalon_sgdma.o) (alt_find_dev)
../barcode_bsp//libhal_bsp.a(alt_icache_flush_all.o)
                              ../barcode_bsp//libhal_bsp.a(alt_load.o) (alt_icache_flush_all)
../barcode_bsp//libhal_bsp.a(alt_iic.o)
                              ../barcode_bsp//libhal_bsp.a(altera_avalon_sgdma.o) (alt_ic_isr_register)
../barcode_bsp//libhal_bsp.a(alt_iic_isr_register.o)
                              ../barcode_bsp//libhal_bsp.a(alt_iic.o) (alt_iic_isr_register)
../barcode_bsp//libhal_bsp.a(alt_irq_entry.o)
                              ../barcode_bsp//libhal_bsp.a(alt_iic_isr_register.o) (alt_irq_entry)
../barcode_bsp//libhal_bsp.a(alt_irq_handler.o)
                              ../barcode_bsp//libhal_bsp.a(alt_iic_isr_register.o) (alt_irq_handler)
../barcode_bsp//libhal_bsp.a(alt_irq_vars.o)
                              ../barcode_bsp//libhal_bsp.a(alt_iic.o) (alt_irq_active)
../barcode_bsp//libhal_bsp.a(altera_nios2_gen2_irq.o)
                              ../barcode_bsp//libhal_bsp.a(alt_sys_init.o) (altera_nios2_gen2_irq_init)
../barcode_bsp//libhal_bsp.a(alt_exception_entry.o)
                              ../barcode_bsp//libhal_bsp.a(alt_irq_entry.o) (alt_exception)
/home/luuk/intelFPGA_lite/18.1/nios2eds/bin/gnu/H-x86_64-pc-linux-gnu/bin/../lib/gcc/nios2-elf/5.3.0/../../../../../H-x86_64-pc-linux-gnu/nios2-elf/lib/mno-hw-mul/libsmallc.a(lib_a-int_errno.o)
                              ../barcode_bsp//libhal_bsp.a(altera_avalon_sgdma.o) (errno)
/home/luuk/intelFPGA_lite/18.1/nios2eds/bin/gnu/H-x86_64-pc-linux-gnu/bin/../lib/gcc/nios2-elf/5.3.0/../../../../../H-x86_64-pc-linux-gnu/nios2-elf/lib/mno-hw-mul/libsmallc.a(lib_a-memcmp.o)
                              ../barcode_bsp//libhal_bsp.a(alt_find_dev.o) (memcmp)
/home/luuk/intelFPGA_lite/18.1/nios2eds/bin/gnu/H-x86_64-pc-linux-gnu/bin/../lib/gcc/nios2-elf/5.3.0/mno-hw-mul/libgcc.a(lib2-divmod.o)
                              ../barcode_bsp//libhal_bsp.a(alt_busy_sleep.o) (__udivsi3)
/home/luuk/intelFPGA_lite/18.1/nios2eds/bin/gnu/H-x86_64-pc-linux-gnu/bin/../lib/gcc/nios2-elf/5.3.0/mno-hw-mul/libgcc.a(lib2-mul.o)
                              ../barcode_bsp//libhal_bsp.a(alt_busy_sleep.o) (__mulsi3)

Allocating common symbols
Common symbol       size              file

alt_irq             0x100             ../barcode_bsp//libhal_bsp.a(alt_irq_handler.o)
errno               0x4               /home/luuk/intelFPGA_lite/18.1/nios2eds/bin/gnu/H-x86_64-pc-linux-gnu/bin/../lib/gcc/nios2-elf/5.3.0/../../../../../H-x86_64-pc-linux-gnu/nios2-elf/lib/mno-hw-mul/libsmallc.a(lib_a-int_errno.o)
sgdma_tx_dev        0x4               obj/default/network.o
text_length         0x4               obj/default/network.o
sgdma_rx_dev        0x4               obj/default/network.o

Memory Configuration

Name             Origin             Length             Attributes
VideoRAM         0x0000000000000000 0x0000000000002710
descriptor_memory 0x0000000000008000 0x0000000000001000
reset            0x0000000000180000 0x0000000000000020
onchip_memory    0x0000000000180020 0x000000000004afe0
*default*        0x0000000000000000 0xffffffffffffffff

Linker script and memory map

LOAD ../barcode_bsp//obj/HAL/src/crt0.o
LOAD obj/default/main.o
LOAD obj/default/network.o
LOAD /home/luuk/intelFPGA_lite/18.1/nios2eds/bin/gnu/H-x86_64-pc-linux-gnu/bin/../lib/gcc/nios2-elf/5.3.0/../../../../../H-x86_64-pc-linux-gnu/nios2-elf/lib/mno-hw-mul/libstdc++.a
LOAD /home/luuk/intelFPGA_lite/18.1/nios2eds/bin/gnu/H-x86_64-pc-linux-gnu/bin/../lib/gcc/nios2-elf/5.3.0/../../../../../H-x86_64-pc-linux-gnu/nios2-elf/lib/mno-hw-mul/libm.a
LOAD /home/luuk/intelFPGA_lite/18.1/nios2eds/bin/gnu/H-x86_64-pc-linux-gnu/bin/../lib/gcc/nios2-elf/5.3.0/mno-hw-mul/libgcc.a
START GROUP
LOAD /home/luuk/intelFPGA_lite/18.1/nios2eds/bin/gnu/H-x86_64-pc-linux-gnu/bin/../lib/gcc/nios2-elf/5.3.0/../../../../../H-x86_64-pc-linux-gnu/nios2-elf/lib/mno-hw-mul/libsmallc.a
LOAD /home/luuk/intelFPGA_lite/18.1/nios2eds/bin/gnu/H-x86_64-pc-linux-gnu/bin/../lib/gcc/nios2-elf/5.3.0/mno-hw-mul/libgcc.a
LOAD ../barcode_bsp//libhal_bsp.a
LOAD /home/luuk/intelFPGA_lite/18.1/nios2eds/bin/gnu/H-x86_64-pc-linux-gnu/bin/../lib/gcc/nios2-elf/5.3.0/../../../../../H-x86_64-pc-linux-gnu/nios2-elf/lib/mno-hw-mul/libm.a
END GROUP
LOAD /home/luuk/intelFPGA_lite/18.1/nios2eds/bin/gnu/H-x86_64-pc-linux-gnu/bin/../lib/gcc/nios2-elf/5.3.0/mno-hw-mul/libgcc.a
                0x0000000000000000                __alt_mem_VideoRAM = 0x0
                0x0000000000008000                __alt_mem_descriptor_memory = 0x8000
                0x0000000000180000                __alt_mem_onchip_memory = 0x180000

.entry          0x0000000000180000       0x20
 *(.entry)
 .entry         0x0000000000180000       0x20 ../barcode_bsp//obj/HAL/src/crt0.o
                0x0000000000180000                __reset
                0x000000000018000c                _exit

.exceptions     0x0000000000180020      0x12c
                0x0000000000180020                PROVIDE (__ram_exceptions_start, ABSOLUTE (.))
                0x0000000000180020                . = ALIGN (0x20)
 *(.irq)
 *(.exceptions.entry.label)
 .exceptions.entry.label
                0x0000000000180020        0x0 ../barcode_bsp//libhal_bsp.a(alt_irq_entry.o)
                0x0000000000180020                alt_irq_entry
 .exceptions.entry.label
                0x0000000000180020        0x0 ../barcode_bsp//libhal_bsp.a(alt_exception_entry.o)
                0x0000000000180020                alt_exception
 *(.exceptions.entry.user)
 *(.exceptions.entry.ecc_fatal)
 *(.exceptions.entry)
 .exceptions.entry
                0x0000000000180020       0x54 ../barcode_bsp//libhal_bsp.a(alt_exception_entry.o)
 *(.exceptions.irqtest.user)
 *(.exceptions.irqtest)
 .exceptions.irqtest
                0x0000000000180074       0x10 ../barcode_bsp//libhal_bsp.a(alt_irq_entry.o)
 *(.exceptions.irqhandler.user)
 *(.exceptions.irqhandler)
 .exceptions.irqhandler
                0x0000000000180084        0x4 ../barcode_bsp//libhal_bsp.a(alt_irq_entry.o)
 *(.exceptions.irqreturn.user)
 *(.exceptions.irqreturn)
 .exceptions.irqreturn
                0x0000000000180088        0x4 ../barcode_bsp//libhal_bsp.a(alt_irq_entry.o)
 *(.exceptions.notirq.label)
 .exceptions.notirq.label
                0x000000000018008c        0x0 ../barcode_bsp//libhal_bsp.a(alt_irq_entry.o)
 *(.exceptions.notirq.user)
 *(.exceptions.notirq)
 .exceptions.notirq
                0x000000000018008c        0x8 ../barcode_bsp//libhal_bsp.a(alt_exception_entry.o)
 *(.exceptions.soft.user)
 *(.exceptions.soft)
 *(.exceptions.unknown.user)
 *(.exceptions.unknown)
 .exceptions.unknown
                0x0000000000180094        0x4 ../barcode_bsp//libhal_bsp.a(alt_exception_entry.o)
 *(.exceptions.exit.label)
 .exceptions.exit.label
                0x0000000000180098        0x0 ../barcode_bsp//libhal_bsp.a(alt_irq_entry.o)
 .exceptions.exit.label
                0x0000000000180098        0x0 ../barcode_bsp//libhal_bsp.a(alt_exception_entry.o)
 *(.exceptions.exit.user)
 *(.exceptions.exit)
 .exceptions.exit
                0x0000000000180098       0x54 ../barcode_bsp//libhal_bsp.a(alt_exception_entry.o)
 *(.exceptions)
 .exceptions    0x00000000001800ec       0x60 ../barcode_bsp//libhal_bsp.a(alt_irq_handler.o)
                0x00000000001800ec                alt_irq_handler
                0x000000000018014c                PROVIDE (__ram_exceptions_end, ABSOLUTE (.))
                0x0000000000180020                PROVIDE (__flash_exceptions_start, LOADADDR (.exceptions))

.text           0x000000000018014c     0x151c
                [!provide]                        PROVIDE (stext, ABSOLUTE (.))
 *(.interp)
 *(.hash)
 *(.dynsym)
 *(.dynstr)
 *(.gnu.version)
 *(.gnu.version_d)
 *(.gnu.version_r)
 *(.rel.init)
 *(.rela.init)
 *(.rel.text .rel.text.* .rel.gnu.linkonce.t.*)
 *(.rela.text .rela.text.* .rela.gnu.linkonce.t.*)
 *(.rel.fini)
 *(.rela.fini)
 *(.rel.rodata .rel.rodata.* .rel.gnu.linkonce.r.*)
 *(.rela.rodata .rela.rodata.* .rela.gnu.linkonce.r.*)
 *(.rel.data .rel.data.* .rel.gnu.linkonce.d.*)
 *(.rela.data .rela.data.* .rela.gnu.linkonce.d.*)
 *(.rel.tdata .rel.tdata.* .rel.gnu.linkonce.td.*)
 *(.rela.tdata .rela.tdata.* .rela.gnu.linkonce.td.*)
 *(.rel.tbss .rel.tbss.* .rel.gnu.linkonce.tb.*)
 *(.rela.tbss .rela.tbss.* .rela.gnu.linkonce.tb.*)
 *(.rel.ctors)
 *(.rela.ctors)
 *(.rel.dtors)
 *(.rela.dtors)
 *(.rel.got)
 *(.rela.got)
 *(.rel.sdata .rel.sdata.* .rel.gnu.linkonce.s.*)
 *(.rela.sdata .rela.sdata.* .rela.gnu.linkonce.s.*)
 *(.rel.sbss .rel.sbss.* .rel.gnu.linkonce.sb.*)
 *(.rela.sbss .rela.sbss.* .rela.gnu.linkonce.sb.*)
 *(.rel.sdata2 .rel.sdata2.* .rel.gnu.linkonce.s2.*)
 *(.rela.sdata2 .rela.sdata2.* .rela.gnu.linkonce.s2.*)
 *(.rel.sbss2 .rel.sbss2.* .rel.gnu.linkonce.sb2.*)
 *(.rela.sbss2 .rela.sbss2.* .rela.gnu.linkonce.sb2.*)
 *(.rel.bss .rel.bss.* .rel.gnu.linkonce.b.*)
 *(.rela.bss .rela.bss.* .rela.gnu.linkonce.b.*)
 *(.rel.plt)
 *(.rela.plt)
 *(.rel.dyn)
 *(.init)
 *(.plt)
 *(.text .stub .text.* .gnu.linkonce.t.*)
 .text          0x000000000018014c       0x3c ../barcode_bsp//obj/HAL/src/crt0.o
                0x000000000018014c                _start
 .text          0x0000000000180188      0x3b8 obj/default/main.o
                0x0000000000180188                clearText
                0x00000000001801a0                drawChars
                0x0000000000180240                showText
                0x000000000018050c                callback
 .text.startup  0x0000000000180540       0x34 obj/default/main.o
                0x0000000000180540                main
 .text          0x0000000000180574      0x31c obj/default/network.o
                0x0000000000180574                rx_ethernet_isr
                0x0000000000180664                setup
                0x00000000001807d8                refresh_ethernet
                0x00000000001807dc                tx_ethernet_isr
 .text          0x0000000000180890        0x0 /home/luuk/intelFPGA_lite/18.1/nios2eds/bin/gnu/H-x86_64-pc-linux-gnu/bin/../lib/gcc/nios2-elf/5.3.0/../../../../../H-x86_64-pc-linux-gnu/nios2-elf/lib/mno-hw-mul/libsmallc.a(lib_a-memcpy.o)
 .text.memcpy   0x0000000000180890       0x28 /home/luuk/intelFPGA_lite/18.1/nios2eds/bin/gnu/H-x86_64-pc-linux-gnu/bin/../lib/gcc/nios2-elf/5.3.0/../../../../../H-x86_64-pc-linux-gnu/nios2-elf/lib/mno-hw-mul/libsmallc.a(lib_a-memcpy.o)
                0x0000000000180890                memcpy
 .text          0x00000000001808b8        0x0 /home/luuk/intelFPGA_lite/18.1/nios2eds/bin/gnu/H-x86_64-pc-linux-gnu/bin/../lib/gcc/nios2-elf/5.3.0/../../../../../H-x86_64-pc-linux-gnu/nios2-elf/lib/mno-hw-mul/libsmallc.a(lib_a-strlen.o)
 .text.strlen   0x00000000001808b8       0x1c /home/luuk/intelFPGA_lite/18.1/nios2eds/bin/gnu/H-x86_64-pc-linux-gnu/bin/../lib/gcc/nios2-elf/5.3.0/../../../../../H-x86_64-pc-linux-gnu/nios2-elf/lib/mno-hw-mul/libsmallc.a(lib_a-strlen.o)
                0x00000000001808b8                strlen
 .text          0x00000000001808d4       0xe0 ../barcode_bsp//libhal_bsp.a(alt_load.o)
                0x00000000001808d4                alt_load
 .text          0x00000000001809b4       0x2c ../barcode_bsp//libhal_bsp.a(alt_main.o)
                0x00000000001809b4                alt_main
 .text          0x00000000001809e0      0x170 ../barcode_bsp//libhal_bsp.a(alt_printf.o)
                0x00000000001809e0                alt_printf
 .text          0x0000000000180b50       0x48 ../barcode_bsp//libhal_bsp.a(alt_putchar.o)
                0x0000000000180b50                alt_putchar
 .text          0x0000000000180b98        0x4 ../barcode_bsp//libhal_bsp.a(alt_usleep.o)
                0x0000000000180b98                usleep
 .text          0x0000000000180b9c       0x58 ../barcode_bsp//libhal_bsp.a(alt_sys_init.o)
                0x0000000000180b9c                alt_irq_init
                0x0000000000180bbc                alt_sys_init
 .text          0x0000000000180bf4       0x34 ../barcode_bsp//libhal_bsp.a(altera_avalon_jtag_uart_write.o)
                0x0000000000180bf4                altera_avalon_jtag_uart_write
 .text          0x0000000000180c28      0x5c4 ../barcode_bsp//libhal_bsp.a(altera_avalon_sgdma.o)
                0x0000000000180c84                alt_avalon_sgdma_do_async_transfer
                0x0000000000180d00                alt_avalon_sgdma_do_sync_transfer
                0x0000000000180d80                alt_avalon_sgdma_register_callback
                0x0000000000180d90                alt_avalon_sgdma_start
                0x0000000000180da8                alt_avalon_sgdma_stop
                0x0000000000180dc4                alt_avalon_sgdma_check_descriptor_status
                0x0000000000180df0                alt_avalon_sgdma_open
                0x0000000000180e3c                alt_avalon_sgdma_enable_desc_poll
                0x0000000000180e6c                alt_avalon_sgdma_disable_desc_poll
                0x0000000000180e8c                alt_avalon_sgdma_construct_descriptor_burst
                0x0000000000180fa0                alt_avalon_sgdma_construct_mem_to_mem_desc_burst
                0x0000000000180fe8                alt_avalon_sgdma_construct_mem_to_mem_desc
                0x0000000000181020                alt_avalon_sgdma_construct_stream_to_mem_desc_burst
                0x0000000000181068                alt_avalon_sgdma_construct_stream_to_mem_desc
                0x0000000000181090                alt_avalon_sgdma_construct_mem_to_stream_desc_burst
                0x00000000001810e0                alt_avalon_sgdma_construct_mem_to_stream_desc
                0x0000000000181120                alt_avalon_sgdma_construct_descriptor
                0x0000000000181168                alt_avalon_sgdma_init
 .text          0x00000000001811ec       0x88 ../barcode_bsp//libhal_bsp.a(alt_busy_sleep.o)
                0x00000000001811ec                alt_busy_sleep
 .text          0x0000000000181274        0x4 ../barcode_bsp//libhal_bsp.a(alt_dcache_flush.o)
                0x0000000000181274                alt_dcache_flush
 .text          0x0000000000181278        0x4 ../barcode_bsp//libhal_bsp.a(alt_dcache_flush_all.o)
                0x0000000000181278                alt_dcache_flush_all
 .text          0x000000000018127c       0x6c ../barcode_bsp//libhal_bsp.a(alt_dev_llist_insert.o)
                0x000000000018127c                alt_dev_llist_insert
 .text          0x00000000001812e8        0x0 ../barcode_bsp//libhal_bsp.a(alt_errno.o)
 .text          0x00000000001812e8       0x74 ../barcode_bsp//libhal_bsp.a(alt_find_dev.o)
                0x00000000001812e8                alt_find_dev
 .text          0x000000000018135c        0x4 ../barcode_bsp//libhal_bsp.a(alt_icache_flush_all.o)
                0x000000000018135c                alt_icache_flush_all
 .text          0x0000000000181360       0x8c ../barcode_bsp//libhal_bsp.a(alt_iic.o)
                0x0000000000181360                alt_ic_isr_register
                0x0000000000181364                alt_ic_irq_enable
                0x000000000018139c                alt_ic_irq_disable
                0x00000000001813d4                alt_ic_irq_enabled
 .text          0x00000000001813ec       0x68 ../barcode_bsp//libhal_bsp.a(alt_iic_isr_register.o)
                0x00000000001813ec                alt_iic_isr_register
 .text          0x0000000000181454        0x0 ../barcode_bsp//libhal_bsp.a(alt_irq_entry.o)
 .text          0x0000000000181454        0x0 ../barcode_bsp//libhal_bsp.a(alt_irq_handler.o)
 .text          0x0000000000181454        0x0 ../barcode_bsp//libhal_bsp.a(alt_irq_vars.o)
 .text          0x0000000000181454        0x8 ../barcode_bsp//libhal_bsp.a(altera_nios2_gen2_irq.o)
                0x0000000000181454                altera_nios2_gen2_irq_init
 .text          0x000000000018145c        0x0 ../barcode_bsp//libhal_bsp.a(alt_exception_entry.o)
 .text          0x000000000018145c        0x0 /home/luuk/intelFPGA_lite/18.1/nios2eds/bin/gnu/H-x86_64-pc-linux-gnu/bin/../lib/gcc/nios2-elf/5.3.0/../../../../../H-x86_64-pc-linux-gnu/nios2-elf/lib/mno-hw-mul/libsmallc.a(lib_a-int_errno.o)
 .text          0x000000000018145c        0x0 /home/luuk/intelFPGA_lite/18.1/nios2eds/bin/gnu/H-x86_64-pc-linux-gnu/bin/../lib/gcc/nios2-elf/5.3.0/../../../../../H-x86_64-pc-linux-gnu/nios2-elf/lib/mno-hw-mul/libsmallc.a(lib_a-memcmp.o)
 .text.memcmp   0x000000000018145c       0x30 /home/luuk/intelFPGA_lite/18.1/nios2eds/bin/gnu/H-x86_64-pc-linux-gnu/bin/../lib/gcc/nios2-elf/5.3.0/../../../../../H-x86_64-pc-linux-gnu/nios2-elf/lib/mno-hw-mul/libsmallc.a(lib_a-memcmp.o)
                0x000000000018145c                memcmp
 .text          0x000000000018148c      0x1b4 /home/luuk/intelFPGA_lite/18.1/nios2eds/bin/gnu/H-x86_64-pc-linux-gnu/bin/../lib/gcc/nios2-elf/5.3.0/mno-hw-mul/libgcc.a(lib2-divmod.o)
                0x000000000018148c                __divsi3
                0x0000000000181510                __modsi3
                0x0000000000181584                __udivsi3
                0x00000000001815e8                __umodsi3
 .text          0x0000000000181640       0x28 /home/luuk/intelFPGA_lite/18.1/nios2eds/bin/gnu/H-x86_64-pc-linux-gnu/bin/../lib/gcc/nios2-elf/5.3.0/mno-hw-mul/libgcc.a(lib2-mul.o)
                0x0000000000181640                __mulsi3
 *(.gnu.warning.*)
 *(.fini)
                [!provide]                        PROVIDE (__etext, ABSOLUTE (.))
                [!provide]                        PROVIDE (_etext, ABSOLUTE (.))
                [!provide]                        PROVIDE (etext, ABSOLUTE (.))
 *(.eh_frame_hdr)
                0x0000000000181668                . = ALIGN (0x4)
                [!provide]                        PROVIDE (__preinit_array_start, ABSOLUTE (.))
 *(.preinit_array)
                [!provide]                        PROVIDE (__preinit_array_end, ABSOLUTE (.))
                [!provide]                        PROVIDE (__init_array_start, ABSOLUTE (.))
 *(.init_array)
                [!provide]                        PROVIDE (__init_array_end, ABSOLUTE (.))
                [!provide]                        PROVIDE (__fini_array_start, ABSOLUTE (.))
 *(.fini_array)
                [!provide]                        PROVIDE (__fini_array_end, ABSOLUTE (.))
 *(.eh_frame)
 *(.gcc_except_table .gcc_except_table.*)
 *(.dynamic)
                [!provide]                        PROVIDE (__CTOR_LIST__, ABSOLUTE (.))
 *(.ctors)
 *(SORT(.ctors.*))
                [!provide]                        PROVIDE (__CTOR_END__, ABSOLUTE (.))
                [!provide]                        PROVIDE (__DTOR_LIST__, ABSOLUTE (.))
 *(.dtors)
 *(SORT(.dtors.*))
                [!provide]                        PROVIDE (__DTOR_END__, ABSOLUTE (.))
 *(.jcr)
                0x0000000000181668                . = ALIGN (0x4)

.rodata         0x0000000000181668      0x128
                0x0000000000181668                PROVIDE (__ram_rodata_start, ABSOLUTE (.))
                0x0000000000181668                . = ALIGN (0x4)
 *(.rodata .rodata.* .gnu.linkonce.r.*)
 .rodata.str1.4
                0x0000000000181668       0x2a obj/default/main.o
 *fill*         0x0000000000181692        0x2 
 .rodata.str1.4
                0x0000000000181694       0xfc obj/default/network.o
                                         0xf9 (size before relaxing)
 .rodata.str1.4
                0x0000000000181790       0x1e ../barcode_bsp//libhal_bsp.a(alt_sys_init.o)
 *(.rodata1)
                0x00000000001817b0                . = ALIGN (0x4)
                0x00000000001817b0                PROVIDE (__ram_rodata_end, ABSOLUTE (.))
                0x0000000000181668                PROVIDE (__flash_rodata_start, LOADADDR (.rodata))

.rwdata         0x0000000000181790      0x7d4 load address 0x0000000000181f64
                0x0000000000181790                PROVIDE (__ram_rwdata_start, ABSOLUTE (.))
                0x0000000000181790                . = ALIGN (0x4)
 *(.got.plt)
 *(.got)
 *(.data1)
 *(.data .data.* .gnu.linkonce.d.*)
 .data          0x0000000000181790        0x0 ../barcode_bsp//obj/HAL/src/crt0.o
 .data          0x0000000000181790      0x360 obj/default/main.o
                0x0000000000181790                charTemplate
 .data          0x0000000000181af0      0x400 obj/default/network.o
                0x0000000000181af0                tx_frame
 .data          0x0000000000181ef0        0x0 /home/luuk/intelFPGA_lite/18.1/nios2eds/bin/gnu/H-x86_64-pc-linux-gnu/bin/../lib/gcc/nios2-elf/5.3.0/../../../../../H-x86_64-pc-linux-gnu/nios2-elf/lib/mno-hw-mul/libsmallc.a(lib_a-memcpy.o)
 .data          0x0000000000181ef0        0x0 /home/luuk/intelFPGA_lite/18.1/nios2eds/bin/gnu/H-x86_64-pc-linux-gnu/bin/../lib/gcc/nios2-elf/5.3.0/../../../../../H-x86_64-pc-linux-gnu/nios2-elf/lib/mno-hw-mul/libsmallc.a(lib_a-strlen.o)
 .data          0x0000000000181ef0        0x0 ../barcode_bsp//libhal_bsp.a(alt_load.o)
 .data          0x0000000000181ef0        0x0 ../barcode_bsp//libhal_bsp.a(alt_main.o)
 .data          0x0000000000181ef0        0x0 ../barcode_bsp//libhal_bsp.a(alt_printf.o)
 .data          0x0000000000181ef0        0x0 ../barcode_bsp//libhal_bsp.a(alt_putchar.o)
 .data          0x0000000000181ef0        0x0 ../barcode_bsp//libhal_bsp.a(alt_usleep.o)
 .data          0x0000000000181ef0       0x60 ../barcode_bsp//libhal_bsp.a(alt_sys_init.o)
 .data          0x0000000000181f50        0x0 ../barcode_bsp//libhal_bsp.a(altera_avalon_jtag_uart_write.o)
 .data          0x0000000000181f50        0x0 ../barcode_bsp//libhal_bsp.a(altera_avalon_sgdma.o)
 .data          0x0000000000181f50        0x0 ../barcode_bsp//libhal_bsp.a(alt_busy_sleep.o)
 .data          0x0000000000181f50        0x0 ../barcode_bsp//libhal_bsp.a(alt_dcache_flush.o)
 .data          0x0000000000181f50        0x0 ../barcode_bsp//libhal_bsp.a(alt_dcache_flush_all.o)
 .data          0x0000000000181f50        0x0 ../barcode_bsp//libhal_bsp.a(alt_dev_llist_insert.o)
 .data          0x0000000000181f50        0x0 ../barcode_bsp//libhal_bsp.a(alt_errno.o)
 .data          0x0000000000181f50        0x0 ../barcode_bsp//libhal_bsp.a(alt_find_dev.o)
 .data          0x0000000000181f50        0x0 ../barcode_bsp//libhal_bsp.a(alt_icache_flush_all.o)
 .data          0x0000000000181f50        0x0 ../barcode_bsp//libhal_bsp.a(alt_iic.o)
 .data          0x0000000000181f50        0x0 ../barcode_bsp//libhal_bsp.a(alt_iic_isr_register.o)
 .data          0x0000000000181f50        0x0 ../barcode_bsp//libhal_bsp.a(alt_irq_entry.o)
 .data          0x0000000000181f50        0x0 ../barcode_bsp//libhal_bsp.a(alt_irq_handler.o)
 .data          0x0000000000181f50        0x0 ../barcode_bsp//libhal_bsp.a(alt_irq_vars.o)
 .data          0x0000000000181f50        0x0 ../barcode_bsp//libhal_bsp.a(altera_nios2_gen2_irq.o)
 .data          0x0000000000181f50        0x0 ../barcode_bsp//libhal_bsp.a(alt_exception_entry.o)
 .data          0x0000000000181f50        0x0 /home/luuk/intelFPGA_lite/18.1/nios2eds/bin/gnu/H-x86_64-pc-linux-gnu/bin/../lib/gcc/nios2-elf/5.3.0/../../../../../H-x86_64-pc-linux-gnu/nios2-elf/lib/mno-hw-mul/libsmallc.a(lib_a-int_errno.o)
 .data          0x0000000000181f50        0x0 /home/luuk/intelFPGA_lite/18.1/nios2eds/bin/gnu/H-x86_64-pc-linux-gnu/bin/../lib/gcc/nios2-elf/5.3.0/../../../../../H-x86_64-pc-linux-gnu/nios2-elf/lib/mno-hw-mul/libsmallc.a(lib_a-memcmp.o)
 .data          0x0000000000181f50        0x0 /home/luuk/intelFPGA_lite/18.1/nios2eds/bin/gnu/H-x86_64-pc-linux-gnu/bin/../lib/gcc/nios2-elf/5.3.0/mno-hw-mul/libgcc.a(lib2-divmod.o)
 .data          0x0000000000181f50        0x0 /home/luuk/intelFPGA_lite/18.1/nios2eds/bin/gnu/H-x86_64-pc-linux-gnu/bin/../lib/gcc/nios2-elf/5.3.0/mno-hw-mul/libgcc.a(lib2-mul.o)
                0x0000000000189f50                _gp = ABSOLUTE ((. + 0x8000))
                [!provide]                        PROVIDE (gp, _gp)
 *(.rwdata .rwdata.*)
 *(.sdata .sdata.* .gnu.linkonce.s.*)
 .sdata         0x0000000000181f50        0x4 ../barcode_bsp//libhal_bsp.a(alt_sys_init.o)
                0x0000000000181f50                jtag_uart
 .sdata         0x0000000000181f54        0x8 ../barcode_bsp//libhal_bsp.a(altera_avalon_sgdma.o)
                0x0000000000181f54                alt_sgdma_list
 .sdata         0x0000000000181f5c        0x4 ../barcode_bsp//libhal_bsp.a(alt_errno.o)
                0x0000000000181f5c                alt_errno
 .sdata         0x0000000000181f60        0x4 ../barcode_bsp//libhal_bsp.a(alt_irq_vars.o)
                0x0000000000181f60                alt_priority_mask
 *(.sdata2 .sdata2.* .gnu.linkonce.s2.*)
                0x0000000000181f64                . = ALIGN (0x4)
                0x0000000000181f64                _edata = ABSOLUTE (.)
                [!provide]                        PROVIDE (edata, ABSOLUTE (.))
                0x0000000000181f64                PROVIDE (__ram_rwdata_end, ABSOLUTE (.))
                0x0000000000181f64                PROVIDE (__flash_rwdata_start, LOADADDR (.rwdata))

.bss            0x0000000000182738      0x520
                0x0000000000182738                __bss_start = ABSOLUTE (.)
                [!provide]                        PROVIDE (__sbss_start, ABSOLUTE (.))
                [!provide]                        PROVIDE (___sbss_start, ABSOLUTE (.))
 *(.dynsbss)
 *(.sbss .sbss.* .gnu.linkonce.sb.*)
 .sbss          0x0000000000182738        0xc obj/default/network.o
                0x0000000000182738                sgdma_tx_dev
                0x000000000018273c                text_length
                0x0000000000182740                sgdma_rx_dev
 .sbss          0x0000000000182744        0xc ../barcode_bsp//libhal_bsp.a(alt_main.o)
                0x0000000000182744                alt_envp
                0x0000000000182748                alt_argv
                0x000000000018274c                alt_argc
 .sbss          0x0000000000182750        0x4 ../barcode_bsp//libhal_bsp.a(alt_irq_vars.o)
                0x0000000000182750                alt_irq_active
 .sbss          0x0000000000182754        0x4 /home/luuk/intelFPGA_lite/18.1/nios2eds/bin/gnu/H-x86_64-pc-linux-gnu/bin/../lib/gcc/nios2-elf/5.3.0/../../../../../H-x86_64-pc-linux-gnu/nios2-elf/lib/mno-hw-mul/libsmallc.a(lib_a-int_errno.o)
                0x0000000000182754                errno
 *(.sbss2 .sbss2.* .gnu.linkonce.sb2.*)
 *(.scommon)
                [!provide]                        PROVIDE (__sbss_end, ABSOLUTE (.))
                [!provide]                        PROVIDE (___sbss_end, ABSOLUTE (.))
 *(.dynbss)
 *(.bss .bss.* .gnu.linkonce.b.*)
 .bss           0x0000000000182758        0x0 ../barcode_bsp//obj/HAL/src/crt0.o
 .bss           0x0000000000182758        0x0 obj/default/main.o
 .bss           0x0000000000182758      0x400 obj/default/network.o
                0x0000000000182758                rx_frame
 .bss           0x0000000000182b58        0x0 /home/luuk/intelFPGA_lite/18.1/nios2eds/bin/gnu/H-x86_64-pc-linux-gnu/bin/../lib/gcc/nios2-elf/5.3.0/../../../../../H-x86_64-pc-linux-gnu/nios2-elf/lib/mno-hw-mul/libsmallc.a(lib_a-memcpy.o)
 .bss           0x0000000000182b58        0x0 /home/luuk/intelFPGA_lite/18.1/nios2eds/bin/gnu/H-x86_64-pc-linux-gnu/bin/../lib/gcc/nios2-elf/5.3.0/../../../../../H-x86_64-pc-linux-gnu/nios2-elf/lib/mno-hw-mul/libsmallc.a(lib_a-strlen.o)
 .bss           0x0000000000182b58        0x0 ../barcode_bsp//libhal_bsp.a(alt_load.o)
 .bss           0x0000000000182b58        0x0 ../barcode_bsp//libhal_bsp.a(alt_main.o)
 .bss           0x0000000000182b58        0x0 ../barcode_bsp//libhal_bsp.a(alt_printf.o)
 .bss           0x0000000000182b58        0x0 ../barcode_bsp//libhal_bsp.a(alt_putchar.o)
 .bss           0x0000000000182b58        0x0 ../barcode_bsp//libhal_bsp.a(alt_usleep.o)
 .bss           0x0000000000182b58        0x0 ../barcode_bsp//libhal_bsp.a(alt_sys_init.o)
 .bss           0x0000000000182b58        0x0 ../barcode_bsp//libhal_bsp.a(altera_avalon_jtag_uart_write.o)
 .bss           0x0000000000182b58        0x0 ../barcode_bsp//libhal_bsp.a(altera_avalon_sgdma.o)
 .bss           0x0000000000182b58        0x0 ../barcode_bsp//libhal_bsp.a(alt_busy_sleep.o)
 .bss           0x0000000000182b58        0x0 ../barcode_bsp//libhal_bsp.a(alt_dcache_flush.o)
 .bss           0x0000000000182b58        0x0 ../barcode_bsp//libhal_bsp.a(alt_dcache_flush_all.o)
 .bss           0x0000000000182b58        0x0 ../barcode_bsp//libhal_bsp.a(alt_dev_llist_insert.o)
 .bss           0x0000000000182b58        0x0 ../barcode_bsp//libhal_bsp.a(alt_errno.o)
 .bss           0x0000000000182b58        0x0 ../barcode_bsp//libhal_bsp.a(alt_find_dev.o)
 .bss           0x0000000000182b58        0x0 ../barcode_bsp//libhal_bsp.a(alt_icache_flush_all.o)
 .bss           0x0000000000182b58        0x0 ../barcode_bsp//libhal_bsp.a(alt_iic.o)
 .bss           0x0000000000182b58        0x0 ../barcode_bsp//libhal_bsp.a(alt_iic_isr_register.o)
 .bss           0x0000000000182b58        0x0 ../barcode_bsp//libhal_bsp.a(alt_irq_entry.o)
 .bss           0x0000000000182b58        0x0 ../barcode_bsp//libhal_bsp.a(alt_irq_handler.o)
 .bss           0x0000000000182b58        0x0 ../barcode_bsp//libhal_bsp.a(alt_irq_vars.o)
 .bss           0x0000000000182b58        0x0 ../barcode_bsp//libhal_bsp.a(altera_nios2_gen2_irq.o)
 .bss           0x0000000000182b58        0x0 ../barcode_bsp//libhal_bsp.a(alt_exception_entry.o)
 .bss           0x0000000000182b58        0x0 /home/luuk/intelFPGA_lite/18.1/nios2eds/bin/gnu/H-x86_64-pc-linux-gnu/bin/../lib/gcc/nios2-elf/5.3.0/../../../../../H-x86_64-pc-linux-gnu/nios2-elf/lib/mno-hw-mul/libsmallc.a(lib_a-int_errno.o)
 .bss           0x0000000000182b58        0x0 /home/luuk/intelFPGA_lite/18.1/nios2eds/bin/gnu/H-x86_64-pc-linux-gnu/bin/../lib/gcc/nios2-elf/5.3.0/../../../../../H-x86_64-pc-linux-gnu/nios2-elf/lib/mno-hw-mul/libsmallc.a(lib_a-memcmp.o)
 .bss           0x0000000000182b58        0x0 /home/luuk/intelFPGA_lite/18.1/nios2eds/bin/gnu/H-x86_64-pc-linux-gnu/bin/../lib/gcc/nios2-elf/5.3.0/mno-hw-mul/libgcc.a(lib2-divmod.o)
 .bss           0x0000000000182b58        0x0 /home/luuk/intelFPGA_lite/18.1/nios2eds/bin/gnu/H-x86_64-pc-linux-gnu/bin/../lib/gcc/nios2-elf/5.3.0/mno-hw-mul/libgcc.a(lib2-mul.o)
 *(COMMON)
 COMMON         0x0000000000182b58      0x100 ../barcode_bsp//libhal_bsp.a(alt_irq_handler.o)
                0x0000000000182b58                alt_irq
                0x0000000000182c58                . = ALIGN (0x4)
                0x0000000000182c58                __bss_end = ABSOLUTE (.)

.VideoRAM       0x0000000000000000        0x0 load address 0x0000000000182c58
                [!provide]                        PROVIDE (_alt_partition_VideoRAM_start, ABSOLUTE (.))
 *(.VideoRAM .VideoRAM. VideoRAM.*)
                0x0000000000000000                . = ALIGN (0x4)
                [!provide]                        PROVIDE (_alt_partition_VideoRAM_end, ABSOLUTE (.))
                [!provide]                        PROVIDE (_alt_partition_VideoRAM_load_addr, LOADADDR (.VideoRAM))

.descriptor_memory
                0x0000000000008000       0x80 load address 0x0000000000182c58
                [!provide]                        PROVIDE (_alt_partition_descriptor_memory_start, ABSOLUTE (.))
 *(.descriptor_memory .descriptor_memory. descriptor_memory.*)
 .descriptor_memory
                0x0000000000008000       0x80 obj/default/network.o
                0x0000000000008000                rx_descriptor_end
                0x0000000000008020                rx_descriptor
                0x0000000000008040                tx_descriptor_end
                0x0000000000008060                tx_descriptor
                0x0000000000008080                . = ALIGN (0x4)
                [!provide]                        PROVIDE (_alt_partition_descriptor_memory_end, ABSOLUTE (.))
                [!provide]                        PROVIDE (_alt_partition_descriptor_memory_load_addr, LOADADDR (.descriptor_memory))

.onchip_memory  0x0000000000182cd8        0x0
                [!provide]                        PROVIDE (_alt_partition_onchip_memory_start, ABSOLUTE (.))
 *(.onchip_memory .onchip_memory. onchip_memory.*)
                0x0000000000182cd8                . = ALIGN (0x4)
                [!provide]                        PROVIDE (_alt_partition_onchip_memory_end, ABSOLUTE (.))
                0x0000000000182cd8                _end = ABSOLUTE (.)
                0x0000000000182cd8                end = ABSOLUTE (.)
                0x0000000000182cd8                __alt_stack_base = ABSOLUTE (.)
                [!provide]                        PROVIDE (_alt_partition_onchip_memory_load_addr, LOADADDR (.onchip_memory))

.stab
 *(.stab)

.stabstr
 *(.stabstr)

.stab.excl
 *(.stab.excl)

.stab.exclstr
 *(.stab.exclstr)

.stab.index
 *(.stab.index)

.stab.indexstr
 *(.stab.indexstr)

.comment        0x0000000000000000       0x23
 *(.comment)
 .comment       0x0000000000000000       0x23 obj/default/main.o
                                         0x24 (size before relaxing)
 .comment       0x0000000000000023       0x24 obj/default/network.o
 .comment       0x0000000000000023       0x24 /home/luuk/intelFPGA_lite/18.1/nios2eds/bin/gnu/H-x86_64-pc-linux-gnu/bin/../lib/gcc/nios2-elf/5.3.0/../../../../../H-x86_64-pc-linux-gnu/nios2-elf/lib/mno-hw-mul/libsmallc.a(lib_a-memcpy.o)
 .comment       0x0000000000000023       0x24 /home/luuk/intelFPGA_lite/18.1/nios2eds/bin/gnu/H-x86_64-pc-linux-gnu/bin/../lib/gcc/nios2-elf/5.3.0/../../../../../H-x86_64-pc-linux-gnu/nios2-elf/lib/mno-hw-mul/libsmallc.a(lib_a-strlen.o)
 .comment       0x0000000000000023       0x24 ../barcode_bsp//libhal_bsp.a(alt_load.o)
 .comment       0x0000000000000023       0x24 ../barcode_bsp//libhal_bsp.a(alt_main.o)
 .comment       0x0000000000000023       0x24 ../barcode_bsp//libhal_bsp.a(alt_printf.o)
 .comment       0x0000000000000023       0x24 ../barcode_bsp//libhal_bsp.a(alt_putchar.o)
 .comment       0x0000000000000023       0x24 ../barcode_bsp//libhal_bsp.a(alt_usleep.o)
 .comment       0x0000000000000023       0x24 ../barcode_bsp//libhal_bsp.a(alt_sys_init.o)
 .comment       0x0000000000000023       0x24 ../barcode_bsp//libhal_bsp.a(altera_avalon_jtag_uart_write.o)
 .comment       0x0000000000000023       0x24 ../barcode_bsp//libhal_bsp.a(altera_avalon_sgdma.o)
 .comment       0x0000000000000023       0x24 ../barcode_bsp//libhal_bsp.a(alt_busy_sleep.o)
 .comment       0x0000000000000023       0x24 ../barcode_bsp//libhal_bsp.a(alt_dcache_flush.o)
 .comment       0x0000000000000023       0x24 ../barcode_bsp//libhal_bsp.a(alt_dcache_flush_all.o)
 .comment       0x0000000000000023       0x24 ../barcode_bsp//libhal_bsp.a(alt_dev_llist_insert.o)
 .comment       0x0000000000000023       0x24 ../barcode_bsp//libhal_bsp.a(alt_errno.o)
 .comment       0x0000000000000023       0x24 ../barcode_bsp//libhal_bsp.a(alt_find_dev.o)
 .comment       0x0000000000000023       0x24 ../barcode_bsp//libhal_bsp.a(alt_icache_flush_all.o)
 .comment       0x0000000000000023       0x24 ../barcode_bsp//libhal_bsp.a(alt_iic.o)
 .comment       0x0000000000000023       0x24 ../barcode_bsp//libhal_bsp.a(alt_iic_isr_register.o)
 .comment       0x0000000000000023       0x24 ../barcode_bsp//libhal_bsp.a(alt_irq_handler.o)
 .comment       0x0000000000000023       0x24 ../barcode_bsp//libhal_bsp.a(alt_irq_vars.o)
 .comment       0x0000000000000023       0x24 ../barcode_bsp//libhal_bsp.a(altera_nios2_gen2_irq.o)
 .comment       0x0000000000000023       0x24 /home/luuk/intelFPGA_lite/18.1/nios2eds/bin/gnu/H-x86_64-pc-linux-gnu/bin/../lib/gcc/nios2-elf/5.3.0/../../../../../H-x86_64-pc-linux-gnu/nios2-elf/lib/mno-hw-mul/libsmallc.a(lib_a-int_errno.o)
 .comment       0x0000000000000023       0x24 /home/luuk/intelFPGA_lite/18.1/nios2eds/bin/gnu/H-x86_64-pc-linux-gnu/bin/../lib/gcc/nios2-elf/5.3.0/../../../../../H-x86_64-pc-linux-gnu/nios2-elf/lib/mno-hw-mul/libsmallc.a(lib_a-memcmp.o)
 .comment       0x0000000000000023       0x24 /home/luuk/intelFPGA_lite/18.1/nios2eds/bin/gnu/H-x86_64-pc-linux-gnu/bin/../lib/gcc/nios2-elf/5.3.0/mno-hw-mul/libgcc.a(lib2-divmod.o)
 .comment       0x0000000000000023       0x24 /home/luuk/intelFPGA_lite/18.1/nios2eds/bin/gnu/H-x86_64-pc-linux-gnu/bin/../lib/gcc/nios2-elf/5.3.0/mno-hw-mul/libgcc.a(lib2-mul.o)

.debug
 *(.debug)

.line
 *(.line)

.debug_srcinfo
 *(.debug_srcinfo)

.debug_sfnames
 *(.debug_sfnames)

.debug_aranges  0x0000000000000000      0x400
 *(.debug_aranges)
 .debug_aranges
                0x0000000000000000       0x28 ../barcode_bsp//obj/HAL/src/crt0.o
 .debug_aranges
                0x0000000000000028       0x28 obj/default/main.o
 .debug_aranges
                0x0000000000000050       0x20 obj/default/network.o
 .debug_aranges
                0x0000000000000070       0x20 /home/luuk/intelFPGA_lite/18.1/nios2eds/bin/gnu/H-x86_64-pc-linux-gnu/bin/../lib/gcc/nios2-elf/5.3.0/../../../../../H-x86_64-pc-linux-gnu/nios2-elf/lib/mno-hw-mul/libsmallc.a(lib_a-memcpy.o)
 .debug_aranges
                0x0000000000000090       0x20 /home/luuk/intelFPGA_lite/18.1/nios2eds/bin/gnu/H-x86_64-pc-linux-gnu/bin/../lib/gcc/nios2-elf/5.3.0/../../../../../H-x86_64-pc-linux-gnu/nios2-elf/lib/mno-hw-mul/libsmallc.a(lib_a-strlen.o)
 .debug_aranges
                0x00000000000000b0       0x20 ../barcode_bsp//libhal_bsp.a(alt_load.o)
 .debug_aranges
                0x00000000000000d0       0x20 ../barcode_bsp//libhal_bsp.a(alt_main.o)
 .debug_aranges
                0x00000000000000f0       0x20 ../barcode_bsp//libhal_bsp.a(alt_printf.o)
 .debug_aranges
                0x0000000000000110       0x20 ../barcode_bsp//libhal_bsp.a(alt_putchar.o)
 .debug_aranges
                0x0000000000000130       0x20 ../barcode_bsp//libhal_bsp.a(alt_usleep.o)
 .debug_aranges
                0x0000000000000150       0x20 ../barcode_bsp//libhal_bsp.a(alt_sys_init.o)
 .debug_aranges
                0x0000000000000170       0x20 ../barcode_bsp//libhal_bsp.a(altera_avalon_jtag_uart_write.o)
 .debug_aranges
                0x0000000000000190       0x20 ../barcode_bsp//libhal_bsp.a(altera_avalon_sgdma.o)
 .debug_aranges
                0x00000000000001b0       0x20 ../barcode_bsp//libhal_bsp.a(alt_busy_sleep.o)
 .debug_aranges
                0x00000000000001d0       0x20 ../barcode_bsp//libhal_bsp.a(alt_dcache_flush.o)
 .debug_aranges
                0x00000000000001f0       0x20 ../barcode_bsp//libhal_bsp.a(alt_dcache_flush_all.o)
 .debug_aranges
                0x0000000000000210       0x20 ../barcode_bsp//libhal_bsp.a(alt_dev_llist_insert.o)
 .debug_aranges
                0x0000000000000230       0x18 ../barcode_bsp//libhal_bsp.a(alt_errno.o)
 .debug_aranges
                0x0000000000000248       0x20 ../barcode_bsp//libhal_bsp.a(alt_find_dev.o)
 .debug_aranges
                0x0000000000000268       0x20 ../barcode_bsp//libhal_bsp.a(alt_icache_flush_all.o)
 .debug_aranges
                0x0000000000000288       0x20 ../barcode_bsp//libhal_bsp.a(alt_iic.o)
 .debug_aranges
                0x00000000000002a8       0x20 ../barcode_bsp//libhal_bsp.a(alt_iic_isr_register.o)
 .debug_aranges
                0x00000000000002c8       0x30 ../barcode_bsp//libhal_bsp.a(alt_irq_entry.o)
 .debug_aranges
                0x00000000000002f8       0x20 ../barcode_bsp//libhal_bsp.a(alt_irq_handler.o)
 .debug_aranges
                0x0000000000000318       0x18 ../barcode_bsp//libhal_bsp.a(alt_irq_vars.o)
 .debug_aranges
                0x0000000000000330       0x20 ../barcode_bsp//libhal_bsp.a(altera_nios2_gen2_irq.o)
 .debug_aranges
                0x0000000000000350       0x38 ../barcode_bsp//libhal_bsp.a(alt_exception_entry.o)
 .debug_aranges
                0x0000000000000388       0x18 /home/luuk/intelFPGA_lite/18.1/nios2eds/bin/gnu/H-x86_64-pc-linux-gnu/bin/../lib/gcc/nios2-elf/5.3.0/../../../../../H-x86_64-pc-linux-gnu/nios2-elf/lib/mno-hw-mul/libsmallc.a(lib_a-int_errno.o)
 .debug_aranges
                0x00000000000003a0       0x20 /home/luuk/intelFPGA_lite/18.1/nios2eds/bin/gnu/H-x86_64-pc-linux-gnu/bin/../lib/gcc/nios2-elf/5.3.0/../../../../../H-x86_64-pc-linux-gnu/nios2-elf/lib/mno-hw-mul/libsmallc.a(lib_a-memcmp.o)
 .debug_aranges
                0x00000000000003c0       0x20 /home/luuk/intelFPGA_lite/18.1/nios2eds/bin/gnu/H-x86_64-pc-linux-gnu/bin/../lib/gcc/nios2-elf/5.3.0/mno-hw-mul/libgcc.a(lib2-divmod.o)
 .debug_aranges
                0x00000000000003e0       0x20 /home/luuk/intelFPGA_lite/18.1/nios2eds/bin/gnu/H-x86_64-pc-linux-gnu/bin/../lib/gcc/nios2-elf/5.3.0/mno-hw-mul/libgcc.a(lib2-mul.o)

.debug_pubnames
 *(.debug_pubnames)

.debug_info     0x0000000000000000     0x3bed
 *(.debug_info .gnu.linkonce.wi.*)
 .debug_info    0x0000000000000000       0x68 ../barcode_bsp//obj/HAL/src/crt0.o
 .debug_info    0x0000000000000068      0x366 obj/default/main.o
 .debug_info    0x00000000000003ce      0x669 obj/default/network.o
 .debug_info    0x0000000000000a37      0x119 /home/luuk/intelFPGA_lite/18.1/nios2eds/bin/gnu/H-x86_64-pc-linux-gnu/bin/../lib/gcc/nios2-elf/5.3.0/../../../../../H-x86_64-pc-linux-gnu/nios2-elf/lib/mno-hw-mul/libsmallc.a(lib_a-memcpy.o)
 .debug_info    0x0000000000000b50       0xc9 /home/luuk/intelFPGA_lite/18.1/nios2eds/bin/gnu/H-x86_64-pc-linux-gnu/bin/../lib/gcc/nios2-elf/5.3.0/../../../../../H-x86_64-pc-linux-gnu/nios2-elf/lib/mno-hw-mul/libsmallc.a(lib_a-strlen.o)
 .debug_info    0x0000000000000c19      0x1c9 ../barcode_bsp//libhal_bsp.a(alt_load.o)
 .debug_info    0x0000000000000de2      0x169 ../barcode_bsp//libhal_bsp.a(alt_main.o)
 .debug_info    0x0000000000000f4b      0x14d ../barcode_bsp//libhal_bsp.a(alt_printf.o)
 .debug_info    0x0000000000001098      0x12a ../barcode_bsp//libhal_bsp.a(alt_putchar.o)
 .debug_info    0x00000000000011c2       0xd1 ../barcode_bsp//libhal_bsp.a(alt_usleep.o)
 .debug_info    0x0000000000001293      0x380 ../barcode_bsp//libhal_bsp.a(alt_sys_init.o)
 .debug_info    0x0000000000001613      0x197 ../barcode_bsp//libhal_bsp.a(altera_avalon_jtag_uart_write.o)
 .debug_info    0x00000000000017aa      0xdcd ../barcode_bsp//libhal_bsp.a(altera_avalon_sgdma.o)
 .debug_info    0x0000000000002577       0xd8 ../barcode_bsp//libhal_bsp.a(alt_busy_sleep.o)
 .debug_info    0x000000000000264f       0xba ../barcode_bsp//libhal_bsp.a(alt_dcache_flush.o)
 .debug_info    0x0000000000002709       0x92 ../barcode_bsp//libhal_bsp.a(alt_dcache_flush_all.o)
 .debug_info    0x000000000000279b      0x1b3 ../barcode_bsp//libhal_bsp.a(alt_dev_llist_insert.o)
 .debug_info    0x000000000000294e       0xa6 ../barcode_bsp//libhal_bsp.a(alt_errno.o)
 .debug_info    0x00000000000029f4      0x32d ../barcode_bsp//libhal_bsp.a(alt_find_dev.o)
 .debug_info    0x0000000000002d21       0x92 ../barcode_bsp//libhal_bsp.a(alt_icache_flush_all.o)
 .debug_info    0x0000000000002db3      0x38a ../barcode_bsp//libhal_bsp.a(alt_iic.o)
 .debug_info    0x000000000000313d      0x232 ../barcode_bsp//libhal_bsp.a(alt_iic_isr_register.o)
 .debug_info    0x000000000000336f       0x71 ../barcode_bsp//libhal_bsp.a(alt_irq_entry.o)
 .debug_info    0x00000000000033e0      0x184 ../barcode_bsp//libhal_bsp.a(alt_irq_handler.o)
 .debug_info    0x0000000000003564       0x88 ../barcode_bsp//libhal_bsp.a(alt_irq_vars.o)
 .debug_info    0x00000000000035ec       0x92 ../barcode_bsp//libhal_bsp.a(altera_nios2_gen2_irq.o)
 .debug_info    0x000000000000367e       0x77 ../barcode_bsp//libhal_bsp.a(alt_exception_entry.o)
 .debug_info    0x00000000000036f5       0x8a /home/luuk/intelFPGA_lite/18.1/nios2eds/bin/gnu/H-x86_64-pc-linux-gnu/bin/../lib/gcc/nios2-elf/5.3.0/../../../../../H-x86_64-pc-linux-gnu/nios2-elf/lib/mno-hw-mul/libsmallc.a(lib_a-int_errno.o)
 .debug_info    0x000000000000377f       0xf4 /home/luuk/intelFPGA_lite/18.1/nios2eds/bin/gnu/H-x86_64-pc-linux-gnu/bin/../lib/gcc/nios2-elf/5.3.0/../../../../../H-x86_64-pc-linux-gnu/nios2-elf/lib/mno-hw-mul/libsmallc.a(lib_a-memcmp.o)
 .debug_info    0x0000000000003873      0x2c6 /home/luuk/intelFPGA_lite/18.1/nios2eds/bin/gnu/H-x86_64-pc-linux-gnu/bin/../lib/gcc/nios2-elf/5.3.0/mno-hw-mul/libgcc.a(lib2-divmod.o)
 .debug_info    0x0000000000003b39       0xb4 /home/luuk/intelFPGA_lite/18.1/nios2eds/bin/gnu/H-x86_64-pc-linux-gnu/bin/../lib/gcc/nios2-elf/5.3.0/mno-hw-mul/libgcc.a(lib2-mul.o)

.debug_abbrev   0x0000000000000000     0x18ac
 *(.debug_abbrev)
 .debug_abbrev  0x0000000000000000       0x12 ../barcode_bsp//obj/HAL/src/crt0.o
 .debug_abbrev  0x0000000000000012      0x1a6 obj/default/main.o
 .debug_abbrev  0x00000000000001b8      0x181 obj/default/network.o
 .debug_abbrev  0x0000000000000339       0x9c /home/luuk/intelFPGA_lite/18.1/nios2eds/bin/gnu/H-x86_64-pc-linux-gnu/bin/../lib/gcc/nios2-elf/5.3.0/../../../../../H-x86_64-pc-linux-gnu/nios2-elf/lib/mno-hw-mul/libsmallc.a(lib_a-memcpy.o)
 .debug_abbrev  0x00000000000003d5       0x7f /home/luuk/intelFPGA_lite/18.1/nios2eds/bin/gnu/H-x86_64-pc-linux-gnu/bin/../lib/gcc/nios2-elf/5.3.0/../../../../../H-x86_64-pc-linux-gnu/nios2-elf/lib/mno-hw-mul/libsmallc.a(lib_a-strlen.o)
 .debug_abbrev  0x0000000000000454       0xd8 ../barcode_bsp//libhal_bsp.a(alt_load.o)
 .debug_abbrev  0x000000000000052c       0xee ../barcode_bsp//libhal_bsp.a(alt_main.o)
 .debug_abbrev  0x000000000000061a       0xd5 ../barcode_bsp//libhal_bsp.a(alt_printf.o)
 .debug_abbrev  0x00000000000006ef       0xd2 ../barcode_bsp//libhal_bsp.a(alt_putchar.o)
 .debug_abbrev  0x00000000000007c1       0x8d ../barcode_bsp//libhal_bsp.a(alt_usleep.o)
 .debug_abbrev  0x000000000000084e      0x150 ../barcode_bsp//libhal_bsp.a(alt_sys_init.o)
 .debug_abbrev  0x000000000000099e       0xd5 ../barcode_bsp//libhal_bsp.a(altera_avalon_jtag_uart_write.o)
 .debug_abbrev  0x0000000000000a73      0x2e4 ../barcode_bsp//libhal_bsp.a(altera_avalon_sgdma.o)
 .debug_abbrev  0x0000000000000d57       0x8d ../barcode_bsp//libhal_bsp.a(alt_busy_sleep.o)
 .debug_abbrev  0x0000000000000de4       0x74 ../barcode_bsp//libhal_bsp.a(alt_dcache_flush.o)
 .debug_abbrev  0x0000000000000e58       0x42 ../barcode_bsp//libhal_bsp.a(alt_dcache_flush_all.o)
 .debug_abbrev  0x0000000000000e9a      0x11c ../barcode_bsp//libhal_bsp.a(alt_dev_llist_insert.o)
 .debug_abbrev  0x0000000000000fb6       0x5a ../barcode_bsp//libhal_bsp.a(alt_errno.o)
 .debug_abbrev  0x0000000000001010      0x125 ../barcode_bsp//libhal_bsp.a(alt_find_dev.o)
 .debug_abbrev  0x0000000000001135       0x42 ../barcode_bsp//libhal_bsp.a(alt_icache_flush_all.o)
 .debug_abbrev  0x0000000000001177      0x1a0 ../barcode_bsp//libhal_bsp.a(alt_iic.o)
 .debug_abbrev  0x0000000000001317      0x19c ../barcode_bsp//libhal_bsp.a(alt_iic_isr_register.o)
 .debug_abbrev  0x00000000000014b3       0x12 ../barcode_bsp//libhal_bsp.a(alt_irq_entry.o)
 .debug_abbrev  0x00000000000014c5      0x120 ../barcode_bsp//libhal_bsp.a(alt_irq_handler.o)
 .debug_abbrev  0x00000000000015e5       0x40 ../barcode_bsp//libhal_bsp.a(alt_irq_vars.o)
 .debug_abbrev  0x0000000000001625       0x42 ../barcode_bsp//libhal_bsp.a(altera_nios2_gen2_irq.o)
 .debug_abbrev  0x0000000000001667       0x12 ../barcode_bsp//libhal_bsp.a(alt_exception_entry.o)
 .debug_abbrev  0x0000000000001679       0x37 /home/luuk/intelFPGA_lite/18.1/nios2eds/bin/gnu/H-x86_64-pc-linux-gnu/bin/../lib/gcc/nios2-elf/5.3.0/../../../../../H-x86_64-pc-linux-gnu/nios2-elf/lib/mno-hw-mul/libsmallc.a(lib_a-int_errno.o)
 .debug_abbrev  0x00000000000016b0       0x7f /home/luuk/intelFPGA_lite/18.1/nios2eds/bin/gnu/H-x86_64-pc-linux-gnu/bin/../lib/gcc/nios2-elf/5.3.0/../../../../../H-x86_64-pc-linux-gnu/nios2-elf/lib/mno-hw-mul/libsmallc.a(lib_a-memcmp.o)
 .debug_abbrev  0x000000000000172f      0x10e /home/luuk/intelFPGA_lite/18.1/nios2eds/bin/gnu/H-x86_64-pc-linux-gnu/bin/../lib/gcc/nios2-elf/5.3.0/mno-hw-mul/libgcc.a(lib2-divmod.o)
 .debug_abbrev  0x000000000000183d       0x6f /home/luuk/intelFPGA_lite/18.1/nios2eds/bin/gnu/H-x86_64-pc-linux-gnu/bin/../lib/gcc/nios2-elf/5.3.0/mno-hw-mul/libgcc.a(lib2-mul.o)

.debug_line     0x0000000000000000     0x1a24
 *(.debug_line)
 .debug_line    0x0000000000000000       0x66 ../barcode_bsp//obj/HAL/src/crt0.o
 .debug_line    0x0000000000000066      0x1c0 obj/default/main.o
 .debug_line    0x0000000000000226      0x191 obj/default/network.o
 .debug_line    0x00000000000003b7      0x15e /home/luuk/intelFPGA_lite/18.1/nios2eds/bin/gnu/H-x86_64-pc-linux-gnu/bin/../lib/gcc/nios2-elf/5.3.0/../../../../../H-x86_64-pc-linux-gnu/nios2-elf/lib/mno-hw-mul/libsmallc.a(lib_a-memcpy.o)
 .debug_line    0x0000000000000515      0x15c /home/luuk/intelFPGA_lite/18.1/nios2eds/bin/gnu/H-x86_64-pc-linux-gnu/bin/../lib/gcc/nios2-elf/5.3.0/../../../../../H-x86_64-pc-linux-gnu/nios2-elf/lib/mno-hw-mul/libsmallc.a(lib_a-strlen.o)
 .debug_line    0x0000000000000671       0xa4 ../barcode_bsp//libhal_bsp.a(alt_load.o)
 .debug_line    0x0000000000000715       0xbd ../barcode_bsp//libhal_bsp.a(alt_main.o)
 .debug_line    0x00000000000007d2      0x11f ../barcode_bsp//libhal_bsp.a(alt_printf.o)
 .debug_line    0x00000000000008f1       0x55 ../barcode_bsp//libhal_bsp.a(alt_putchar.o)
 .debug_line    0x0000000000000946       0xdc ../barcode_bsp//libhal_bsp.a(alt_usleep.o)
 .debug_line    0x0000000000000a22      0x146 ../barcode_bsp//libhal_bsp.a(alt_sys_init.o)
 .debug_line    0x0000000000000b68       0xf0 ../barcode_bsp//libhal_bsp.a(altera_avalon_jtag_uart_write.o)
 .debug_line    0x0000000000000c58      0x273 ../barcode_bsp//libhal_bsp.a(altera_avalon_sgdma.o)
 .debug_line    0x0000000000000ecb       0xb5 ../barcode_bsp//libhal_bsp.a(alt_busy_sleep.o)
 .debug_line    0x0000000000000f80       0x63 ../barcode_bsp//libhal_bsp.a(alt_dcache_flush.o)
 .debug_line    0x0000000000000fe3       0x4e ../barcode_bsp//libhal_bsp.a(alt_dcache_flush_all.o)
 .debug_line    0x0000000000001031       0xd8 ../barcode_bsp//libhal_bsp.a(alt_dev_llist_insert.o)
 .debug_line    0x0000000000001109       0x51 ../barcode_bsp//libhal_bsp.a(alt_errno.o)
 .debug_line    0x000000000000115a      0x114 ../barcode_bsp//libhal_bsp.a(alt_find_dev.o)
 .debug_line    0x000000000000126e       0x4e ../barcode_bsp//libhal_bsp.a(alt_icache_flush_all.o)
 .debug_line    0x00000000000012bc       0xf1 ../barcode_bsp//libhal_bsp.a(alt_iic.o)
 .debug_line    0x00000000000013ad       0xd6 ../barcode_bsp//libhal_bsp.a(alt_iic_isr_register.o)
 .debug_line    0x0000000000001483       0x6b ../barcode_bsp//libhal_bsp.a(alt_irq_entry.o)
 .debug_line    0x00000000000014ee       0xa5 ../barcode_bsp//libhal_bsp.a(alt_irq_handler.o)
 .debug_line    0x0000000000001593       0x50 ../barcode_bsp//libhal_bsp.a(alt_irq_vars.o)
 .debug_line    0x00000000000015e3       0x50 ../barcode_bsp//libhal_bsp.a(altera_nios2_gen2_irq.o)
 .debug_line    0x0000000000001633       0xad ../barcode_bsp//libhal_bsp.a(alt_exception_entry.o)
 .debug_line    0x00000000000016e0       0x5f /home/luuk/intelFPGA_lite/18.1/nios2eds/bin/gnu/H-x86_64-pc-linux-gnu/bin/../lib/gcc/nios2-elf/5.3.0/../../../../../H-x86_64-pc-linux-gnu/nios2-elf/lib/mno-hw-mul/libsmallc.a(lib_a-int_errno.o)
 .debug_line    0x000000000000173f      0x160 /home/luuk/intelFPGA_lite/18.1/nios2eds/bin/gnu/H-x86_64-pc-linux-gnu/bin/../lib/gcc/nios2-elf/5.3.0/../../../../../H-x86_64-pc-linux-gnu/nios2-elf/lib/mno-hw-mul/libsmallc.a(lib_a-memcmp.o)
 .debug_line    0x000000000000189f      0x105 /home/luuk/intelFPGA_lite/18.1/nios2eds/bin/gnu/H-x86_64-pc-linux-gnu/bin/../lib/gcc/nios2-elf/5.3.0/mno-hw-mul/libgcc.a(lib2-divmod.o)
 .debug_line    0x00000000000019a4       0x80 /home/luuk/intelFPGA_lite/18.1/nios2eds/bin/gnu/H-x86_64-pc-linux-gnu/bin/../lib/gcc/nios2-elf/5.3.0/mno-hw-mul/libgcc.a(lib2-mul.o)

.debug_frame    0x0000000000000000      0x6fc
 *(.debug_frame)
 .debug_frame   0x0000000000000000       0xa0 obj/default/main.o
 .debug_frame   0x00000000000000a0       0x8c obj/default/network.o
 .debug_frame   0x000000000000012c       0x20 /home/luuk/intelFPGA_lite/18.1/nios2eds/bin/gnu/H-x86_64-pc-linux-gnu/bin/../lib/gcc/nios2-elf/5.3.0/../../../../../H-x86_64-pc-linux-gnu/nios2-elf/lib/mno-hw-mul/libsmallc.a(lib_a-memcpy.o)
 .debug_frame   0x000000000000014c       0x20 /home/luuk/intelFPGA_lite/18.1/nios2eds/bin/gnu/H-x86_64-pc-linux-gnu/bin/../lib/gcc/nios2-elf/5.3.0/../../../../../H-x86_64-pc-linux-gnu/nios2-elf/lib/mno-hw-mul/libsmallc.a(lib_a-strlen.o)
 .debug_frame   0x000000000000016c       0x30 ../barcode_bsp//libhal_bsp.a(alt_load.o)
 .debug_frame   0x000000000000019c       0x2c ../barcode_bsp//libhal_bsp.a(alt_main.o)
 .debug_frame   0x00000000000001c8       0x54 ../barcode_bsp//libhal_bsp.a(alt_printf.o)
 .debug_frame   0x000000000000021c       0x30 ../barcode_bsp//libhal_bsp.a(alt_putchar.o)
 .debug_frame   0x000000000000024c       0x20 ../barcode_bsp//libhal_bsp.a(alt_usleep.o)
 .debug_frame   0x000000000000026c       0x48 ../barcode_bsp//libhal_bsp.a(alt_sys_init.o)
 .debug_frame   0x00000000000002b4       0x20 ../barcode_bsp//libhal_bsp.a(altera_avalon_jtag_uart_write.o)
 .debug_frame   0x00000000000002d4      0x1cc ../barcode_bsp//libhal_bsp.a(altera_avalon_sgdma.o)
 .debug_frame   0x00000000000004a0       0x30 ../barcode_bsp//libhal_bsp.a(alt_busy_sleep.o)
 .debug_frame   0x00000000000004d0       0x20 ../barcode_bsp//libhal_bsp.a(alt_dcache_flush.o)
 .debug_frame   0x00000000000004f0       0x20 ../barcode_bsp//libhal_bsp.a(alt_dcache_flush_all.o)
 .debug_frame   0x0000000000000510       0x2c ../barcode_bsp//libhal_bsp.a(alt_dev_llist_insert.o)
 .debug_frame   0x000000000000053c       0x3c ../barcode_bsp//libhal_bsp.a(alt_find_dev.o)
 .debug_frame   0x0000000000000578       0x20 ../barcode_bsp//libhal_bsp.a(alt_icache_flush_all.o)
 .debug_frame   0x0000000000000598       0x50 ../barcode_bsp//libhal_bsp.a(alt_iic.o)
 .debug_frame   0x00000000000005e8       0x30 ../barcode_bsp//libhal_bsp.a(alt_iic_isr_register.o)
 .debug_frame   0x0000000000000618       0x34 ../barcode_bsp//libhal_bsp.a(alt_irq_handler.o)
 .debug_frame   0x000000000000064c       0x20 ../barcode_bsp//libhal_bsp.a(altera_nios2_gen2_irq.o)
 .debug_frame   0x000000000000066c       0x20 /home/luuk/intelFPGA_lite/18.1/nios2eds/bin/gnu/H-x86_64-pc-linux-gnu/bin/../lib/gcc/nios2-elf/5.3.0/../../../../../H-x86_64-pc-linux-gnu/nios2-elf/lib/mno-hw-mul/libsmallc.a(lib_a-memcmp.o)
 .debug_frame   0x000000000000068c       0x50 /home/luuk/intelFPGA_lite/18.1/nios2eds/bin/gnu/H-x86_64-pc-linux-gnu/bin/../lib/gcc/nios2-elf/5.3.0/mno-hw-mul/libgcc.a(lib2-divmod.o)
 .debug_frame   0x00000000000006dc       0x20 /home/luuk/intelFPGA_lite/18.1/nios2eds/bin/gnu/H-x86_64-pc-linux-gnu/bin/../lib/gcc/nios2-elf/5.3.0/mno-hw-mul/libgcc.a(lib2-mul.o)

.debug_str      0x0000000000000000     0x11fa
 *(.debug_str)
 .debug_str     0x0000000000000000      0x181 obj/default/main.o
                                        0x1d4 (size before relaxing)
 .debug_str     0x0000000000000181      0x2f8 obj/default/network.o
                                        0x468 (size before relaxing)
 .debug_str     0x0000000000000479      0x14f /home/luuk/intelFPGA_lite/18.1/nios2eds/bin/gnu/H-x86_64-pc-linux-gnu/bin/../lib/gcc/nios2-elf/5.3.0/../../../../../H-x86_64-pc-linux-gnu/nios2-elf/lib/mno-hw-mul/libsmallc.a(lib_a-memcpy.o)
                                        0x1f4 (size before relaxing)
 .debug_str     0x00000000000005c8       0x3d /home/luuk/intelFPGA_lite/18.1/nios2eds/bin/gnu/H-x86_64-pc-linux-gnu/bin/../lib/gcc/nios2-elf/5.3.0/../../../../../H-x86_64-pc-linux-gnu/nios2-elf/lib/mno-hw-mul/libsmallc.a(lib_a-strlen.o)
                                        0x1e6 (size before relaxing)
 .debug_str     0x0000000000000605      0x147 ../barcode_bsp//libhal_bsp.a(alt_load.o)
                                        0x236 (size before relaxing)
 .debug_str     0x000000000000074c       0x5e ../barcode_bsp//libhal_bsp.a(alt_main.o)
                                        0x1af (size before relaxing)
 .debug_str     0x00000000000007aa       0x59 ../barcode_bsp//libhal_bsp.a(alt_printf.o)
                                        0x100 (size before relaxing)
 .debug_str     0x0000000000000803       0x5e ../barcode_bsp//libhal_bsp.a(alt_putchar.o)
                                        0x185 (size before relaxing)
 .debug_str     0x0000000000000861       0x2f ../barcode_bsp//libhal_bsp.a(alt_usleep.o)
                                        0x151 (size before relaxing)
 .debug_str     0x0000000000000890       0xa9 ../barcode_bsp//libhal_bsp.a(alt_sys_init.o)
                                        0x39f (size before relaxing)
 .debug_str     0x0000000000000939       0x32 ../barcode_bsp//libhal_bsp.a(altera_avalon_jtag_uart_write.o)
                                        0x20f (size before relaxing)
 .debug_str     0x000000000000096b      0x30e ../barcode_bsp//libhal_bsp.a(altera_avalon_sgdma.o)
                                        0x6d1 (size before relaxing)
 .debug_str     0x0000000000000c79       0x33 ../barcode_bsp//libhal_bsp.a(alt_busy_sleep.o)
                                        0x165 (size before relaxing)
 .debug_str     0x0000000000000cac       0x1b ../barcode_bsp//libhal_bsp.a(alt_dcache_flush.o)
                                        0x155 (size before relaxing)
 .debug_str     0x0000000000000cc7       0x1f ../barcode_bsp//libhal_bsp.a(alt_dcache_flush_all.o)
                                        0x14f (size before relaxing)
 .debug_str     0x0000000000000ce6       0x36 ../barcode_bsp//libhal_bsp.a(alt_dev_llist_insert.o)
                                        0x1c6 (size before relaxing)
 .debug_str     0x0000000000000d1c       0x14 ../barcode_bsp//libhal_bsp.a(alt_errno.o)
                                        0x13f (size before relaxing)
 .debug_str     0x0000000000000d30       0x72 ../barcode_bsp//libhal_bsp.a(alt_find_dev.o)
                                        0x1f4 (size before relaxing)
 .debug_str     0x0000000000000da2       0x1f ../barcode_bsp//libhal_bsp.a(alt_icache_flush_all.o)
                                        0x14f (size before relaxing)
 .debug_str     0x0000000000000dc1       0xb8 ../barcode_bsp//libhal_bsp.a(alt_iic.o)
                                        0x24d (size before relaxing)
 .debug_str     0x0000000000000e79       0x37 ../barcode_bsp//libhal_bsp.a(alt_iic_isr_register.o)
                                        0x207 (size before relaxing)
 .debug_str     0x0000000000000eb0       0x3a ../barcode_bsp//libhal_bsp.a(alt_irq_handler.o)
                                        0x191 (size before relaxing)
 .debug_str     0x0000000000000eea       0x17 ../barcode_bsp//libhal_bsp.a(alt_irq_vars.o)
                                        0x134 (size before relaxing)
 .debug_str     0x0000000000000f01       0x20 ../barcode_bsp//libhal_bsp.a(altera_nios2_gen2_irq.o)
                                        0x156 (size before relaxing)
 .debug_str     0x0000000000000f21       0xd4 /home/luuk/intelFPGA_lite/18.1/nios2eds/bin/gnu/H-x86_64-pc-linux-gnu/bin/../lib/gcc/nios2-elf/5.3.0/../../../../../H-x86_64-pc-linux-gnu/nios2-elf/lib/mno-hw-mul/libsmallc.a(lib_a-int_errno.o)
                                        0x1d9 (size before relaxing)
 .debug_str     0x0000000000000ff5       0x3d /home/luuk/intelFPGA_lite/18.1/nios2eds/bin/gnu/H-x86_64-pc-linux-gnu/bin/../lib/gcc/nios2-elf/5.3.0/../../../../../H-x86_64-pc-linux-gnu/nios2-elf/lib/mno-hw-mul/libsmallc.a(lib_a-memcmp.o)
                                        0x1e0 (size before relaxing)
 .debug_str     0x0000000000001032      0x188 /home/luuk/intelFPGA_lite/18.1/nios2eds/bin/gnu/H-x86_64-pc-linux-gnu/bin/../lib/gcc/nios2-elf/5.3.0/mno-hw-mul/libgcc.a(lib2-divmod.o)
                                        0x1d3 (size before relaxing)
 .debug_str     0x00000000000011ba       0x40 /home/luuk/intelFPGA_lite/18.1/nios2eds/bin/gnu/H-x86_64-pc-linux-gnu/bin/../lib/gcc/nios2-elf/5.3.0/mno-hw-mul/libgcc.a(lib2-mul.o)
                                        0x194 (size before relaxing)

.debug_loc      0x0000000000000000     0x1c58
 *(.debug_loc)
 .debug_loc     0x0000000000000000      0x20b obj/default/main.o
 .debug_loc     0x000000000000020b       0xda obj/default/network.o
 .debug_loc     0x00000000000002e5      0x135 /home/luuk/intelFPGA_lite/18.1/nios2eds/bin/gnu/H-x86_64-pc-linux-gnu/bin/../lib/gcc/nios2-elf/5.3.0/../../../../../H-x86_64-pc-linux-gnu/nios2-elf/lib/mno-hw-mul/libsmallc.a(lib_a-memcpy.o)
 .debug_loc     0x000000000000041a       0x1e /home/luuk/intelFPGA_lite/18.1/nios2eds/bin/gnu/H-x86_64-pc-linux-gnu/bin/../lib/gcc/nios2-elf/5.3.0/../../../../../H-x86_64-pc-linux-gnu/nios2-elf/lib/mno-hw-mul/libsmallc.a(lib_a-strlen.o)
 .debug_loc     0x0000000000000438      0x1de ../barcode_bsp//libhal_bsp.a(alt_printf.o)
 .debug_loc     0x0000000000000616       0x2c ../barcode_bsp//libhal_bsp.a(alt_putchar.o)
 .debug_loc     0x0000000000000642       0x21 ../barcode_bsp//libhal_bsp.a(alt_usleep.o)
 .debug_loc     0x0000000000000663       0x21 ../barcode_bsp//libhal_bsp.a(alt_sys_init.o)
 .debug_loc     0x0000000000000684       0x8b ../barcode_bsp//libhal_bsp.a(altera_avalon_jtag_uart_write.o)
 .debug_loc     0x000000000000070f      0xa7c ../barcode_bsp//libhal_bsp.a(altera_avalon_sgdma.o)
 .debug_loc     0x000000000000118b       0x67 ../barcode_bsp//libhal_bsp.a(alt_busy_sleep.o)
 .debug_loc     0x00000000000011f2       0x7e ../barcode_bsp//libhal_bsp.a(alt_dev_llist_insert.o)
 .debug_loc     0x0000000000001270       0x7e ../barcode_bsp//libhal_bsp.a(alt_find_dev.o)
 .debug_loc     0x00000000000012ee      0x170 ../barcode_bsp//libhal_bsp.a(alt_iic.o)
 .debug_loc     0x000000000000145e      0x193 ../barcode_bsp//libhal_bsp.a(alt_iic_isr_register.o)
 .debug_loc     0x00000000000015f1       0x72 ../barcode_bsp//libhal_bsp.a(alt_irq_handler.o)
 .debug_loc     0x0000000000001663       0x94 /home/luuk/intelFPGA_lite/18.1/nios2eds/bin/gnu/H-x86_64-pc-linux-gnu/bin/../lib/gcc/nios2-elf/5.3.0/../../../../../H-x86_64-pc-linux-gnu/nios2-elf/lib/mno-hw-mul/libsmallc.a(lib_a-memcmp.o)
 .debug_loc     0x00000000000016f7      0x4ce /home/luuk/intelFPGA_lite/18.1/nios2eds/bin/gnu/H-x86_64-pc-linux-gnu/bin/../lib/gcc/nios2-elf/5.3.0/mno-hw-mul/libgcc.a(lib2-divmod.o)
 .debug_loc     0x0000000000001bc5       0x93 /home/luuk/intelFPGA_lite/18.1/nios2eds/bin/gnu/H-x86_64-pc-linux-gnu/bin/../lib/gcc/nios2-elf/5.3.0/mno-hw-mul/libgcc.a(lib2-mul.o)

.debug_macinfo
 *(.debug_macinfo)

.debug_weaknames
 *(.debug_weaknames)

.debug_funcnames
 *(.debug_funcnames)

.debug_typenames
 *(.debug_typenames)

.debug_varnames
 *(.debug_varnames)

.debug_alt_sim_info
                0x0000000000000000       0x40
 *(.debug_alt_sim_info)
 .debug_alt_sim_info
                0x0000000000000000       0x10 ../barcode_bsp//obj/HAL/src/crt0.o
 .debug_alt_sim_info
                0x0000000000000010       0x30 ../barcode_bsp//libhal_bsp.a(alt_busy_sleep.o)
                0x00000000001cb000                __alt_data_end = 0x1cb000
                0x00000000001cb000                PROVIDE (__alt_stack_pointer, __alt_data_end)
                [!provide]                        PROVIDE (__alt_stack_limit, __alt_stack_base)
                [!provide]                        PROVIDE (__alt_heap_start, end)
                [!provide]                        PROVIDE (__alt_heap_limit, 0x1cb000)
OUTPUT(barcode.elf elf32-littlenios2)

.debug_ranges   0x0000000000000000      0x250
 .debug_ranges  0x0000000000000000       0x20 ../barcode_bsp//obj/HAL/src/crt0.o
 .debug_ranges  0x0000000000000020       0xb8 obj/default/main.o
 .debug_ranges  0x00000000000000d8       0x10 /home/luuk/intelFPGA_lite/18.1/nios2eds/bin/gnu/H-x86_64-pc-linux-gnu/bin/../lib/gcc/nios2-elf/5.3.0/../../../../../H-x86_64-pc-linux-gnu/nios2-elf/lib/mno-hw-mul/libsmallc.a(lib_a-memcpy.o)
 .debug_ranges  0x00000000000000e8       0x10 /home/luuk/intelFPGA_lite/18.1/nios2eds/bin/gnu/H-x86_64-pc-linux-gnu/bin/../lib/gcc/nios2-elf/5.3.0/../../../../../H-x86_64-pc-linux-gnu/nios2-elf/lib/mno-hw-mul/libsmallc.a(lib_a-strlen.o)
 .debug_ranges  0x00000000000000f8       0x48 ../barcode_bsp//libhal_bsp.a(alt_load.o)
 .debug_ranges  0x0000000000000140       0x18 ../barcode_bsp//libhal_bsp.a(alt_printf.o)
 .debug_ranges  0x0000000000000158       0x20 ../barcode_bsp//libhal_bsp.a(alt_dev_llist_insert.o)
 .debug_ranges  0x0000000000000178       0x28 ../barcode_bsp//libhal_bsp.a(alt_irq_entry.o)
 .debug_ranges  0x00000000000001a0       0x10 ../barcode_bsp//libhal_bsp.a(alt_irq_handler.o)
 .debug_ranges  0x00000000000001b0       0x30 ../barcode_bsp//libhal_bsp.a(alt_exception_entry.o)
 .debug_ranges  0x00000000000001e0       0x10 /home/luuk/intelFPGA_lite/18.1/nios2eds/bin/gnu/H-x86_64-pc-linux-gnu/bin/../lib/gcc/nios2-elf/5.3.0/../../../../../H-x86_64-pc-linux-gnu/nios2-elf/lib/mno-hw-mul/libsmallc.a(lib_a-memcmp.o)
 .debug_ranges  0x00000000000001f0       0x60 /home/luuk/intelFPGA_lite/18.1/nios2eds/bin/gnu/H-x86_64-pc-linux-gnu/bin/../lib/gcc/nios2-elf/5.3.0/mno-hw-mul/libgcc.a(lib2-divmod.o)
