Archive member included to satisfy reference by file (symbol)

/home/luuk/intelFPGA_lite/18.1/nios2eds/bin/gnu/H-x86_64-pc-linux-gnu/bin/../lib/gcc/nios2-elf/5.3.0/mno-hw-mul/libgcc.a(adddf3.o)
                              obj/default/main.o (__adddf3)
/home/luuk/intelFPGA_lite/18.1/nios2eds/bin/gnu/H-x86_64-pc-linux-gnu/bin/../lib/gcc/nios2-elf/5.3.0/mno-hw-mul/libgcc.a(muldf3.o)
                              obj/default/main.o (__muldf3)
/home/luuk/intelFPGA_lite/18.1/nios2eds/bin/gnu/H-x86_64-pc-linux-gnu/bin/../lib/gcc/nios2-elf/5.3.0/mno-hw-mul/libgcc.a(fixdfsi.o)
                              obj/default/main.o (__fixdfsi)
/home/luuk/intelFPGA_lite/18.1/nios2eds/bin/gnu/H-x86_64-pc-linux-gnu/bin/../lib/gcc/nios2-elf/5.3.0/mno-hw-mul/libgcc.a(floatsidf.o)
                              obj/default/main.o (__floatsidf)
/home/luuk/intelFPGA_lite/18.1/nios2eds/bin/gnu/H-x86_64-pc-linux-gnu/bin/../lib/gcc/nios2-elf/5.3.0/mno-hw-mul/libgcc.a(_clzsi2.o)
                              /home/luuk/intelFPGA_lite/18.1/nios2eds/bin/gnu/H-x86_64-pc-linux-gnu/bin/../lib/gcc/nios2-elf/5.3.0/mno-hw-mul/libgcc.a(adddf3.o) (__clzsi2)
/home/luuk/intelFPGA_lite/18.1/nios2eds/bin/gnu/H-x86_64-pc-linux-gnu/bin/../lib/gcc/nios2-elf/5.3.0/mno-hw-mul/libgcc.a(lib2-mul.o)
                              /home/luuk/intelFPGA_lite/18.1/nios2eds/bin/gnu/H-x86_64-pc-linux-gnu/bin/../lib/gcc/nios2-elf/5.3.0/mno-hw-mul/libgcc.a(muldf3.o) (__mulsi3)
/home/luuk/intelFPGA_lite/18.1/nios2eds/bin/gnu/H-x86_64-pc-linux-gnu/bin/../lib/gcc/nios2-elf/5.3.0/mno-hw-mul/libgcc.a(_clz.o)
                              /home/luuk/intelFPGA_lite/18.1/nios2eds/bin/gnu/H-x86_64-pc-linux-gnu/bin/../lib/gcc/nios2-elf/5.3.0/mno-hw-mul/libgcc.a(_clzsi2.o) (__clz_tab)
/home/luuk/intelFPGA_lite/18.1/nios2eds/bin/gnu/H-x86_64-pc-linux-gnu/bin/../lib/gcc/nios2-elf/5.3.0/../../../../../H-x86_64-pc-linux-gnu/nios2-elf/lib/mno-hw-mul/libsmallc.a(lib_a-memcpy.o)
                              obj/default/main.o (memcpy)
/home/luuk/intelFPGA_lite/18.1/nios2eds/bin/gnu/H-x86_64-pc-linux-gnu/bin/../lib/gcc/nios2-elf/5.3.0/../../../../../H-x86_64-pc-linux-gnu/nios2-elf/lib/mno-hw-mul/libsmallc.a(lib_a-printf.o)
                              obj/default/main.o (printf)
/home/luuk/intelFPGA_lite/18.1/nios2eds/bin/gnu/H-x86_64-pc-linux-gnu/bin/../lib/gcc/nios2-elf/5.3.0/../../../../../H-x86_64-pc-linux-gnu/nios2-elf/lib/mno-hw-mul/libsmallc.a(lib_a-putchar.o)
                              obj/default/main.o (putchar)
/home/luuk/intelFPGA_lite/18.1/nios2eds/bin/gnu/H-x86_64-pc-linux-gnu/bin/../lib/gcc/nios2-elf/5.3.0/../../../../../H-x86_64-pc-linux-gnu/nios2-elf/lib/mno-hw-mul/libsmallc.a(lib_a-strlen.o)
                              obj/default/network.o (strlen)
/home/luuk/intelFPGA_lite/18.1/nios2eds/bin/gnu/H-x86_64-pc-linux-gnu/bin/../lib/gcc/nios2-elf/5.3.0/../../../../../H-x86_64-pc-linux-gnu/nios2-elf/lib/mno-hw-mul/libsmallc.a(lib_a-vfprintf.o)
                              /home/luuk/intelFPGA_lite/18.1/nios2eds/bin/gnu/H-x86_64-pc-linux-gnu/bin/../lib/gcc/nios2-elf/5.3.0/../../../../../H-x86_64-pc-linux-gnu/nios2-elf/lib/mno-hw-mul/libsmallc.a(lib_a-printf.o) (___vfprintf_internal_r)
/home/luuk/intelFPGA_lite/18.1/nios2eds/bin/gnu/H-x86_64-pc-linux-gnu/bin/../lib/gcc/nios2-elf/5.3.0/../../../../../H-x86_64-pc-linux-gnu/nios2-elf/lib/mno-hw-mul/libsmallc.a(lib_a-fvwrite_small_dev.o)
                              /home/luuk/intelFPGA_lite/18.1/nios2eds/bin/gnu/H-x86_64-pc-linux-gnu/bin/../lib/gcc/nios2-elf/5.3.0/../../../../../H-x86_64-pc-linux-gnu/nios2-elf/lib/mno-hw-mul/libsmallc.a(lib_a-printf.o) (__sfvwrite_small_dev)
/home/luuk/intelFPGA_lite/18.1/nios2eds/bin/gnu/H-x86_64-pc-linux-gnu/bin/../lib/gcc/nios2-elf/5.3.0/../../../../../H-x86_64-pc-linux-gnu/nios2-elf/lib/mno-hw-mul/libsmallc.a(lib_a-impure.o)
                              /home/luuk/intelFPGA_lite/18.1/nios2eds/bin/gnu/H-x86_64-pc-linux-gnu/bin/../lib/gcc/nios2-elf/5.3.0/../../../../../H-x86_64-pc-linux-gnu/nios2-elf/lib/mno-hw-mul/libsmallc.a(lib_a-printf.o) (_impure_ptr)
/home/luuk/intelFPGA_lite/18.1/nios2eds/bin/gnu/H-x86_64-pc-linux-gnu/bin/../lib/gcc/nios2-elf/5.3.0/../../../../../H-x86_64-pc-linux-gnu/nios2-elf/lib/mno-hw-mul/libsmallc.a(lib_a-putc.o)
                              /home/luuk/intelFPGA_lite/18.1/nios2eds/bin/gnu/H-x86_64-pc-linux-gnu/bin/../lib/gcc/nios2-elf/5.3.0/../../../../../H-x86_64-pc-linux-gnu/nios2-elf/lib/mno-hw-mul/libsmallc.a(lib_a-putchar.o) (_putc_r)
/home/luuk/intelFPGA_lite/18.1/nios2eds/bin/gnu/H-x86_64-pc-linux-gnu/bin/../lib/gcc/nios2-elf/5.3.0/../../../../../H-x86_64-pc-linux-gnu/nios2-elf/lib/mno-hw-mul/libsmallc.a(lib_a-writer.o)
                              /home/luuk/intelFPGA_lite/18.1/nios2eds/bin/gnu/H-x86_64-pc-linux-gnu/bin/../lib/gcc/nios2-elf/5.3.0/../../../../../H-x86_64-pc-linux-gnu/nios2-elf/lib/mno-hw-mul/libsmallc.a(lib_a-fvwrite_small_dev.o) (_write_r)
[...]
Memory Configuration

Name             Origin             Length             Attributes
VideoRAM         0x0000000000000000 0x0000000000002710
descriptor_memory 0x0000000000008000 0x0000000000001000
reset            0x0000000000180000 0x0000000000000020
onchip_memory    0x0000000000180020 0x000000000004afe0
*default*        0x0000000000000000 0xffffffffffffffff

Linker script and memory map

LOAD ../barcode_bsp//obj/HAL/src/crt0.o
LOAD obj/default/main.o
LOAD obj/default/network.o
LOAD /home/luuk/intelFPGA_lite/18.1/nios2eds/bin/gnu/H-x86_64-pc-linux-gnu/bin/../lib/gcc/nios2-elf/5.3.0/../../../../../H-x86_64-pc-linux-gnu/nios2-elf/lib/mno-hw-mul/libstdc++.a
LOAD /home/luuk/intelFPGA_lite/18.1/nios2eds/bin/gnu/H-x86_64-pc-linux-gnu/bin/../lib/gcc/nios2-elf/5.3.0/../../../../../H-x86_64-pc-linux-gnu/nios2-elf/lib/mno-hw-mul/libm.a
LOAD /home/luuk/intelFPGA_lite/18.1/nios2eds/bin/gnu/H-x86_64-pc-linux-gnu/bin/../lib/gcc/nios2-elf/5.3.0/mno-hw-mul/libgcc.a
START GROUP
LOAD /home/luuk/intelFPGA_lite/18.1/nios2eds/bin/gnu/H-x86_64-pc-linux-gnu/bin/../lib/gcc/nios2-elf/5.3.0/../../../../../H-x86_64-pc-linux-gnu/nios2-elf/lib/mno-hw-mul/libsmallc.a
LOAD /home/luuk/intelFPGA_lite/18.1/nios2eds/bin/gnu/H-x86_64-pc-linux-gnu/bin/../lib/gcc/nios2-elf/5.3.0/mno-hw-mul/libgcc.a
LOAD ../barcode_bsp//libhal_bsp.a
LOAD /home/luuk/intelFPGA_lite/18.1/nios2eds/bin/gnu/H-x86_64-pc-linux-gnu/bin/../lib/gcc/nios2-elf/5.3.0/../../../../../H-x86_64-pc-linux-gnu/nios2-elf/lib/mno-hw-mul/libm.a
END GROUP
LOAD /home/luuk/intelFPGA_lite/18.1/nios2eds/bin/gnu/H-x86_64-pc-linux-gnu/bin/../lib/gcc/nios2-elf/5.3.0/mno-hw-mul/libgcc.a
                0x0000000000000000                __alt_mem_VideoRAM = 0x0
                0x0000000000008000                __alt_mem_descriptor_memory = 0x8000
                0x0000000000180000                __alt_mem_onchip_memory = 0x180000

.entry          0x0000000000180000       0x20
 *(.entry)
 .entry         0x0000000000180000       0x20 ../barcode_bsp//obj/HAL/src/crt0.o
                0x0000000000180000                __reset
                0x000000000018000c                _exit

.exceptions     0x0000000000180020      0x12c
                0x0000000000180020                PROVIDE (__ram_exceptions_start, ABSOLUTE (.))
                0x0000000000180020                . = ALIGN (0x20)
 *(.irq)
 *(.exceptions.entry.label)
 .exceptions.entry.label
                0x0000000000180020        0x0 ../barcode_bsp//libhal_bsp.a(alt_irq_entry.o)
                0x0000000000180020                alt_irq_entry
 .exceptions.entry.label
                0x0000000000180020        0x0 ../barcode_bsp//libhal_bsp.a(alt_exception_entry.o)
                0x0000000000180020                alt_exception
 *(.exceptions.entry.user)
 *(.exceptions.entry.ecc_fatal)
 *(.exceptions.entry)
 .exceptions.entry
                0x0000000000180020       0x54 ../barcode_bsp//libhal_bsp.a(alt_exception_entry.o)
 *(.exceptions.irqtest.user)
 *(.exceptions.irqtest)
 .exceptions.irqtest
                0x0000000000180074       0x10 ../barcode_bsp//libhal_bsp.a(alt_irq_entry.o)
 *(.exceptions.irqhandler.user)
 *(.exceptions.irqhandler)
 .exceptions.irqhandler
                0x0000000000180084        0x4 ../barcode_bsp//libhal_bsp.a(alt_irq_entry.o)
 *(.exceptions.irqreturn.user)
 *(.exceptions.irqreturn)
 .exceptions.irqreturn
                0x0000000000180088        0x4 ../barcode_bsp//libhal_bsp.a(alt_irq_entry.o)
 *(.exceptions.notirq.label)
 .exceptions.notirq.label
                0x000000000018008c        0x0 ../barcode_bsp//libhal_bsp.a(alt_irq_entry.o)
 *(.exceptions.notirq.user)
 *(.exceptions.notirq)
 .exceptions.notirq
                0x000000000018008c        0x8 ../barcode_bsp//libhal_bsp.a(alt_exception_entry.o)
 *(.exceptions.soft.user)
 *(.exceptions.soft)
 *(.exceptions.unknown.user)
 *(.exceptions.unknown)
 .exceptions.unknown
                0x0000000000180094        0x4 ../barcode_bsp//libhal_bsp.a(alt_exception_entry.o)
 *(.exceptions.exit.label)
 .exceptions.exit.label
                0x0000000000180098        0x0 ../barcode_bsp//libhal_bsp.a(alt_irq_entry.o)
 .exceptions.exit.label
                0x0000000000180098        0x0 ../barcode_bsp//libhal_bsp.a(alt_exception_entry.o)
 *(.exceptions.exit.user)
 *(.exceptions.exit)
 .exceptions.exit
                0x0000000000180098       0x54 ../barcode_bsp//libhal_bsp.a(alt_exception_entry.o)
 *(.exceptions)
 .exceptions    0x00000000001800ec       0x60 ../barcode_bsp//libhal_bsp.a(alt_irq_handler.o)
                0x00000000001800ec                alt_irq_handler
                0x000000000018014c                PROVIDE (__ram_exceptions_end, ABSOLUTE (.))
                0x0000000000180020                PROVIDE (__flash_exceptions_start, LOADADDR (.exceptions))

.text           0x000000000018014c     0x32d4
                [!provide]                        PROVIDE (stext, ABSOLUTE (.))
 *(.interp)
 *(.hash)
 *(.dynsym)
 *(.dynstr)
 *(.gnu.version)
 *(.gnu.version_d)
 *(.gnu.version_r)
 *(.rel.init)
 *(.rela.init)
 *(.rel.text .rel.text.* .rel.gnu.linkonce.t.*)
 *(.rela.text .rela.text.* .rela.gnu.linkonce.t.*)
 *(.rel.fini)
 *(.rela.fini)
 *(.rel.rodata .rel.rodata.* .rel.gnu.linkonce.r.*)
 *(.rela.rodata .rela.rodata.* .rela.gnu.linkonce.r.*)
 *(.rel.data .rel.data.* .rel.gnu.linkonce.d.*)
 *(.rela.data .rela.data.* .rela.gnu.linkonce.d.*)
 *(.rel.tdata .rel.tdata.* .rel.gnu.linkonce.td.*)
 *(.rela.tdata .rela.tdata.* .rela.gnu.linkonce.td.*)
 *(.rel.tbss .rel.tbss.* .rel.gnu.linkonce.tb.*)
 *(.rela.tbss .rela.tbss.* .rela.gnu.linkonce.tb.*)
 *(.rel.ctors)
 *(.rela.ctors)
 *(.rel.dtors)
 *(.rela.dtors)
 *(.rel.got)
 *(.rela.got)
 *(.rel.sdata .rel.sdata.* .rel.gnu.linkonce.s.*)
 *(.rela.sdata .rela.sdata.* .rela.gnu.linkonce.s.*)
 *(.rel.sbss .rel.sbss.* .rel.gnu.linkonce.sb.*)
 *(.rela.sbss .rela.sbss.* .rela.gnu.linkonce.sb.*)
 *(.rel.sdata2 .rel.sdata2.* .rel.gnu.linkonce.s2.*)
 *(.rela.sdata2 .rela.sdata2.* .rela.gnu.linkonce.s2.*)
 *(.rel.sbss2 .rel.sbss2.* .rel.gnu.linkonce.sb2.*)
 *(.rela.sbss2 .rela.sbss2.* .rela.gnu.linkonce.sb2.*)
 *(.rel.bss .rel.bss.* .rel.gnu.linkonce.b.*)
 *(.rela.bss .rela.bss.* .rela.gnu.linkonce.b.*)
 *(.rel.plt)
 *(.rela.plt)
 *(.rel.dyn)
 *(.init)
 *(.plt)
 *(.text .stub .text.* .gnu.linkonce.t.*)
 .text          0x000000000018014c       0x3c ../barcode_bsp//obj/HAL/src/crt0.o
                0x000000000018014c                _start
 .text          0x0000000000180188      0x5c8 obj/default/main.o
                0x0000000000180188                clearText
                0x00000000001801a0                drawChars
                0x0000000000180240                showText
                0x000000000018050c                scanBarcode
                0x000000000018071c                callback
 .text.startup  0x0000000000180750       0x34 obj/default/main.o
                0x0000000000180750                main
 .text          0x0000000000180784      0x370 obj/default/network.o
                0x0000000000180784                rx_ethernet_isr
                0x000000000018084c                setup
                0x00000000001809c0                refresh_ethernet
                0x00000000001809c4                tx_char
                0x00000000001809d8                transmit
                0x0000000000180a40                tx_ethernet_isr
 .text          0x0000000000180af4      0x8ac /home/luuk/intelFPGA_lite/18.1/nios2eds/bin/gnu/H-x86_64-pc-linux-gnu/bin/../lib/gcc/nios2-elf/5.3.0/mno-hw-mul/libgcc.a(adddf3.o)
                0x0000000000180af4                __adddf3
 .text          0x00000000001813a0      0x86c /home/luuk/intelFPGA_lite/18.1/nios2eds/bin/gnu/H-x86_64-pc-linux-gnu/bin/../lib/gcc/nios2-elf/5.3.0/mno-hw-mul/libgcc.a(muldf3.o)
                0x00000000001813a0                __muldf3
 .text          0x0000000000181c0c       0x80 /home/luuk/intelFPGA_lite/18.1/nios2eds/bin/gnu/H-x86_64-pc-linux-gnu/bin/../lib/gcc/nios2-elf/5.3.0/mno-hw-mul/libgcc.a(fixdfsi.o)
                0x0000000000181c0c                __fixdfsi
 .text          0x0000000000181c8c       0xdc /home/luuk/intelFPGA_lite/18.1/nios2eds/bin/gnu/H-x86_64-pc-linux-gnu/bin/../lib/gcc/nios2-elf/5.3.0/mno-hw-mul/libgcc.a(floatsidf.o)
                0x0000000000181c8c                __floatsidf
 .text          0x0000000000181d68       0x64 /home/luuk/intelFPGA_lite/18.1/nios2eds/bin/gnu/H-x86_64-pc-linux-gnu/bin/../lib/gcc/nios2-elf/5.3.0/mno-hw-mul/libgcc.a(_clzsi2.o)
                0x0000000000181d68                __clzsi2
 .text          0x0000000000181dcc       0x28 /home/luuk/intelFPGA_lite/18.1/nios2eds/bin/gnu/H-x86_64-pc-linux-gnu/bin/../lib/gcc/nios2-elf/5.3.0/mno-hw-mul/libgcc.a(lib2-mul.o)
                0x0000000000181dcc                __mulsi3
 .text          0x0000000000181df4        0x0 /home/luuk/intelFPGA_lite/18.1/nios2eds/bin/gnu/H-x86_64-pc-linux-gnu/bin/../lib/gcc/nios2-elf/5.3.0/mno-hw-mul/libgcc.a(_clz.o)
 .text          0x0000000000181df4        0x0 /home/luuk/intelFPGA_lite/18.1/nios2eds/bin/gnu/H-x86_64-pc-linux-gnu/bin/../lib/gcc/nios2-elf/5.3.0/../../../../../H-x86_64-pc-linux-gnu/nios2-elf/lib/mno-hw-mul/libsmallc.a(lib_a-memcpy.o)
 .text.memcpy   0x0000000000181df4       0x28 /home/luuk/intelFPGA_lite/18.1/nios2eds/bin/gnu/H-x86_64-pc-linux-gnu/bin/../lib/gcc/nios2-elf/5.3.0/../../../../../H-x86_64-pc-linux-gnu/nios2-elf/lib/mno-hw-mul/libsmallc.a(lib_a-memcpy.o)
                0x0000000000181df4                memcpy
 .text          0x0000000000181e1c        0x0 /home/luuk/intelFPGA_lite/18.1/nios2eds/bin/gnu/H-x86_64-pc-linux-gnu/bin/../lib/gcc/nios2-elf/5.3.0/../../../../../H-x86_64-pc-linux-gnu/nios2-elf/lib/mno-hw-mul/libsmallc.a(lib_a-printf.o)
 .text._printf_r
                0x0000000000181e1c       0x3c /home/luuk/intelFPGA_lite/18.1/nios2eds/bin/gnu/H-x86_64-pc-linux-gnu/bin/../lib/gcc/nios2-elf/5.3.0/../../../../../H-x86_64-pc-linux-gnu/nios2-elf/lib/mno-hw-mul/libsmallc.a(lib_a-printf.o)
                0x0000000000181e1c                _printf_r
 .text.printf   0x0000000000181e58       0x4c /home/luuk/intelFPGA_lite/18.1/nios2eds/bin/gnu/H-x86_64-pc-linux-gnu/bin/../lib/gcc/nios2-elf/5.3.0/../../../../../H-x86_64-pc-linux-gnu/nios2-elf/lib/mno-hw-mul/libsmallc.a(lib_a-printf.o)
                0x0000000000181e58                printf
 .text          0x0000000000181ea4        0x0 /home/luuk/intelFPGA_lite/18.1/nios2eds/bin/gnu/H-x86_64-pc-linux-gnu/bin/../lib/gcc/nios2-elf/5.3.0/../../../../../H-x86_64-pc-linux-gnu/nios2-elf/lib/mno-hw-mul/libsmallc.a(lib_a-putchar.o)
 .text._putchar_r
                0x0000000000181ea4        0x8 /home/luuk/intelFPGA_lite/18.1/nios2eds/bin/gnu/H-x86_64-pc-linux-gnu/bin/../lib/gcc/nios2-elf/5.3.0/../../../../../H-x86_64-pc-linux-gnu/nios2-elf/lib/mno-hw-mul/libsmallc.a(lib_a-putchar.o)
                0x0000000000181ea4                _putchar_r
 .text.putchar  0x0000000000181eac       0x1c /home/luuk/intelFPGA_lite/18.1/nios2eds/bin/gnu/H-x86_64-pc-linux-gnu/bin/../lib/gcc/nios2-elf/5.3.0/../../../../../H-x86_64-pc-linux-gnu/nios2-elf/lib/mno-hw-mul/libsmallc.a(lib_a-putchar.o)
                0x0000000000181eac                putchar
 .text          0x0000000000181ec8        0x0 /home/luuk/intelFPGA_lite/18.1/nios2eds/bin/gnu/H-x86_64-pc-linux-gnu/bin/../lib/gcc/nios2-elf/5.3.0/../../../../../H-x86_64-pc-linux-gnu/nios2-elf/lib/mno-hw-mul/libsmallc.a(lib_a-strlen.o)
 .text.strlen   0x0000000000181ec8       0x1c /home/luuk/intelFPGA_lite/18.1/nios2eds/bin/gnu/H-x86_64-pc-linux-gnu/bin/../lib/gcc/nios2-elf/5.3.0/../../../../../H-x86_64-pc-linux-gnu/nios2-elf/lib/mno-hw-mul/libsmallc.a(lib_a-strlen.o)
                0x0000000000181ec8                strlen
 .text          0x0000000000181ee4        0x0 /home/luuk/intelFPGA_lite/18.1/nios2eds/bin/gnu/H-x86_64-pc-linux-gnu/bin/../lib/gcc/nios2-elf/5.3.0/../../../../../H-x86_64-pc-linux-gnu/nios2-elf/lib/mno-hw-mul/libsmallc.a(lib_a-vfprintf.o)
 .text.print_repeat
                0x0000000000181ee4       0x6c /home/luuk/intelFPGA_lite/18.1/nios2eds/bin/gnu/H-x86_64-pc-linux-gnu/bin/../lib/gcc/nios2-elf/5.3.0/../../../../../H-x86_64-pc-linux-gnu/nios2-elf/lib/mno-hw-mul/libsmallc.a(lib_a-vfprintf.o)
 .text.___vfprintf_internal_r
                0x0000000000181f50      0x52c /home/luuk/intelFPGA_lite/18.1/nios2eds/bin/gnu/H-x86_64-pc-linux-gnu/bin/../lib/gcc/nios2-elf/5.3.0/../../../../../H-x86_64-pc-linux-gnu/nios2-elf/lib/mno-hw-mul/libsmallc.a(lib_a-vfprintf.o)
                0x0000000000181f50                ___vfprintf_internal_r
 .text.__vfprintf_internal
                0x000000000018247c       0x1c /home/luuk/intelFPGA_lite/18.1/nios2eds/bin/gnu/H-x86_64-pc-linux-gnu/bin/../lib/gcc/nios2-elf/5.3.0/../../../../../H-x86_64-pc-linux-gnu/nios2-elf/lib/mno-hw-mul/libsmallc.a(lib_a-vfprintf.o)
                0x000000000018247c                __vfprintf_internal
 .text          0x0000000000182498        0x0 /home/luuk/intelFPGA_lite/18.1/nios2eds/bin/gnu/H-x86_64-pc-linux-gnu/bin/../lib/gcc/nios2-elf/5.3.0/../../../../../H-x86_64-pc-linux-gnu/nios2-elf/lib/mno-hw-mul/libsmallc.a(lib_a-fvwrite_small_dev.o)
 .text.__sfvwrite_small_dev
                0x0000000000182498       0xb8 /home/luuk/intelFPGA_lite/18.1/nios2eds/bin/gnu/H-x86_64-pc-linux-gnu/bin/../lib/gcc/nios2-elf/5.3.0/../../../../../H-x86_64-pc-linux-gnu/nios2-elf/lib/mno-hw-mul/libsmallc.a(lib_a-fvwrite_small_dev.o)
                0x0000000000182498                __sfvwrite_small_dev
 .text          0x0000000000182550        0x0 /home/luuk/intelFPGA_lite/18.1/nios2eds/bin/gnu/H-x86_64-pc-linux-gnu/bin/../lib/gcc/nios2-elf/5.3.0/../../../../../H-x86_64-pc-linux-gnu/nios2-elf/lib/mno-hw-mul/libsmallc.a(lib_a-impure.o)
 .text          0x0000000000182550        0x0 /home/luuk/intelFPGA_lite/18.1/nios2eds/bin/gnu/H-x86_64-pc-linux-gnu/bin/../lib/gcc/nios2-elf/5.3.0/../../../../../H-x86_64-pc-linux-gnu/nios2-elf/lib/mno-hw-mul/libsmallc.a(lib_a-putc.o)
 .text.putc     0x0000000000182550       0x54 /home/luuk/intelFPGA_lite/18.1/nios2eds/bin/gnu/H-x86_64-pc-linux-gnu/bin/../lib/gcc/nios2-elf/5.3.0/../../../../../H-x86_64-pc-linux-gnu/nios2-elf/lib/mno-hw-mul/libsmallc.a(lib_a-putc.o)
                0x0000000000182550                putc
 .text._putc_r  0x00000000001825a4       0x58 /home/luuk/intelFPGA_lite/18.1/nios2eds/bin/gnu/H-x86_64-pc-linux-gnu/bin/../lib/gcc/nios2-elf/5.3.0/../../../../../H-x86_64-pc-linux-gnu/nios2-elf/lib/mno-hw-mul/libsmallc.a(lib_a-putc.o)
                0x00000000001825a4                _putc_r
 .text          0x00000000001825fc        0x0 /home/luuk/intelFPGA_lite/18.1/nios2eds/bin/gnu/H-x86_64-pc-linux-gnu/bin/../lib/gcc/nios2-elf/5.3.0/../../../../../H-x86_64-pc-linux-gnu/nios2-elf/lib/mno-hw-mul/libsmallc.a(lib_a-writer.o)
 .text._write_r
                0x00000000001825fc       0x58 /home/luuk/intelFPGA_lite/18.1/nios2eds/bin/gnu/H-x86_64-pc-linux-gnu/bin/../lib/gcc/nios2-elf/5.3.0/../../../../../H-x86_64-pc-linux-gnu/nios2-elf/lib/mno-hw-mul/libsmallc.a(lib_a-writer.o)
                0x00000000001825fc                _write_r
 .text          0x0000000000182654        0x0 /home/luuk/intelFPGA_lite/18.1/nios2eds/bin/gnu/H-x86_64-pc-linux-gnu/bin/../lib/gcc/nios2-elf/5.3.0/../../../../../H-x86_64-pc-linux-gnu/nios2-elf/lib/mno-hw-mul/libsmallc.a(lib_a-int_errno.o)
 .text          0x0000000000182654      0x1b4 /home/luuk/intelFPGA_lite/18.1/nios2eds/bin/gnu/H-x86_64-pc-linux-gnu/bin/../lib/gcc/nios2-elf/5.3.0/mno-hw-mul/libgcc.a(lib2-divmod.o)
                0x0000000000182654                __divsi3
                0x00000000001826d8                __modsi3
                0x000000000018274c                __udivsi3
                0x00000000001827b0                __umodsi3
 .text          0x0000000000182808       0xe0 ../barcode_bsp//libhal_bsp.a(alt_load.o)
                0x0000000000182808                alt_load
 .text          0x00000000001828e8       0x2c ../barcode_bsp//libhal_bsp.a(alt_main.o)
                0x00000000001828e8                alt_main
 .text          0x0000000000182914      0x170 ../barcode_bsp//libhal_bsp.a(alt_printf.o)
                0x0000000000182914                alt_printf
 .text          0x0000000000182a84       0x48 ../barcode_bsp//libhal_bsp.a(alt_putchar.o)
                0x0000000000182a84                alt_putchar
 .text          0x0000000000182acc        0x4 ../barcode_bsp//libhal_bsp.a(alt_usleep.o)
                0x0000000000182acc                usleep
 .text          0x0000000000182ad0       0x60 ../barcode_bsp//libhal_bsp.a(alt_write.o)
                0x0000000000182ad0                write
 .text          0x0000000000182b30       0x58 ../barcode_bsp//libhal_bsp.a(alt_sys_init.o)
                0x0000000000182b30                alt_irq_init
                0x0000000000182b50                alt_sys_init
 .text          0x0000000000182b88       0x34 ../barcode_bsp//libhal_bsp.a(altera_avalon_jtag_uart_write.o)
                0x0000000000182b88                altera_avalon_jtag_uart_write
 .text          0x0000000000182bbc      0x5c4 ../barcode_bsp//libhal_bsp.a(altera_avalon_sgdma.o)
                0x0000000000182c18                alt_avalon_sgdma_do_async_transfer
                0x0000000000182c94                alt_avalon_sgdma_do_sync_transfer
                0x0000000000182d14                alt_avalon_sgdma_register_callback
                0x0000000000182d24                alt_avalon_sgdma_start
                0x0000000000182d3c                alt_avalon_sgdma_stop
                0x0000000000182d58                alt_avalon_sgdma_check_descriptor_status
                0x0000000000182d84                alt_avalon_sgdma_open
                0x0000000000182dd0                alt_avalon_sgdma_enable_desc_poll
                0x0000000000182e00                alt_avalon_sgdma_disable_desc_poll
                0x0000000000182e20                alt_avalon_sgdma_construct_descriptor_burst
                0x0000000000182f34                alt_avalon_sgdma_construct_mem_to_mem_desc_burst
                0x0000000000182f7c                alt_avalon_sgdma_construct_mem_to_mem_desc
                0x0000000000182fb4                alt_avalon_sgdma_construct_stream_to_mem_desc_burst
                0x0000000000182ffc                alt_avalon_sgdma_construct_stream_to_mem_desc
                0x0000000000183024                alt_avalon_sgdma_construct_mem_to_stream_desc_burst
                0x0000000000183074                alt_avalon_sgdma_construct_mem_to_stream_desc
                0x00000000001830b4                alt_avalon_sgdma_construct_descriptor
                0x00000000001830fc                alt_avalon_sgdma_init
 .text          0x0000000000183180       0x88 ../barcode_bsp//libhal_bsp.a(alt_busy_sleep.o)
                0x0000000000183180                alt_busy_sleep
 .text          0x0000000000183208        0x4 ../barcode_bsp//libhal_bsp.a(alt_dcache_flush.o)
                0x0000000000183208                alt_dcache_flush
 .text          0x000000000018320c        0x4 ../barcode_bsp//libhal_bsp.a(alt_dcache_flush_all.o)
                0x000000000018320c                alt_dcache_flush_all
 .text          0x0000000000183210       0x6c ../barcode_bsp//libhal_bsp.a(alt_dev_llist_insert.o)
                0x0000000000183210                alt_dev_llist_insert
 .text          0x000000000018327c        0x0 ../barcode_bsp//libhal_bsp.a(alt_errno.o)
 .text          0x000000000018327c       0x74 ../barcode_bsp//libhal_bsp.a(alt_find_dev.o)
                0x000000000018327c                alt_find_dev
 .text          0x00000000001832f0        0x4 ../barcode_bsp//libhal_bsp.a(alt_icache_flush_all.o)
                0x00000000001832f0                alt_icache_flush_all
 .text          0x00000000001832f4       0x8c ../barcode_bsp//libhal_bsp.a(alt_iic.o)
                0x00000000001832f4                alt_ic_isr_register
                0x00000000001832f8                alt_ic_irq_enable
                0x0000000000183330                alt_ic_irq_disable
                0x0000000000183368                alt_ic_irq_enabled
 .text          0x0000000000183380       0x68 ../barcode_bsp//libhal_bsp.a(alt_iic_isr_register.o)
                0x0000000000183380                alt_iic_isr_register
 .text          0x00000000001833e8        0x0 ../barcode_bsp//libhal_bsp.a(alt_irq_entry.o)
 .text          0x00000000001833e8        0x0 ../barcode_bsp//libhal_bsp.a(alt_irq_handler.o)
 .text          0x00000000001833e8        0x0 ../barcode_bsp//libhal_bsp.a(alt_irq_vars.o)
 .text          0x00000000001833e8        0x8 ../barcode_bsp//libhal_bsp.a(altera_nios2_gen2_irq.o)
                0x00000000001833e8                altera_nios2_gen2_irq_init
 .text          0x00000000001833f0        0x0 ../barcode_bsp//libhal_bsp.a(alt_exception_entry.o)
 .text          0x00000000001833f0        0x0 /home/luuk/intelFPGA_lite/18.1/nios2eds/bin/gnu/H-x86_64-pc-linux-gnu/bin/../lib/gcc/nios2-elf/5.3.0/../../../../../H-x86_64-pc-linux-gnu/nios2-elf/lib/mno-hw-mul/libsmallc.a(lib_a-memcmp.o)
 .text.memcmp   0x00000000001833f0       0x30 /home/luuk/intelFPGA_lite/18.1/nios2eds/bin/gnu/H-x86_64-pc-linux-gnu/bin/../lib/gcc/nios2-elf/5.3.0/../../../../../H-x86_64-pc-linux-gnu/nios2-elf/lib/mno-hw-mul/libsmallc.a(lib_a-memcmp.o)
                0x00000000001833f0                memcmp
 *(.gnu.warning.*)
 *(.fini)
                [!provide]                        PROVIDE (__etext, ABSOLUTE (.))
                [!provide]                        PROVIDE (_etext, ABSOLUTE (.))
                [!provide]                        PROVIDE (etext, ABSOLUTE (.))
 *(.eh_frame_hdr)
                0x0000000000183420                . = ALIGN (0x4)
                [!provide]                        PROVIDE (__preinit_array_start, ABSOLUTE (.))
 *(.preinit_array)
                [!provide]                        PROVIDE (__preinit_array_end, ABSOLUTE (.))
                [!provide]                        PROVIDE (__init_array_start, ABSOLUTE (.))
 *(.init_array)
                [!provide]                        PROVIDE (__init_array_end, ABSOLUTE (.))
                [!provide]                        PROVIDE (__fini_array_start, ABSOLUTE (.))
 *(.fini_array)
                [!provide]                        PROVIDE (__fini_array_end, ABSOLUTE (.))
 *(.eh_frame)
 *(.gcc_except_table .gcc_except_table.*)
 *(.dynamic)
                [!provide]                        PROVIDE (__CTOR_LIST__, ABSOLUTE (.))
 *(.ctors)
 *(SORT(.ctors.*))
                [!provide]                        PROVIDE (__CTOR_END__, ABSOLUTE (.))
                [!provide]                        PROVIDE (__DTOR_LIST__, ABSOLUTE (.))
 *(.dtors)
 *(SORT(.dtors.*))
                [!provide]                        PROVIDE (__DTOR_END__, ABSOLUTE (.))
 *(.jcr)
                0x0000000000183420                . = ALIGN (0x4)

.rodata         0x0000000000183420      0x22c
                0x0000000000183420                PROVIDE (__ram_rodata_start, ABSOLUTE (.))
                0x0000000000183420                . = ALIGN (0x4)
 *(.rodata .rodata.* .gnu.linkonce.r.*)
 .rodata.str1.4
                0x0000000000183420       0x33 obj/default/main.o
                                         0x37 (size before relaxing)
 *fill*         0x0000000000183453        0x1 
 .rodata.str1.4
                0x0000000000183454       0xf8 obj/default/network.o
                                         0xf5 (size before relaxing)
 .rodata        0x000000000018354c      0x100 /home/luuk/intelFPGA_lite/18.1/nios2eds/bin/gnu/H-x86_64-pc-linux-gnu/bin/../lib/gcc/nios2-elf/5.3.0/mno-hw-mul/libgcc.a(_clz.o)
                0x000000000018354c                __clz_tab
 .rodata.str1.4
                0x000000000018364c       0x1e ../barcode_bsp//libhal_bsp.a(alt_sys_init.o)
 *(.rodata1)
                0x000000000018366c                . = ALIGN (0x4)
                0x000000000018366c                PROVIDE (__ram_rodata_end, ABSOLUTE (.))
                0x0000000000183420                PROVIDE (__flash_rodata_start, LOADADDR (.rodata))

.rwdata         0x000000000018364c      0x8bc load address 0x0000000000183f08
                0x000000000018364c                PROVIDE (__ram_rwdata_start, ABSOLUTE (.))
                0x000000000018364c                . = ALIGN (0x4)
 *(.got.plt)
 *(.got)
 *(.data1)
 *(.data .data.* .gnu.linkonce.d.*)
 .data          0x000000000018364c        0x0 ../barcode_bsp//obj/HAL/src/crt0.o
 .data          0x000000000018364c      0x360 obj/default/main.o
                0x000000000018364c                charTemplate
 .data          0x00000000001839ac      0x400 obj/default/network.o
                0x00000000001839ac                tx_frame
 .data          0x0000000000183dac        0x0 /home/luuk/intelFPGA_lite/18.1/nios2eds/bin/gnu/H-x86_64-pc-linux-gnu/bin/../lib/gcc/nios2-elf/5.3.0/mno-hw-mul/libgcc.a(adddf3.o)
 .data          0x0000000000183dac        0x0 /home/luuk/intelFPGA_lite/18.1/nios2eds/bin/gnu/H-x86_64-pc-linux-gnu/bin/../lib/gcc/nios2-elf/5.3.0/mno-hw-mul/libgcc.a(muldf3.o)
 .data          0x0000000000183dac        0x0 /home/luuk/intelFPGA_lite/18.1/nios2eds/bin/gnu/H-x86_64-pc-linux-gnu/bin/../lib/gcc/nios2-elf/5.3.0/mno-hw-mul/libgcc.a(fixdfsi.o)
 .data          0x0000000000183dac        0x0 /home/luuk/intelFPGA_lite/18.1/nios2eds/bin/gnu/H-x86_64-pc-linux-gnu/bin/../lib/gcc/nios2-elf/5.3.0/mno-hw-mul/libgcc.a(floatsidf.o)
 .data          0x0000000000183dac        0x0 /home/luuk/intelFPGA_lite/18.1/nios2eds/bin/gnu/H-x86_64-pc-linux-gnu/bin/../lib/gcc/nios2-elf/5.3.0/mno-hw-mul/libgcc.a(_clzsi2.o)
 .data          0x0000000000183dac        0x0 /home/luuk/intelFPGA_lite/18.1/nios2eds/bin/gnu/H-x86_64-pc-linux-gnu/bin/../lib/gcc/nios2-elf/5.3.0/mno-hw-mul/libgcc.a(lib2-mul.o)
 .data          0x0000000000183dac        0x0 /home/luuk/intelFPGA_lite/18.1/nios2eds/bin/gnu/H-x86_64-pc-linux-gnu/bin/../lib/gcc/nios2-elf/5.3.0/mno-hw-mul/libgcc.a(_clz.o)
 .data          0x0000000000183dac        0x0 /home/luuk/intelFPGA_lite/18.1/nios2eds/bin/gnu/H-x86_64-pc-linux-gnu/bin/../lib/gcc/nios2-elf/5.3.0/../../../../../H-x86_64-pc-linux-gnu/nios2-elf/lib/mno-hw-mul/libsmallc.a(lib_a-memcpy.o)
 .data          0x0000000000183dac        0x0 /home/luuk/intelFPGA_lite/18.1/nios2eds/bin/gnu/H-x86_64-pc-linux-gnu/bin/../lib/gcc/nios2-elf/5.3.0/../../../../../H-x86_64-pc-linux-gnu/nios2-elf/lib/mno-hw-mul/libsmallc.a(lib_a-printf.o)
 .data          0x0000000000183dac        0x0 /home/luuk/intelFPGA_lite/18.1/nios2eds/bin/gnu/H-x86_64-pc-linux-gnu/bin/../lib/gcc/nios2-elf/5.3.0/../../../../../H-x86_64-pc-linux-gnu/nios2-elf/lib/mno-hw-mul/libsmallc.a(lib_a-putchar.o)
 .data          0x0000000000183dac        0x0 /home/luuk/intelFPGA_lite/18.1/nios2eds/bin/gnu/H-x86_64-pc-linux-gnu/bin/../lib/gcc/nios2-elf/5.3.0/../../../../../H-x86_64-pc-linux-gnu/nios2-elf/lib/mno-hw-mul/libsmallc.a(lib_a-strlen.o)
 .data          0x0000000000183dac        0x0 /home/luuk/intelFPGA_lite/18.1/nios2eds/bin/gnu/H-x86_64-pc-linux-gnu/bin/../lib/gcc/nios2-elf/5.3.0/../../../../../H-x86_64-pc-linux-gnu/nios2-elf/lib/mno-hw-mul/libsmallc.a(lib_a-vfprintf.o)
 .data          0x0000000000183dac        0x0 /home/luuk/intelFPGA_lite/18.1/nios2eds/bin/gnu/H-x86_64-pc-linux-gnu/bin/../lib/gcc/nios2-elf/5.3.0/../../../../../H-x86_64-pc-linux-gnu/nios2-elf/lib/mno-hw-mul/libsmallc.a(lib_a-fvwrite_small_dev.o)
 .data          0x0000000000183dac        0x0 /home/luuk/intelFPGA_lite/18.1/nios2eds/bin/gnu/H-x86_64-pc-linux-gnu/bin/../lib/gcc/nios2-elf/5.3.0/../../../../../H-x86_64-pc-linux-gnu/nios2-elf/lib/mno-hw-mul/libsmallc.a(lib_a-impure.o)
 .data.impure_data
                0x0000000000183dac       0xe0 /home/luuk/intelFPGA_lite/18.1/nios2eds/bin/gnu/H-x86_64-pc-linux-gnu/bin/../lib/gcc/nios2-elf/5.3.0/../../../../../H-x86_64-pc-linux-gnu/nios2-elf/lib/mno-hw-mul/libsmallc.a(lib_a-impure.o)
 .data          0x0000000000183e8c        0x0 /home/luuk/intelFPGA_lite/18.1/nios2eds/bin/gnu/H-x86_64-pc-linux-gnu/bin/../lib/gcc/nios2-elf/5.3.0/../../../../../H-x86_64-pc-linux-gnu/nios2-elf/lib/mno-hw-mul/libsmallc.a(lib_a-putc.o)
 .data          0x0000000000183e8c        0x0 /home/luuk/intelFPGA_lite/18.1/nios2eds/bin/gnu/H-x86_64-pc-linux-gnu/bin/../lib/gcc/nios2-elf/5.3.0/../../../../../H-x86_64-pc-linux-gnu/nios2-elf/lib/mno-hw-mul/libsmallc.a(lib_a-writer.o)
 .data          0x0000000000183e8c        0x0 /home/luuk/intelFPGA_lite/18.1/nios2eds/bin/gnu/H-x86_64-pc-linux-gnu/bin/../lib/gcc/nios2-elf/5.3.0/../../../../../H-x86_64-pc-linux-gnu/nios2-elf/lib/mno-hw-mul/libsmallc.a(lib_a-int_errno.o)
 .data          0x0000000000183e8c        0x0 /home/luuk/intelFPGA_lite/18.1/nios2eds/bin/gnu/H-x86_64-pc-linux-gnu/bin/../lib/gcc/nios2-elf/5.3.0/mno-hw-mul/libgcc.a(lib2-divmod.o)
 .data          0x0000000000183e8c        0x0 ../barcode_bsp//libhal_bsp.a(alt_load.o)
 .data          0x0000000000183e8c        0x0 ../barcode_bsp//libhal_bsp.a(alt_main.o)
 .data          0x0000000000183e8c        0x0 ../barcode_bsp//libhal_bsp.a(alt_printf.o)
 .data          0x0000000000183e8c        0x0 ../barcode_bsp//libhal_bsp.a(alt_putchar.o)
 .data          0x0000000000183e8c        0x0 ../barcode_bsp//libhal_bsp.a(alt_usleep.o)
 .data          0x0000000000183e8c        0x0 ../barcode_bsp//libhal_bsp.a(alt_write.o)
 .data          0x0000000000183e8c       0x60 ../barcode_bsp//libhal_bsp.a(alt_sys_init.o)
 .data          0x0000000000183eec        0x0 ../barcode_bsp//libhal_bsp.a(altera_avalon_jtag_uart_write.o)
 .data          0x0000000000183eec        0x0 ../barcode_bsp//libhal_bsp.a(altera_avalon_sgdma.o)
 .data          0x0000000000183eec        0x0 ../barcode_bsp//libhal_bsp.a(alt_busy_sleep.o)
 .data          0x0000000000183eec        0x0 ../barcode_bsp//libhal_bsp.a(alt_dcache_flush.o)
 .data          0x0000000000183eec        0x0 ../barcode_bsp//libhal_bsp.a(alt_dcache_flush_all.o)
 .data          0x0000000000183eec        0x0 ../barcode_bsp//libhal_bsp.a(alt_dev_llist_insert.o)
 .data          0x0000000000183eec        0x0 ../barcode_bsp//libhal_bsp.a(alt_errno.o)
 .data          0x0000000000183eec        0x0 ../barcode_bsp//libhal_bsp.a(alt_find_dev.o)
 .data          0x0000000000183eec        0x0 ../barcode_bsp//libhal_bsp.a(alt_icache_flush_all.o)
 .data          0x0000000000183eec        0x0 ../barcode_bsp//libhal_bsp.a(alt_iic.o)
 .data          0x0000000000183eec        0x0 ../barcode_bsp//libhal_bsp.a(alt_iic_isr_register.o)
 .data          0x0000000000183eec        0x0 ../barcode_bsp//libhal_bsp.a(alt_irq_entry.o)
 .data          0x0000000000183eec        0x0 ../barcode_bsp//libhal_bsp.a(alt_irq_handler.o)
 .data          0x0000000000183eec        0x0 ../barcode_bsp//libhal_bsp.a(alt_irq_vars.o)
 .data          0x0000000000183eec        0x0 ../barcode_bsp//libhal_bsp.a(altera_nios2_gen2_irq.o)
 .data          0x0000000000183eec        0x0 ../barcode_bsp//libhal_bsp.a(alt_exception_entry.o)
 .data          0x0000000000183eec        0x0 /home/luuk/intelFPGA_lite/18.1/nios2eds/bin/gnu/H-x86_64-pc-linux-gnu/bin/../lib/gcc/nios2-elf/5.3.0/../../../../../H-x86_64-pc-linux-gnu/nios2-elf/lib/mno-hw-mul/libsmallc.a(lib_a-memcmp.o)
                0x000000000018beec                _gp = ABSOLUTE ((. + 0x8000))
                [!provide]                        PROVIDE (gp, _gp)
 *(.rwdata .rwdata.*)
 *(.sdata .sdata.* .gnu.linkonce.s.*)
 .sdata._global_impure_ptr
                0x0000000000183eec        0x4 /home/luuk/intelFPGA_lite/18.1/nios2eds/bin/gnu/H-x86_64-pc-linux-gnu/bin/../lib/gcc/nios2-elf/5.3.0/../../../../../H-x86_64-pc-linux-gnu/nios2-elf/lib/mno-hw-mul/libsmallc.a(lib_a-impure.o)
                0x0000000000183eec                _global_impure_ptr
 .sdata._impure_ptr
                0x0000000000183ef0        0x4 /home/luuk/intelFPGA_lite/18.1/nios2eds/bin/gnu/H-x86_64-pc-linux-gnu/bin/../lib/gcc/nios2-elf/5.3.0/../../../../../H-x86_64-pc-linux-gnu/nios2-elf/lib/mno-hw-mul/libsmallc.a(lib_a-impure.o)
                0x0000000000183ef0                _impure_ptr
 .sdata         0x0000000000183ef4        0x4 ../barcode_bsp//libhal_bsp.a(alt_sys_init.o)
                0x0000000000183ef4                jtag_uart
 .sdata         0x0000000000183ef8        0x8 ../barcode_bsp//libhal_bsp.a(altera_avalon_sgdma.o)
                0x0000000000183ef8                alt_sgdma_list
 .sdata         0x0000000000183f00        0x4 ../barcode_bsp//libhal_bsp.a(alt_errno.o)
                0x0000000000183f00                alt_errno
 .sdata         0x0000000000183f04        0x4 ../barcode_bsp//libhal_bsp.a(alt_irq_vars.o)
                0x0000000000183f04                alt_priority_mask
 *(.sdata2 .sdata2.* .gnu.linkonce.s2.*)
                0x0000000000183f08                . = ALIGN (0x4)
                0x0000000000183f08                _edata = ABSOLUTE (.)
                [!provide]                        PROVIDE (edata, ABSOLUTE (.))
                0x0000000000183f08                PROVIDE (__ram_rwdata_end, ABSOLUTE (.))
                0x0000000000183f08                PROVIDE (__flash_rwdata_start, LOADADDR (.rwdata))

.bss            0x00000000001847c4      0x628
                0x00000000001847c4                __bss_start = ABSOLUTE (.)
                [!provide]                        PROVIDE (__sbss_start, ABSOLUTE (.))
                [!provide]                        PROVIDE (___sbss_start, ABSOLUTE (.))
 *(.dynsbss)
 *(.sbss .sbss.* .gnu.linkonce.sb.*)
 .sbss          0x00000000001847c4        0x8 obj/default/main.o
                0x00000000001847c4                actualCount
                0x00000000001847c8                barwidth
 .sbss          0x00000000001847cc        0xc obj/default/network.o
                0x00000000001847cc                sgdma_tx_dev
                0x00000000001847d0                text_length
                0x00000000001847d4                sgdma_rx_dev
 .sbss          0x00000000001847d8        0x4 /home/luuk/intelFPGA_lite/18.1/nios2eds/bin/gnu/H-x86_64-pc-linux-gnu/bin/../lib/gcc/nios2-elf/5.3.0/../../../../../H-x86_64-pc-linux-gnu/nios2-elf/lib/mno-hw-mul/libsmallc.a(lib_a-int_errno.o)
                0x00000000001847d8                errno
 .sbss          0x00000000001847dc        0xc ../barcode_bsp//libhal_bsp.a(alt_main.o)
                0x00000000001847dc                alt_envp
                0x00000000001847e0                alt_argv
                0x00000000001847e4                alt_argc
 .sbss          0x00000000001847e8        0x4 ../barcode_bsp//libhal_bsp.a(alt_irq_vars.o)
                0x00000000001847e8                alt_irq_active
 *(.sbss2 .sbss2.* .gnu.linkonce.sb2.*)
 *(.scommon)
                [!provide]                        PROVIDE (__sbss_end, ABSOLUTE (.))
                [!provide]                        PROVIDE (___sbss_end, ABSOLUTE (.))
 *(.dynbss)
 *(.bss .bss.* .gnu.linkonce.b.*)
 .bss           0x00000000001847ec        0x0 ../barcode_bsp//obj/HAL/src/crt0.o
 .bss           0x00000000001847ec      0x100 obj/default/main.o
                0x00000000001847ec                charcode
 .bss           0x00000000001848ec      0x400 obj/default/network.o
                0x00000000001848ec                rx_frame
 .bss           0x0000000000184cec        0x0 /home/luuk/intelFPGA_lite/18.1/nios2eds/bin/gnu/H-x86_64-pc-linux-gnu/bin/../lib/gcc/nios2-elf/5.3.0/mno-hw-mul/libgcc.a(adddf3.o)
 .bss           0x0000000000184cec        0x0 /home/luuk/intelFPGA_lite/18.1/nios2eds/bin/gnu/H-x86_64-pc-linux-gnu/bin/../lib/gcc/nios2-elf/5.3.0/mno-hw-mul/libgcc.a(muldf3.o)
 .bss           0x0000000000184cec        0x0 /home/luuk/intelFPGA_lite/18.1/nios2eds/bin/gnu/H-x86_64-pc-linux-gnu/bin/../lib/gcc/nios2-elf/5.3.0/mno-hw-mul/libgcc.a(fixdfsi.o)
 .bss           0x0000000000184cec        0x0 /home/luuk/intelFPGA_lite/18.1/nios2eds/bin/gnu/H-x86_64-pc-linux-gnu/bin/../lib/gcc/nios2-elf/5.3.0/mno-hw-mul/libgcc.a(floatsidf.o)
 .bss           0x0000000000184cec        0x0 /home/luuk/intelFPGA_lite/18.1/nios2eds/bin/gnu/H-x86_64-pc-linux-gnu/bin/../lib/gcc/nios2-elf/5.3.0/mno-hw-mul/libgcc.a(_clzsi2.o)
 .bss           0x0000000000184cec        0x0 /home/luuk/intelFPGA_lite/18.1/nios2eds/bin/gnu/H-x86_64-pc-linux-gnu/bin/../lib/gcc/nios2-elf/5.3.0/mno-hw-mul/libgcc.a(lib2-mul.o)
 .bss           0x0000000000184cec        0x0 /home/luuk/intelFPGA_lite/18.1/nios2eds/bin/gnu/H-x86_64-pc-linux-gnu/bin/../lib/gcc/nios2-elf/5.3.0/mno-hw-mul/libgcc.a(_clz.o)
 .bss           0x0000000000184cec        0x0 /home/luuk/intelFPGA_lite/18.1/nios2eds/bin/gnu/H-x86_64-pc-linux-gnu/bin/../lib/gcc/nios2-elf/5.3.0/../../../../../H-x86_64-pc-linux-gnu/nios2-elf/lib/mno-hw-mul/libsmallc.a(lib_a-memcpy.o)
 .bss           0x0000000000184cec        0x0 /home/luuk/intelFPGA_lite/18.1/nios2eds/bin/gnu/H-x86_64-pc-linux-gnu/bin/../lib/gcc/nios2-elf/5.3.0/../../../../../H-x86_64-pc-linux-gnu/nios2-elf/lib/mno-hw-mul/libsmallc.a(lib_a-printf.o)
 .bss           0x0000000000184cec        0x0 /home/luuk/intelFPGA_lite/18.1/nios2eds/bin/gnu/H-x86_64-pc-linux-gnu/bin/../lib/gcc/nios2-elf/5.3.0/../../../../../H-x86_64-pc-linux-gnu/nios2-elf/lib/mno-hw-mul/libsmallc.a(lib_a-putchar.o)
 .bss           0x0000000000184cec        0x0 /home/luuk/intelFPGA_lite/18.1/nios2eds/bin/gnu/H-x86_64-pc-linux-gnu/bin/../lib/gcc/nios2-elf/5.3.0/../../../../../H-x86_64-pc-linux-gnu/nios2-elf/lib/mno-hw-mul/libsmallc.a(lib_a-strlen.o)
 .bss           0x0000000000184cec        0x0 /home/luuk/intelFPGA_lite/18.1/nios2eds/bin/gnu/H-x86_64-pc-linux-gnu/bin/../lib/gcc/nios2-elf/5.3.0/../../../../../H-x86_64-pc-linux-gnu/nios2-elf/lib/mno-hw-mul/libsmallc.a(lib_a-vfprintf.o)
 .bss           0x0000000000184cec        0x0 /home/luuk/intelFPGA_lite/18.1/nios2eds/bin/gnu/H-x86_64-pc-linux-gnu/bin/../lib/gcc/nios2-elf/5.3.0/../../../../../H-x86_64-pc-linux-gnu/nios2-elf/lib/mno-hw-mul/libsmallc.a(lib_a-fvwrite_small_dev.o)
 .bss           0x0000000000184cec        0x0 /home/luuk/intelFPGA_lite/18.1/nios2eds/bin/gnu/H-x86_64-pc-linux-gnu/bin/../lib/gcc/nios2-elf/5.3.0/../../../../../H-x86_64-pc-linux-gnu/nios2-elf/lib/mno-hw-mul/libsmallc.a(lib_a-impure.o)
 .bss           0x0000000000184cec        0x0 /home/luuk/intelFPGA_lite/18.1/nios2eds/bin/gnu/H-x86_64-pc-linux-gnu/bin/../lib/gcc/nios2-elf/5.3.0/../../../../../H-x86_64-pc-linux-gnu/nios2-elf/lib/mno-hw-mul/libsmallc.a(lib_a-putc.o)
 .bss           0x0000000000184cec        0x0 /home/luuk/intelFPGA_lite/18.1/nios2eds/bin/gnu/H-x86_64-pc-linux-gnu/bin/../lib/gcc/nios2-elf/5.3.0/../../../../../H-x86_64-pc-linux-gnu/nios2-elf/lib/mno-hw-mul/libsmallc.a(lib_a-writer.o)
 .bss           0x0000000000184cec        0x0 /home/luuk/intelFPGA_lite/18.1/nios2eds/bin/gnu/H-x86_64-pc-linux-gnu/bin/../lib/gcc/nios2-elf/5.3.0/../../../../../H-x86_64-pc-linux-gnu/nios2-elf/lib/mno-hw-mul/libsmallc.a(lib_a-int_errno.o)
 .bss           0x0000000000184cec        0x0 /home/luuk/intelFPGA_lite/18.1/nios2eds/bin/gnu/H-x86_64-pc-linux-gnu/bin/../lib/gcc/nios2-elf/5.3.0/mno-hw-mul/libgcc.a(lib2-divmod.o)
 .bss           0x0000000000184cec        0x0 ../barcode_bsp//libhal_bsp.a(alt_load.o)
 .bss           0x0000000000184cec        0x0 ../barcode_bsp//libhal_bsp.a(alt_main.o)
 .bss           0x0000000000184cec        0x0 ../barcode_bsp//libhal_bsp.a(alt_printf.o)
 .bss           0x0000000000184cec        0x0 ../barcode_bsp//libhal_bsp.a(alt_putchar.o)
 .bss           0x0000000000184cec        0x0 ../barcode_bsp//libhal_bsp.a(alt_usleep.o)
 .bss           0x0000000000184cec        0x0 ../barcode_bsp//libhal_bsp.a(alt_write.o)
 .bss           0x0000000000184cec        0x0 ../barcode_bsp//libhal_bsp.a(alt_sys_init.o)
 .bss           0x0000000000184cec        0x0 ../barcode_bsp//libhal_bsp.a(altera_avalon_jtag_uart_write.o)
 .bss           0x0000000000184cec        0x0 ../barcode_bsp//libhal_bsp.a(altera_avalon_sgdma.o)
 .bss           0x0000000000184cec        0x0 ../barcode_bsp//libhal_bsp.a(alt_busy_sleep.o)
 .bss           0x0000000000184cec        0x0 ../barcode_bsp//libhal_bsp.a(alt_dcache_flush.o)
 .bss           0x0000000000184cec        0x0 ../barcode_bsp//libhal_bsp.a(alt_dcache_flush_all.o)
 .bss           0x0000000000184cec        0x0 ../barcode_bsp//libhal_bsp.a(alt_dev_llist_insert.o)
 .bss           0x0000000000184cec        0x0 ../barcode_bsp//libhal_bsp.a(alt_errno.o)
 .bss           0x0000000000184cec        0x0 ../barcode_bsp//libhal_bsp.a(alt_find_dev.o)
 .bss           0x0000000000184cec        0x0 ../barcode_bsp//libhal_bsp.a(alt_icache_flush_all.o)
 .bss           0x0000000000184cec        0x0 ../barcode_bsp//libhal_bsp.a(alt_iic.o)
 .bss           0x0000000000184cec        0x0 ../barcode_bsp//libhal_bsp.a(alt_iic_isr_register.o)
 .bss           0x0000000000184cec        0x0 ../barcode_bsp//libhal_bsp.a(alt_irq_entry.o)
 .bss           0x0000000000184cec        0x0 ../barcode_bsp//libhal_bsp.a(alt_irq_handler.o)
 .bss           0x0000000000184cec        0x0 ../barcode_bsp//libhal_bsp.a(alt_irq_vars.o)
 .bss           0x0000000000184cec        0x0 ../barcode_bsp//libhal_bsp.a(altera_nios2_gen2_irq.o)
 .bss           0x0000000000184cec        0x0 ../barcode_bsp//libhal_bsp.a(alt_exception_entry.o)
 .bss           0x0000000000184cec        0x0 /home/luuk/intelFPGA_lite/18.1/nios2eds/bin/gnu/H-x86_64-pc-linux-gnu/bin/../lib/gcc/nios2-elf/5.3.0/../../../../../H-x86_64-pc-linux-gnu/nios2-elf/lib/mno-hw-mul/libsmallc.a(lib_a-memcmp.o)
 *(COMMON)
 COMMON         0x0000000000184cec      0x100 ../barcode_bsp//libhal_bsp.a(alt_irq_handler.o)
                0x0000000000184cec                alt_irq
                0x0000000000184dec                . = ALIGN (0x4)
                0x0000000000184dec                __bss_end = ABSOLUTE (.)

.VideoRAM       0x0000000000000000        0x0 load address 0x0000000000184dec
                [!provide]                        PROVIDE (_alt_partition_VideoRAM_start, ABSOLUTE (.))
 *(.VideoRAM .VideoRAM. VideoRAM.*)
                0x0000000000000000                . = ALIGN (0x4)
                [!provide]                        PROVIDE (_alt_partition_VideoRAM_end, ABSOLUTE (.))
                [!provide]                        PROVIDE (_alt_partition_VideoRAM_load_addr, LOADADDR (.VideoRAM))

.descriptor_memory
                0x0000000000008000       0x80 load address 0x0000000000184dec
                [!provide]                        PROVIDE (_alt_partition_descriptor_memory_start, ABSOLUTE (.))
 *(.descriptor_memory .descriptor_memory. descriptor_memory.*)
 .descriptor_memory
                0x0000000000008000       0x80 obj/default/network.o
                0x0000000000008000                rx_descriptor_end
                0x0000000000008020                rx_descriptor
                0x0000000000008040                tx_descriptor_end
                0x0000000000008060                tx_descriptor
                0x0000000000008080                . = ALIGN (0x4)
                [!provide]                        PROVIDE (_alt_partition_descriptor_memory_end, ABSOLUTE (.))
                [!provide]                        PROVIDE (_alt_partition_descriptor_memory_load_addr, LOADADDR (.descriptor_memory))

.onchip_memory  0x0000000000184e6c        0x0
                [!provide]                        PROVIDE (_alt_partition_onchip_memory_start, ABSOLUTE (.))
 *(.onchip_memory .onchip_memory. onchip_memory.*)
                0x0000000000184e6c                . = ALIGN (0x4)
                [!provide]                        PROVIDE (_alt_partition_onchip_memory_end, ABSOLUTE (.))
                0x0000000000184e6c                _end = ABSOLUTE (.)
                0x0000000000184e6c                end = ABSOLUTE (.)
                0x0000000000184e6c                __alt_stack_base = ABSOLUTE (.)
                [!provide]                        PROVIDE (_alt_partition_onchip_memory_load_addr, LOADADDR (.onchip_memory))

.stab
 *(.stab)

.stabstr
 *(.stabstr)

.stab.excl
 *(.stab.excl)

.stab.exclstr
 *(.stab.exclstr)

.stab.index
 *(.stab.index)

.stab.indexstr
 *(.stab.indexstr)

.comment        0x0000000000000000       0x23
 *(.comment)
 .comment       0x0000000000000000       0x23 obj/default/main.o
                                         0x24 (size before relaxing)
 .comment       0x0000000000000023       0x24 obj/default/network.o
 .comment       0x0000000000000023       0x24 /home/luuk/intelFPGA_lite/18.1/nios2eds/bin/gnu/H-x86_64-pc-linux-gnu/bin/../lib/gcc/nios2-elf/5.3.0/mno-hw-mul/libgcc.a(adddf3.o)
 .comment       0x0000000000000023       0x24 /home/luuk/intelFPGA_lite/18.1/nios2eds/bin/gnu/H-x86_64-pc-linux-gnu/bin/../lib/gcc/nios2-elf/5.3.0/mno-hw-mul/libgcc.a(muldf3.o)
 .comment       0x0000000000000023       0x24 /home/luuk/intelFPGA_lite/18.1/nios2eds/bin/gnu/H-x86_64-pc-linux-gnu/bin/../lib/gcc/nios2-elf/5.3.0/mno-hw-mul/libgcc.a(fixdfsi.o)
 .comment       0x0000000000000023       0x24 /home/luuk/intelFPGA_lite/18.1/nios2eds/bin/gnu/H-x86_64-pc-linux-gnu/bin/../lib/gcc/nios2-elf/5.3.0/mno-hw-mul/libgcc.a(floatsidf.o)
 .comment       0x0000000000000023       0x24 /home/luuk/intelFPGA_lite/18.1/nios2eds/bin/gnu/H-x86_64-pc-linux-gnu/bin/../lib/gcc/nios2-elf/5.3.0/mno-hw-mul/libgcc.a(_clzsi2.o)
 .comment       0x0000000000000023       0x24 /home/luuk/intelFPGA_lite/18.1/nios2eds/bin/gnu/H-x86_64-pc-linux-gnu/bin/../lib/gcc/nios2-elf/5.3.0/mno-hw-mul/libgcc.a(lib2-mul.o)
 .comment       0x0000000000000023       0x24 /home/luuk/intelFPGA_lite/18.1/nios2eds/bin/gnu/H-x86_64-pc-linux-gnu/bin/../lib/gcc/nios2-elf/5.3.0/mno-hw-mul/libgcc.a(_clz.o)
 .comment       0x0000000000000023       0x24 /home/luuk/intelFPGA_lite/18.1/nios2eds/bin/gnu/H-x86_64-pc-linux-gnu/bin/../lib/gcc/nios2-elf/5.3.0/../../../../../H-x86_64-pc-linux-gnu/nios2-elf/lib/mno-hw-mul/libsmallc.a(lib_a-memcpy.o)
 .comment       0x0000000000000023       0x24 /home/luuk/intelFPGA_lite/18.1/nios2eds/bin/gnu/H-x86_64-pc-linux-gnu/bin/../lib/gcc/nios2-elf/5.3.0/../../../../../H-x86_64-pc-linux-gnu/nios2-elf/lib/mno-hw-mul/libsmallc.a(lib_a-printf.o)
 .comment       0x0000000000000023       0x24 /home/luuk/intelFPGA_lite/18.1/nios2eds/bin/gnu/H-x86_64-pc-linux-gnu/bin/../lib/gcc/nios2-elf/5.3.0/../../../../../H-x86_64-pc-linux-gnu/nios2-elf/lib/mno-hw-mul/libsmallc.a(lib_a-putchar.o)
 .comment       0x0000000000000023       0x24 /home/luuk/intelFPGA_lite/18.1/nios2eds/bin/gnu/H-x86_64-pc-linux-gnu/bin/../lib/gcc/nios2-elf/5.3.0/../../../../../H-x86_64-pc-linux-gnu/nios2-elf/lib/mno-hw-mul/libsmallc.a(lib_a-strlen.o)
 .comment       0x0000000000000023       0x24 /home/luuk/intelFPGA_lite/18.1/nios2eds/bin/gnu/H-x86_64-pc-linux-gnu/bin/../lib/gcc/nios2-elf/5.3.0/../../../../../H-x86_64-pc-linux-gnu/nios2-elf/lib/mno-hw-mul/libsmallc.a(lib_a-vfprintf.o)
 .comment       0x0000000000000023       0x24 /home/luuk/intelFPGA_lite/18.1/nios2eds/bin/gnu/H-x86_64-pc-linux-gnu/bin/../lib/gcc/nios2-elf/5.3.0/../../../../../H-x86_64-pc-linux-gnu/nios2-elf/lib/mno-hw-mul/libsmallc.a(lib_a-fvwrite_small_dev.o)
 .comment       0x0000000000000023       0x24 /home/luuk/intelFPGA_lite/18.1/nios2eds/bin/gnu/H-x86_64-pc-linux-gnu/bin/../lib/gcc/nios2-elf/5.3.0/../../../../../H-x86_64-pc-linux-gnu/nios2-elf/lib/mno-hw-mul/libsmallc.a(lib_a-impure.o)
 .comment       0x0000000000000023       0x24 /home/luuk/intelFPGA_lite/18.1/nios2eds/bin/gnu/H-x86_64-pc-linux-gnu/bin/../lib/gcc/nios2-elf/5.3.0/../../../../../H-x86_64-pc-linux-gnu/nios2-elf/lib/mno-hw-mul/libsmallc.a(lib_a-putc.o)
 .comment       0x0000000000000023       0x24 /home/luuk/intelFPGA_lite/18.1/nios2eds/bin/gnu/H-x86_64-pc-linux-gnu/bin/../lib/gcc/nios2-elf/5.3.0/../../../../../H-x86_64-pc-linux-gnu/nios2-elf/lib/mno-hw-mul/libsmallc.a(lib_a-writer.o)
 .comment       0x0000000000000023       0x24 /home/luuk/intelFPGA_lite/18.1/nios2eds/bin/gnu/H-x86_64-pc-linux-gnu/bin/../lib/gcc/nios2-elf/5.3.0/../../../../../H-x86_64-pc-linux-gnu/nios2-elf/lib/mno-hw-mul/libsmallc.a(lib_a-int_errno.o)
 .comment       0x0000000000000023       0x24 /home/luuk/intelFPGA_lite/18.1/nios2eds/bin/gnu/H-x86_64-pc-linux-gnu/bin/../lib/gcc/nios2-elf/5.3.0/mno-hw-mul/libgcc.a(lib2-divmod.o)
 .comment       0x0000000000000023       0x24 ../barcode_bsp//libhal_bsp.a(alt_load.o)
 .comment       0x0000000000000023       0x24 ../barcode_bsp//libhal_bsp.a(alt_main.o)
 .comment       0x0000000000000023       0x24 ../barcode_bsp//libhal_bsp.a(alt_printf.o)
 .comment       0x0000000000000023       0x24 ../barcode_bsp//libhal_bsp.a(alt_putchar.o)
 .comment       0x0000000000000023       0x24 ../barcode_bsp//libhal_bsp.a(alt_usleep.o)
 .comment       0x0000000000000023       0x24 ../barcode_bsp//libhal_bsp.a(alt_write.o)
 .comment       0x0000000000000023       0x24 ../barcode_bsp//libhal_bsp.a(alt_sys_init.o)
 .comment       0x0000000000000023       0x24 ../barcode_bsp//libhal_bsp.a(altera_avalon_jtag_uart_write.o)
 .comment       0x0000000000000023       0x24 ../barcode_bsp//libhal_bsp.a(altera_avalon_sgdma.o)
 .comment       0x0000000000000023       0x24 ../barcode_bsp//libhal_bsp.a(alt_busy_sleep.o)
 .comment       0x0000000000000023       0x24 ../barcode_bsp//libhal_bsp.a(alt_dcache_flush.o)
 .comment       0x0000000000000023       0x24 ../barcode_bsp//libhal_bsp.a(alt_dcache_flush_all.o)
 .comment       0x0000000000000023       0x24 ../barcode_bsp//libhal_bsp.a(alt_dev_llist_insert.o)
 .comment       0x0000000000000023       0x24 ../barcode_bsp//libhal_bsp.a(alt_errno.o)
 .comment       0x0000000000000023       0x24 ../barcode_bsp//libhal_bsp.a(alt_find_dev.o)
 .comment       0x0000000000000023       0x24 ../barcode_bsp//libhal_bsp.a(alt_icache_flush_all.o)
 .comment       0x0000000000000023       0x24 ../barcode_bsp//libhal_bsp.a(alt_iic.o)
 .comment       0x0000000000000023       0x24 ../barcode_bsp//libhal_bsp.a(alt_iic_isr_register.o)
 .comment       0x0000000000000023       0x24 ../barcode_bsp//libhal_bsp.a(alt_irq_handler.o)
 .comment       0x0000000000000023       0x24 ../barcode_bsp//libhal_bsp.a(alt_irq_vars.o)
 .comment       0x0000000000000023       0x24 ../barcode_bsp//libhal_bsp.a(altera_nios2_gen2_irq.o)
 .comment       0x0000000000000023       0x24 /home/luuk/intelFPGA_lite/18.1/nios2eds/bin/gnu/H-x86_64-pc-linux-gnu/bin/../lib/gcc/nios2-elf/5.3.0/../../../../../H-x86_64-pc-linux-gnu/nios2-elf/lib/mno-hw-mul/libsmallc.a(lib_a-memcmp.o)

.debug
 *(.debug)

.line
 *(.line)

.debug_srcinfo
 *(.debug_srcinfo)

.debug_sfnames
 *(.debug_sfnames)

.debug_aranges  0x0000000000000000      0x5d8
 *(.debug_aranges)
 .debug_aranges
                0x0000000000000000       0x28 ../barcode_bsp//obj/HAL/src/crt0.o
 .debug_aranges
                0x0000000000000028       0x28 obj/default/main.o
 .debug_aranges
                0x0000000000000050       0x20 obj/default/network.o
 .debug_aranges
                0x0000000000000070       0x20 /home/luuk/intelFPGA_lite/18.1/nios2eds/bin/gnu/H-x86_64-pc-linux-gnu/bin/../lib/gcc/nios2-elf/5.3.0/mno-hw-mul/libgcc.a(adddf3.o)
 .debug_aranges
                0x0000000000000090       0x20 /home/luuk/intelFPGA_lite/18.1/nios2eds/bin/gnu/H-x86_64-pc-linux-gnu/bin/../lib/gcc/nios2-elf/5.3.0/mno-hw-mul/libgcc.a(muldf3.o)
 .debug_aranges
                0x00000000000000b0       0x20 /home/luuk/intelFPGA_lite/18.1/nios2eds/bin/gnu/H-x86_64-pc-linux-gnu/bin/../lib/gcc/nios2-elf/5.3.0/mno-hw-mul/libgcc.a(fixdfsi.o)
 .debug_aranges
                0x00000000000000d0       0x20 /home/luuk/intelFPGA_lite/18.1/nios2eds/bin/gnu/H-x86_64-pc-linux-gnu/bin/../lib/gcc/nios2-elf/5.3.0/mno-hw-mul/libgcc.a(floatsidf.o)
 .debug_aranges
                0x00000000000000f0       0x20 /home/luuk/intelFPGA_lite/18.1/nios2eds/bin/gnu/H-x86_64-pc-linux-gnu/bin/../lib/gcc/nios2-elf/5.3.0/mno-hw-mul/libgcc.a(_clzsi2.o)
 .debug_aranges
                0x0000000000000110       0x20 /home/luuk/intelFPGA_lite/18.1/nios2eds/bin/gnu/H-x86_64-pc-linux-gnu/bin/../lib/gcc/nios2-elf/5.3.0/mno-hw-mul/libgcc.a(lib2-mul.o)
 .debug_aranges
                0x0000000000000130       0x18 /home/luuk/intelFPGA_lite/18.1/nios2eds/bin/gnu/H-x86_64-pc-linux-gnu/bin/../lib/gcc/nios2-elf/5.3.0/mno-hw-mul/libgcc.a(_clz.o)
 .debug_aranges
                0x0000000000000148       0x20 /home/luuk/intelFPGA_lite/18.1/nios2eds/bin/gnu/H-x86_64-pc-linux-gnu/bin/../lib/gcc/nios2-elf/5.3.0/../../../../../H-x86_64-pc-linux-gnu/nios2-elf/lib/mno-hw-mul/libsmallc.a(lib_a-memcpy.o)
 .debug_aranges
                0x0000000000000168       0x28 /home/luuk/intelFPGA_lite/18.1/nios2eds/bin/gnu/H-x86_64-pc-linux-gnu/bin/../lib/gcc/nios2-elf/5.3.0/../../../../../H-x86_64-pc-linux-gnu/nios2-elf/lib/mno-hw-mul/libsmallc.a(lib_a-printf.o)
 .debug_aranges
                0x0000000000000190       0x28 /home/luuk/intelFPGA_lite/18.1/nios2eds/bin/gnu/H-x86_64-pc-linux-gnu/bin/../lib/gcc/nios2-elf/5.3.0/../../../../../H-x86_64-pc-linux-gnu/nios2-elf/lib/mno-hw-mul/libsmallc.a(lib_a-putchar.o)
 .debug_aranges
                0x00000000000001b8       0x20 /home/luuk/intelFPGA_lite/18.1/nios2eds/bin/gnu/H-x86_64-pc-linux-gnu/bin/../lib/gcc/nios2-elf/5.3.0/../../../../../H-x86_64-pc-linux-gnu/nios2-elf/lib/mno-hw-mul/libsmallc.a(lib_a-strlen.o)
 .debug_aranges
                0x00000000000001d8       0x30 /home/luuk/intelFPGA_lite/18.1/nios2eds/bin/gnu/H-x86_64-pc-linux-gnu/bin/../lib/gcc/nios2-elf/5.3.0/../../../../../H-x86_64-pc-linux-gnu/nios2-elf/lib/mno-hw-mul/libsmallc.a(lib_a-vfprintf.o)
 .debug_aranges
                0x0000000000000208       0x20 /home/luuk/intelFPGA_lite/18.1/nios2eds/bin/gnu/H-x86_64-pc-linux-gnu/bin/../lib/gcc/nios2-elf/5.3.0/../../../../../H-x86_64-pc-linux-gnu/nios2-elf/lib/mno-hw-mul/libsmallc.a(lib_a-fvwrite_small_dev.o)
 .debug_aranges
                0x0000000000000228       0x18 /home/luuk/intelFPGA_lite/18.1/nios2eds/bin/gnu/H-x86_64-pc-linux-gnu/bin/../lib/gcc/nios2-elf/5.3.0/../../../../../H-x86_64-pc-linux-gnu/nios2-elf/lib/mno-hw-mul/libsmallc.a(lib_a-impure.o)
 .debug_aranges
                0x0000000000000240       0x28 /home/luuk/intelFPGA_lite/18.1/nios2eds/bin/gnu/H-x86_64-pc-linux-gnu/bin/../lib/gcc/nios2-elf/5.3.0/../../../../../H-x86_64-pc-linux-gnu/nios2-elf/lib/mno-hw-mul/libsmallc.a(lib_a-putc.o)
 .debug_aranges
                0x0000000000000268       0x20 /home/luuk/intelFPGA_lite/18.1/nios2eds/bin/gnu/H-x86_64-pc-linux-gnu/bin/../lib/gcc/nios2-elf/5.3.0/../../../../../H-x86_64-pc-linux-gnu/nios2-elf/lib/mno-hw-mul/libsmallc.a(lib_a-writer.o)
 .debug_aranges
                0x0000000000000288       0x18 /home/luuk/intelFPGA_lite/18.1/nios2eds/bin/gnu/H-x86_64-pc-linux-gnu/bin/../lib/gcc/nios2-elf/5.3.0/../../../../../H-x86_64-pc-linux-gnu/nios2-elf/lib/mno-hw-mul/libsmallc.a(lib_a-int_errno.o)
 .debug_aranges
                0x00000000000002a0       0x20 /home/luuk/intelFPGA_lite/18.1/nios2eds/bin/gnu/H-x86_64-pc-linux-gnu/bin/../lib/gcc/nios2-elf/5.3.0/mno-hw-mul/libgcc.a(lib2-divmod.o)
 .debug_aranges
                0x00000000000002c0       0x20 ../barcode_bsp//libhal_bsp.a(alt_load.o)
 .debug_aranges
                0x00000000000002e0       0x20 ../barcode_bsp//libhal_bsp.a(alt_main.o)
 .debug_aranges
                0x0000000000000300       0x20 ../barcode_bsp//libhal_bsp.a(alt_printf.o)
 .debug_aranges
                0x0000000000000320       0x20 ../barcode_bsp//libhal_bsp.a(alt_putchar.o)
 .debug_aranges
                0x0000000000000340       0x20 ../barcode_bsp//libhal_bsp.a(alt_usleep.o)
 .debug_aranges
                0x0000000000000360       0x20 ../barcode_bsp//libhal_bsp.a(alt_write.o)
 .debug_aranges
                0x0000000000000380       0x20 ../barcode_bsp//libhal_bsp.a(alt_sys_init.o)
 .debug_aranges
                0x00000000000003a0       0x20 ../barcode_bsp//libhal_bsp.a(altera_avalon_jtag_uart_write.o)
 .debug_aranges
                0x00000000000003c0       0x20 ../barcode_bsp//libhal_bsp.a(altera_avalon_sgdma.o)
 .debug_aranges
                0x00000000000003e0       0x20 ../barcode_bsp//libhal_bsp.a(alt_busy_sleep.o)
 .debug_aranges
                0x0000000000000400       0x20 ../barcode_bsp//libhal_bsp.a(alt_dcache_flush.o)
 .debug_aranges
                0x0000000000000420       0x20 ../barcode_bsp//libhal_bsp.a(alt_dcache_flush_all.o)
 .debug_aranges
                0x0000000000000440       0x20 ../barcode_bsp//libhal_bsp.a(alt_dev_llist_insert.o)
 .debug_aranges
                0x0000000000000460       0x18 ../barcode_bsp//libhal_bsp.a(alt_errno.o)
 .debug_aranges
                0x0000000000000478       0x20 ../barcode_bsp//libhal_bsp.a(alt_find_dev.o)
 .debug_aranges
                0x0000000000000498       0x20 ../barcode_bsp//libhal_bsp.a(alt_icache_flush_all.o)
 .debug_aranges
                0x00000000000004b8       0x20 ../barcode_bsp//libhal_bsp.a(alt_iic.o)
 .debug_aranges
                0x00000000000004d8       0x20 ../barcode_bsp//libhal_bsp.a(alt_iic_isr_register.o)
 .debug_aranges
                0x00000000000004f8       0x30 ../barcode_bsp//libhal_bsp.a(alt_irq_entry.o)
 .debug_aranges
                0x0000000000000528       0x20 ../barcode_bsp//libhal_bsp.a(alt_irq_handler.o)
 .debug_aranges
                0x0000000000000548       0x18 ../barcode_bsp//libhal_bsp.a(alt_irq_vars.o)
 .debug_aranges
                0x0000000000000560       0x20 ../barcode_bsp//libhal_bsp.a(altera_nios2_gen2_irq.o)
 .debug_aranges
                0x0000000000000580       0x38 ../barcode_bsp//libhal_bsp.a(alt_exception_entry.o)
 .debug_aranges
                0x00000000000005b8       0x20 /home/luuk/intelFPGA_lite/18.1/nios2eds/bin/gnu/H-x86_64-pc-linux-gnu/bin/../lib/gcc/nios2-elf/5.3.0/../../../../../H-x86_64-pc-linux-gnu/nios2-elf/lib/mno-hw-mul/libsmallc.a(lib_a-memcmp.o)

.debug_pubnames
 *(.debug_pubnames)

.debug_info     0x0000000000000000     0x804b
 *(.debug_info .gnu.linkonce.wi.*)
 .debug_info    0x0000000000000000       0x68 ../barcode_bsp//obj/HAL/src/crt0.o
 .debug_info    0x0000000000000068      0x531 obj/default/main.o
 .debug_info    0x0000000000000599      0x6fe obj/default/network.o
 .debug_info    0x0000000000000c97      0x4a2 /home/luuk/intelFPGA_lite/18.1/nios2eds/bin/gnu/H-x86_64-pc-linux-gnu/bin/../lib/gcc/nios2-elf/5.3.0/mno-hw-mul/libgcc.a(adddf3.o)
 .debug_info    0x0000000000001139      0x5f1 /home/luuk/intelFPGA_lite/18.1/nios2eds/bin/gnu/H-x86_64-pc-linux-gnu/bin/../lib/gcc/nios2-elf/5.3.0/mno-hw-mul/libgcc.a(muldf3.o)
 .debug_info    0x000000000000172a      0x1ae /home/luuk/intelFPGA_lite/18.1/nios2eds/bin/gnu/H-x86_64-pc-linux-gnu/bin/../lib/gcc/nios2-elf/5.3.0/mno-hw-mul/libgcc.a(fixdfsi.o)
 .debug_info    0x00000000000018d8      0x1bc /home/luuk/intelFPGA_lite/18.1/nios2eds/bin/gnu/H-x86_64-pc-linux-gnu/bin/../lib/gcc/nios2-elf/5.3.0/mno-hw-mul/libgcc.a(floatsidf.o)
 .debug_info    0x0000000000001a94      0x124 /home/luuk/intelFPGA_lite/18.1/nios2eds/bin/gnu/H-x86_64-pc-linux-gnu/bin/../lib/gcc/nios2-elf/5.3.0/mno-hw-mul/libgcc.a(_clzsi2.o)
 .debug_info    0x0000000000001bb8       0xb4 /home/luuk/intelFPGA_lite/18.1/nios2eds/bin/gnu/H-x86_64-pc-linux-gnu/bin/../lib/gcc/nios2-elf/5.3.0/mno-hw-mul/libgcc.a(lib2-mul.o)
 .debug_info    0x0000000000001c6c       0xb2 /home/luuk/intelFPGA_lite/18.1/nios2eds/bin/gnu/H-x86_64-pc-linux-gnu/bin/../lib/gcc/nios2-elf/5.3.0/mno-hw-mul/libgcc.a(_clz.o)
 .debug_info    0x0000000000001d1e      0x119 /home/luuk/intelFPGA_lite/18.1/nios2eds/bin/gnu/H-x86_64-pc-linux-gnu/bin/../lib/gcc/nios2-elf/5.3.0/../../../../../H-x86_64-pc-linux-gnu/nios2-elf/lib/mno-hw-mul/libsmallc.a(lib_a-memcpy.o)
 .debug_info    0x0000000000001e37      0x699 /home/luuk/intelFPGA_lite/18.1/nios2eds/bin/gnu/H-x86_64-pc-linux-gnu/bin/../lib/gcc/nios2-elf/5.3.0/../../../../../H-x86_64-pc-linux-gnu/nios2-elf/lib/mno-hw-mul/libsmallc.a(lib_a-printf.o)
 .debug_info    0x00000000000024d0      0x62a /home/luuk/intelFPGA_lite/18.1/nios2eds/bin/gnu/H-x86_64-pc-linux-gnu/bin/../lib/gcc/nios2-elf/5.3.0/../../../../../H-x86_64-pc-linux-gnu/nios2-elf/lib/mno-hw-mul/libsmallc.a(lib_a-putchar.o)
 .debug_info    0x0000000000002afa       0xc9 /home/luuk/intelFPGA_lite/18.1/nios2eds/bin/gnu/H-x86_64-pc-linux-gnu/bin/../lib/gcc/nios2-elf/5.3.0/../../../../../H-x86_64-pc-linux-gnu/nios2-elf/lib/mno-hw-mul/libsmallc.a(lib_a-strlen.o)
 .debug_info    0x0000000000002bc3      0xb2b /home/luuk/intelFPGA_lite/18.1/nios2eds/bin/gnu/H-x86_64-pc-linux-gnu/bin/../lib/gcc/nios2-elf/5.3.0/../../../../../H-x86_64-pc-linux-gnu/nios2-elf/lib/mno-hw-mul/libsmallc.a(lib_a-vfprintf.o)
 .debug_info    0x00000000000036ee      0x62b /home/luuk/intelFPGA_lite/18.1/nios2eds/bin/gnu/H-x86_64-pc-linux-gnu/bin/../lib/gcc/nios2-elf/5.3.0/../../../../../H-x86_64-pc-linux-gnu/nios2-elf/lib/mno-hw-mul/libsmallc.a(lib_a-fvwrite_small_dev.o)
 .debug_info    0x0000000000003d19      0x5a9 /home/luuk/intelFPGA_lite/18.1/nios2eds/bin/gnu/H-x86_64-pc-linux-gnu/bin/../lib/gcc/nios2-elf/5.3.0/../../../../../H-x86_64-pc-linux-gnu/nios2-elf/lib/mno-hw-mul/libsmallc.a(lib_a-impure.o)
 .debug_info    0x00000000000042c2      0x672 /home/luuk/intelFPGA_lite/18.1/nios2eds/bin/gnu/H-x86_64-pc-linux-gnu/bin/../lib/gcc/nios2-elf/5.3.0/../../../../../H-x86_64-pc-linux-gnu/nios2-elf/lib/mno-hw-mul/libsmallc.a(lib_a-putc.o)
 .debug_info    0x0000000000004934      0x630 /home/luuk/intelFPGA_lite/18.1/nios2eds/bin/gnu/H-x86_64-pc-linux-gnu/bin/../lib/gcc/nios2-elf/5.3.0/../../../../../H-x86_64-pc-linux-gnu/nios2-elf/lib/mno-hw-mul/libsmallc.a(lib_a-writer.o)
 .debug_info    0x0000000000004f64       0x8a /home/luuk/intelFPGA_lite/18.1/nios2eds/bin/gnu/H-x86_64-pc-linux-gnu/bin/../lib/gcc/nios2-elf/5.3.0/../../../../../H-x86_64-pc-linux-gnu/nios2-elf/lib/mno-hw-mul/libsmallc.a(lib_a-int_errno.o)
 .debug_info    0x0000000000004fee      0x2c6 /home/luuk/intelFPGA_lite/18.1/nios2eds/bin/gnu/H-x86_64-pc-linux-gnu/bin/../lib/gcc/nios2-elf/5.3.0/mno-hw-mul/libgcc.a(lib2-divmod.o)
 .debug_info    0x00000000000052b4      0x1c9 ../barcode_bsp//libhal_bsp.a(alt_load.o)
 .debug_info    0x000000000000547d      0x169 ../barcode_bsp//libhal_bsp.a(alt_main.o)
 .debug_info    0x00000000000055e6      0x14d ../barcode_bsp//libhal_bsp.a(alt_printf.o)
 .debug_info    0x0000000000005733      0x12a ../barcode_bsp//libhal_bsp.a(alt_putchar.o)
 .debug_info    0x000000000000585d       0xd1 ../barcode_bsp//libhal_bsp.a(alt_usleep.o)
 .debug_info    0x000000000000592e      0x1c7 ../barcode_bsp//libhal_bsp.a(alt_write.o)
 .debug_info    0x0000000000005af5      0x380 ../barcode_bsp//libhal_bsp.a(alt_sys_init.o)
 .debug_info    0x0000000000005e75      0x197 ../barcode_bsp//libhal_bsp.a(altera_avalon_jtag_uart_write.o)
 .debug_info    0x000000000000600c      0xdcd ../barcode_bsp//libhal_bsp.a(altera_avalon_sgdma.o)
 .debug_info    0x0000000000006dd9       0xd8 ../barcode_bsp//libhal_bsp.a(alt_busy_sleep.o)
 .debug_info    0x0000000000006eb1       0xba ../barcode_bsp//libhal_bsp.a(alt_dcache_flush.o)
 .debug_info    0x0000000000006f6b       0x92 ../barcode_bsp//libhal_bsp.a(alt_dcache_flush_all.o)
 .debug_info    0x0000000000006ffd      0x1b3 ../barcode_bsp//libhal_bsp.a(alt_dev_llist_insert.o)
 .debug_info    0x00000000000071b0       0xa6 ../barcode_bsp//libhal_bsp.a(alt_errno.o)
 .debug_info    0x0000000000007256      0x32d ../barcode_bsp//libhal_bsp.a(alt_find_dev.o)
 .debug_info    0x0000000000007583       0x92 ../barcode_bsp//libhal_bsp.a(alt_icache_flush_all.o)
 .debug_info    0x0000000000007615      0x38a ../barcode_bsp//libhal_bsp.a(alt_iic.o)
 .debug_info    0x000000000000799f      0x232 ../barcode_bsp//libhal_bsp.a(alt_iic_isr_register.o)
 .debug_info    0x0000000000007bd1       0x71 ../barcode_bsp//libhal_bsp.a(alt_irq_entry.o)
 .debug_info    0x0000000000007c42      0x184 ../barcode_bsp//libhal_bsp.a(alt_irq_handler.o)
 .debug_info    0x0000000000007dc6       0x88 ../barcode_bsp//libhal_bsp.a(alt_irq_vars.o)
 .debug_info    0x0000000000007e4e       0x92 ../barcode_bsp//libhal_bsp.a(altera_nios2_gen2_irq.o)
 .debug_info    0x0000000000007ee0       0x77 ../barcode_bsp//libhal_bsp.a(alt_exception_entry.o)
 .debug_info    0x0000000000007f57       0xf4 /home/luuk/intelFPGA_lite/18.1/nios2eds/bin/gnu/H-x86_64-pc-linux-gnu/bin/../lib/gcc/nios2-elf/5.3.0/../../../../../H-x86_64-pc-linux-gnu/nios2-elf/lib/mno-hw-mul/libsmallc.a(lib_a-memcmp.o)

.debug_abbrev   0x0000000000000000     0x2d3c
 *(.debug_abbrev)
 .debug_abbrev  0x0000000000000000       0x12 ../barcode_bsp//obj/HAL/src/crt0.o
 .debug_abbrev  0x0000000000000012      0x220 obj/default/main.o
 .debug_abbrev  0x0000000000000232      0x1c4 obj/default/network.o
 .debug_abbrev  0x00000000000003f6      0x13a /home/luuk/intelFPGA_lite/18.1/nios2eds/bin/gnu/H-x86_64-pc-linux-gnu/bin/../lib/gcc/nios2-elf/5.3.0/mno-hw-mul/libgcc.a(adddf3.o)
 .debug_abbrev  0x0000000000000530      0x13f /home/luuk/intelFPGA_lite/18.1/nios2eds/bin/gnu/H-x86_64-pc-linux-gnu/bin/../lib/gcc/nios2-elf/5.3.0/mno-hw-mul/libgcc.a(muldf3.o)
 .debug_abbrev  0x000000000000066f      0x135 /home/luuk/intelFPGA_lite/18.1/nios2eds/bin/gnu/H-x86_64-pc-linux-gnu/bin/../lib/gcc/nios2-elf/5.3.0/mno-hw-mul/libgcc.a(fixdfsi.o)
 .debug_abbrev  0x00000000000007a4      0x124 /home/luuk/intelFPGA_lite/18.1/nios2eds/bin/gnu/H-x86_64-pc-linux-gnu/bin/../lib/gcc/nios2-elf/5.3.0/mno-hw-mul/libgcc.a(floatsidf.o)
 .debug_abbrev  0x00000000000008c8       0xbe /home/luuk/intelFPGA_lite/18.1/nios2eds/bin/gnu/H-x86_64-pc-linux-gnu/bin/../lib/gcc/nios2-elf/5.3.0/mno-hw-mul/libgcc.a(_clzsi2.o)
 .debug_abbrev  0x0000000000000986       0x6f /home/luuk/intelFPGA_lite/18.1/nios2eds/bin/gnu/H-x86_64-pc-linux-gnu/bin/../lib/gcc/nios2-elf/5.3.0/mno-hw-mul/libgcc.a(lib2-mul.o)
 .debug_abbrev  0x00000000000009f5       0x5d /home/luuk/intelFPGA_lite/18.1/nios2eds/bin/gnu/H-x86_64-pc-linux-gnu/bin/../lib/gcc/nios2-elf/5.3.0/mno-hw-mul/libgcc.a(_clz.o)
 .debug_abbrev  0x0000000000000a52       0x9c /home/luuk/intelFPGA_lite/18.1/nios2eds/bin/gnu/H-x86_64-pc-linux-gnu/bin/../lib/gcc/nios2-elf/5.3.0/../../../../../H-x86_64-pc-linux-gnu/nios2-elf/lib/mno-hw-mul/libsmallc.a(lib_a-memcpy.o)
 .debug_abbrev  0x0000000000000aee      0x1ee /home/luuk/intelFPGA_lite/18.1/nios2eds/bin/gnu/H-x86_64-pc-linux-gnu/bin/../lib/gcc/nios2-elf/5.3.0/../../../../../H-x86_64-pc-linux-gnu/nios2-elf/lib/mno-hw-mul/libsmallc.a(lib_a-printf.o)
 .debug_abbrev  0x0000000000000cdc      0x1c0 /home/luuk/intelFPGA_lite/18.1/nios2eds/bin/gnu/H-x86_64-pc-linux-gnu/bin/../lib/gcc/nios2-elf/5.3.0/../../../../../H-x86_64-pc-linux-gnu/nios2-elf/lib/mno-hw-mul/libsmallc.a(lib_a-putchar.o)
 .debug_abbrev  0x0000000000000e9c       0x7f /home/luuk/intelFPGA_lite/18.1/nios2eds/bin/gnu/H-x86_64-pc-linux-gnu/bin/../lib/gcc/nios2-elf/5.3.0/../../../../../H-x86_64-pc-linux-gnu/nios2-elf/lib/mno-hw-mul/libsmallc.a(lib_a-strlen.o)
 .debug_abbrev  0x0000000000000f1b      0x2a1 /home/luuk/intelFPGA_lite/18.1/nios2eds/bin/gnu/H-x86_64-pc-linux-gnu/bin/../lib/gcc/nios2-elf/5.3.0/../../../../../H-x86_64-pc-linux-gnu/nios2-elf/lib/mno-hw-mul/libsmallc.a(lib_a-vfprintf.o)
 .debug_abbrev  0x00000000000011bc      0x1bc /home/luuk/intelFPGA_lite/18.1/nios2eds/bin/gnu/H-x86_64-pc-linux-gnu/bin/../lib/gcc/nios2-elf/5.3.0/../../../../../H-x86_64-pc-linux-gnu/nios2-elf/lib/mno-hw-mul/libsmallc.a(lib_a-fvwrite_small_dev.o)
 .debug_abbrev  0x0000000000001378      0x14a /home/luuk/intelFPGA_lite/18.1/nios2eds/bin/gnu/H-x86_64-pc-linux-gnu/bin/../lib/gcc/nios2-elf/5.3.0/../../../../../H-x86_64-pc-linux-gnu/nios2-elf/lib/mno-hw-mul/libsmallc.a(lib_a-impure.o)
 .debug_abbrev  0x00000000000014c2      0x1bd /home/luuk/intelFPGA_lite/18.1/nios2eds/bin/gnu/H-x86_64-pc-linux-gnu/bin/../lib/gcc/nios2-elf/5.3.0/../../../../../H-x86_64-pc-linux-gnu/nios2-elf/lib/mno-hw-mul/libsmallc.a(lib_a-putc.o)
 .debug_abbrev  0x000000000000167f      0x1a6 /home/luuk/intelFPGA_lite/18.1/nios2eds/bin/gnu/H-x86_64-pc-linux-gnu/bin/../lib/gcc/nios2-elf/5.3.0/../../../../../H-x86_64-pc-linux-gnu/nios2-elf/lib/mno-hw-mul/libsmallc.a(lib_a-writer.o)
 .debug_abbrev  0x0000000000001825       0x37 /home/luuk/intelFPGA_lite/18.1/nios2eds/bin/gnu/H-x86_64-pc-linux-gnu/bin/../lib/gcc/nios2-elf/5.3.0/../../../../../H-x86_64-pc-linux-gnu/nios2-elf/lib/mno-hw-mul/libsmallc.a(lib_a-int_errno.o)
 .debug_abbrev  0x000000000000185c      0x10e /home/luuk/intelFPGA_lite/18.1/nios2eds/bin/gnu/H-x86_64-pc-linux-gnu/bin/../lib/gcc/nios2-elf/5.3.0/mno-hw-mul/libgcc.a(lib2-divmod.o)
 .debug_abbrev  0x000000000000196a       0xd8 ../barcode_bsp//libhal_bsp.a(alt_load.o)
 .debug_abbrev  0x0000000000001a42       0xee ../barcode_bsp//libhal_bsp.a(alt_main.o)
 .debug_abbrev  0x0000000000001b30       0xd5 ../barcode_bsp//libhal_bsp.a(alt_printf.o)
 .debug_abbrev  0x0000000000001c05       0xd2 ../barcode_bsp//libhal_bsp.a(alt_putchar.o)
 .debug_abbrev  0x0000000000001cd7       0x8d ../barcode_bsp//libhal_bsp.a(alt_usleep.o)
 .debug_abbrev  0x0000000000001d64      0x12e ../barcode_bsp//libhal_bsp.a(alt_write.o)
 .debug_abbrev  0x0000000000001e92      0x150 ../barcode_bsp//libhal_bsp.a(alt_sys_init.o)
 .debug_abbrev  0x0000000000001fe2       0xd5 ../barcode_bsp//libhal_bsp.a(altera_avalon_jtag_uart_write.o)
 .debug_abbrev  0x00000000000020b7      0x2e4 ../barcode_bsp//libhal_bsp.a(altera_avalon_sgdma.o)
 .debug_abbrev  0x000000000000239b       0x8d ../barcode_bsp//libhal_bsp.a(alt_busy_sleep.o)
 .debug_abbrev  0x0000000000002428       0x74 ../barcode_bsp//libhal_bsp.a(alt_dcache_flush.o)
 .debug_abbrev  0x000000000000249c       0x42 ../barcode_bsp//libhal_bsp.a(alt_dcache_flush_all.o)
 .debug_abbrev  0x00000000000024de      0x11c ../barcode_bsp//libhal_bsp.a(alt_dev_llist_insert.o)
 .debug_abbrev  0x00000000000025fa       0x5a ../barcode_bsp//libhal_bsp.a(alt_errno.o)
 .debug_abbrev  0x0000000000002654      0x125 ../barcode_bsp//libhal_bsp.a(alt_find_dev.o)
 .debug_abbrev  0x0000000000002779       0x42 ../barcode_bsp//libhal_bsp.a(alt_icache_flush_all.o)
 .debug_abbrev  0x00000000000027bb      0x1a0 ../barcode_bsp//libhal_bsp.a(alt_iic.o)
 .debug_abbrev  0x000000000000295b      0x19c ../barcode_bsp//libhal_bsp.a(alt_iic_isr_register.o)
 .debug_abbrev  0x0000000000002af7       0x12 ../barcode_bsp//libhal_bsp.a(alt_irq_entry.o)
 .debug_abbrev  0x0000000000002b09      0x120 ../barcode_bsp//libhal_bsp.a(alt_irq_handler.o)
 .debug_abbrev  0x0000000000002c29       0x40 ../barcode_bsp//libhal_bsp.a(alt_irq_vars.o)
 .debug_abbrev  0x0000000000002c69       0x42 ../barcode_bsp//libhal_bsp.a(altera_nios2_gen2_irq.o)
 .debug_abbrev  0x0000000000002cab       0x12 ../barcode_bsp//libhal_bsp.a(alt_exception_entry.o)
 .debug_abbrev  0x0000000000002cbd       0x7f /home/luuk/intelFPGA_lite/18.1/nios2eds/bin/gnu/H-x86_64-pc-linux-gnu/bin/../lib/gcc/nios2-elf/5.3.0/../../../../../H-x86_64-pc-linux-gnu/nios2-elf/lib/mno-hw-mul/libsmallc.a(lib_a-memcmp.o)

.debug_line     0x0000000000000000     0x321e
 *(.debug_line)
 .debug_line    0x0000000000000000       0x66 ../barcode_bsp//obj/HAL/src/crt0.o
 .debug_line    0x0000000000000066      0x20d obj/default/main.o
 .debug_line    0x0000000000000273      0x190 obj/default/network.o
 .debug_line    0x0000000000000403      0x37e /home/luuk/intelFPGA_lite/18.1/nios2eds/bin/gnu/H-x86_64-pc-linux-gnu/bin/../lib/gcc/nios2-elf/5.3.0/mno-hw-mul/libgcc.a(adddf3.o)
 .debug_line    0x0000000000000781      0x1ea /home/luuk/intelFPGA_lite/18.1/nios2eds/bin/gnu/H-x86_64-pc-linux-gnu/bin/../lib/gcc/nios2-elf/5.3.0/mno-hw-mul/libgcc.a(muldf3.o)
 .debug_line    0x000000000000096b       0x9b /home/luuk/intelFPGA_lite/18.1/nios2eds/bin/gnu/H-x86_64-pc-linux-gnu/bin/../lib/gcc/nios2-elf/5.3.0/mno-hw-mul/libgcc.a(fixdfsi.o)
 .debug_line    0x0000000000000a06       0xa2 /home/luuk/intelFPGA_lite/18.1/nios2eds/bin/gnu/H-x86_64-pc-linux-gnu/bin/../lib/gcc/nios2-elf/5.3.0/mno-hw-mul/libgcc.a(floatsidf.o)
 .debug_line    0x0000000000000aa8       0xbd /home/luuk/intelFPGA_lite/18.1/nios2eds/bin/gnu/H-x86_64-pc-linux-gnu/bin/../lib/gcc/nios2-elf/5.3.0/mno-hw-mul/libgcc.a(_clzsi2.o)
 .debug_line    0x0000000000000b65       0x80 /home/luuk/intelFPGA_lite/18.1/nios2eds/bin/gnu/H-x86_64-pc-linux-gnu/bin/../lib/gcc/nios2-elf/5.3.0/mno-hw-mul/libgcc.a(lib2-mul.o)
 .debug_line    0x0000000000000be5       0x56 /home/luuk/intelFPGA_lite/18.1/nios2eds/bin/gnu/H-x86_64-pc-linux-gnu/bin/../lib/gcc/nios2-elf/5.3.0/mno-hw-mul/libgcc.a(_clz.o)
 .debug_line    0x0000000000000c3b      0x15e /home/luuk/intelFPGA_lite/18.1/nios2eds/bin/gnu/H-x86_64-pc-linux-gnu/bin/../lib/gcc/nios2-elf/5.3.0/../../../../../H-x86_64-pc-linux-gnu/nios2-elf/lib/mno-hw-mul/libsmallc.a(lib_a-memcpy.o)
 .debug_line    0x0000000000000d99      0x203 /home/luuk/intelFPGA_lite/18.1/nios2eds/bin/gnu/H-x86_64-pc-linux-gnu/bin/../lib/gcc/nios2-elf/5.3.0/../../../../../H-x86_64-pc-linux-gnu/nios2-elf/lib/mno-hw-mul/libsmallc.a(lib_a-printf.o)
 .debug_line    0x0000000000000f9c      0x1e9 /home/luuk/intelFPGA_lite/18.1/nios2eds/bin/gnu/H-x86_64-pc-linux-gnu/bin/../lib/gcc/nios2-elf/5.3.0/../../../../../H-x86_64-pc-linux-gnu/nios2-elf/lib/mno-hw-mul/libsmallc.a(lib_a-putchar.o)
 .debug_line    0x0000000000001185      0x15c /home/luuk/intelFPGA_lite/18.1/nios2eds/bin/gnu/H-x86_64-pc-linux-gnu/bin/../lib/gcc/nios2-elf/5.3.0/../../../../../H-x86_64-pc-linux-gnu/nios2-elf/lib/mno-hw-mul/libsmallc.a(lib_a-strlen.o)
 .debug_line    0x00000000000012e1      0x351 /home/luuk/intelFPGA_lite/18.1/nios2eds/bin/gnu/H-x86_64-pc-linux-gnu/bin/../lib/gcc/nios2-elf/5.3.0/../../../../../H-x86_64-pc-linux-gnu/nios2-elf/lib/mno-hw-mul/libsmallc.a(lib_a-vfprintf.o)
 .debug_line    0x0000000000001632      0x1f0 /home/luuk/intelFPGA_lite/18.1/nios2eds/bin/gnu/H-x86_64-pc-linux-gnu/bin/../lib/gcc/nios2-elf/5.3.0/../../../../../H-x86_64-pc-linux-gnu/nios2-elf/lib/mno-hw-mul/libsmallc.a(lib_a-fvwrite_small_dev.o)
 .debug_line    0x0000000000001822      0x156 /home/luuk/intelFPGA_lite/18.1/nios2eds/bin/gnu/H-x86_64-pc-linux-gnu/bin/../lib/gcc/nios2-elf/5.3.0/../../../../../H-x86_64-pc-linux-gnu/nios2-elf/lib/mno-hw-mul/libsmallc.a(lib_a-impure.o)
 .debug_line    0x0000000000001978      0x202 /home/luuk/intelFPGA_lite/18.1/nios2eds/bin/gnu/H-x86_64-pc-linux-gnu/bin/../lib/gcc/nios2-elf/5.3.0/../../../../../H-x86_64-pc-linux-gnu/nios2-elf/lib/mno-hw-mul/libsmallc.a(lib_a-putc.o)
 .debug_line    0x0000000000001b7a      0x1ed /home/luuk/intelFPGA_lite/18.1/nios2eds/bin/gnu/H-x86_64-pc-linux-gnu/bin/../lib/gcc/nios2-elf/5.3.0/../../../../../H-x86_64-pc-linux-gnu/nios2-elf/lib/mno-hw-mul/libsmallc.a(lib_a-writer.o)
 .debug_line    0x0000000000001d67       0x5f /home/luuk/intelFPGA_lite/18.1/nios2eds/bin/gnu/H-x86_64-pc-linux-gnu/bin/../lib/gcc/nios2-elf/5.3.0/../../../../../H-x86_64-pc-linux-gnu/nios2-elf/lib/mno-hw-mul/libsmallc.a(lib_a-int_errno.o)
 .debug_line    0x0000000000001dc6      0x105 /home/luuk/intelFPGA_lite/18.1/nios2eds/bin/gnu/H-x86_64-pc-linux-gnu/bin/../lib/gcc/nios2-elf/5.3.0/mno-hw-mul/libgcc.a(lib2-divmod.o)
 .debug_line    0x0000000000001ecb       0xa4 ../barcode_bsp//libhal_bsp.a(alt_load.o)
 .debug_line    0x0000000000001f6f       0xbd ../barcode_bsp//libhal_bsp.a(alt_main.o)
 .debug_line    0x000000000000202c      0x11f ../barcode_bsp//libhal_bsp.a(alt_printf.o)
 .debug_line    0x000000000000214b       0x55 ../barcode_bsp//libhal_bsp.a(alt_putchar.o)
 .debug_line    0x00000000000021a0       0xdc ../barcode_bsp//libhal_bsp.a(alt_usleep.o)
 .debug_line    0x000000000000227c      0x184 ../barcode_bsp//libhal_bsp.a(alt_write.o)
 .debug_line    0x0000000000002400      0x146 ../barcode_bsp//libhal_bsp.a(alt_sys_init.o)
 .debug_line    0x0000000000002546       0xf0 ../barcode_bsp//libhal_bsp.a(altera_avalon_jtag_uart_write.o)
 .debug_line    0x0000000000002636      0x273 ../barcode_bsp//libhal_bsp.a(altera_avalon_sgdma.o)
 .debug_line    0x00000000000028a9       0xb5 ../barcode_bsp//libhal_bsp.a(alt_busy_sleep.o)
 .debug_line    0x000000000000295e       0x63 ../barcode_bsp//libhal_bsp.a(alt_dcache_flush.o)
 .debug_line    0x00000000000029c1       0x4e ../barcode_bsp//libhal_bsp.a(alt_dcache_flush_all.o)
 .debug_line    0x0000000000002a0f       0xd8 ../barcode_bsp//libhal_bsp.a(alt_dev_llist_insert.o)
 .debug_line    0x0000000000002ae7       0x51 ../barcode_bsp//libhal_bsp.a(alt_errno.o)
 .debug_line    0x0000000000002b38      0x114 ../barcode_bsp//libhal_bsp.a(alt_find_dev.o)
 .debug_line    0x0000000000002c4c       0x4e ../barcode_bsp//libhal_bsp.a(alt_icache_flush_all.o)
 .debug_line    0x0000000000002c9a       0xf1 ../barcode_bsp//libhal_bsp.a(alt_iic.o)
 .debug_line    0x0000000000002d8b       0xd6 ../barcode_bsp//libhal_bsp.a(alt_iic_isr_register.o)
 .debug_line    0x0000000000002e61       0x6b ../barcode_bsp//libhal_bsp.a(alt_irq_entry.o)
 .debug_line    0x0000000000002ecc       0xa5 ../barcode_bsp//libhal_bsp.a(alt_irq_handler.o)
 .debug_line    0x0000000000002f71       0x50 ../barcode_bsp//libhal_bsp.a(alt_irq_vars.o)
 .debug_line    0x0000000000002fc1       0x50 ../barcode_bsp//libhal_bsp.a(altera_nios2_gen2_irq.o)
 .debug_line    0x0000000000003011       0xad ../barcode_bsp//libhal_bsp.a(alt_exception_entry.o)
 .debug_line    0x00000000000030be      0x160 /home/luuk/intelFPGA_lite/18.1/nios2eds/bin/gnu/H-x86_64-pc-linux-gnu/bin/../lib/gcc/nios2-elf/5.3.0/../../../../../H-x86_64-pc-linux-gnu/nios2-elf/lib/mno-hw-mul/libsmallc.a(lib_a-memcmp.o)

.debug_frame    0x0000000000000000      0xa88
 *(.debug_frame)
 .debug_frame   0x0000000000000000       0xe0 obj/default/main.o
 .debug_frame   0x00000000000000e0       0xb8 obj/default/network.o
 .debug_frame   0x0000000000000198       0x40 /home/luuk/intelFPGA_lite/18.1/nios2eds/bin/gnu/H-x86_64-pc-linux-gnu/bin/../lib/gcc/nios2-elf/5.3.0/mno-hw-mul/libgcc.a(adddf3.o)
 .debug_frame   0x00000000000001d8       0x58 /home/luuk/intelFPGA_lite/18.1/nios2eds/bin/gnu/H-x86_64-pc-linux-gnu/bin/../lib/gcc/nios2-elf/5.3.0/mno-hw-mul/libgcc.a(muldf3.o)
 .debug_frame   0x0000000000000230       0x20 /home/luuk/intelFPGA_lite/18.1/nios2eds/bin/gnu/H-x86_64-pc-linux-gnu/bin/../lib/gcc/nios2-elf/5.3.0/mno-hw-mul/libgcc.a(fixdfsi.o)
 .debug_frame   0x0000000000000250       0x38 /home/luuk/intelFPGA_lite/18.1/nios2eds/bin/gnu/H-x86_64-pc-linux-gnu/bin/../lib/gcc/nios2-elf/5.3.0/mno-hw-mul/libgcc.a(floatsidf.o)
 .debug_frame   0x0000000000000288       0x20 /home/luuk/intelFPGA_lite/18.1/nios2eds/bin/gnu/H-x86_64-pc-linux-gnu/bin/../lib/gcc/nios2-elf/5.3.0/mno-hw-mul/libgcc.a(_clzsi2.o)
 .debug_frame   0x00000000000002a8       0x20 /home/luuk/intelFPGA_lite/18.1/nios2eds/bin/gnu/H-x86_64-pc-linux-gnu/bin/../lib/gcc/nios2-elf/5.3.0/mno-hw-mul/libgcc.a(lib2-mul.o)
 .debug_frame   0x00000000000002c8       0x20 /home/luuk/intelFPGA_lite/18.1/nios2eds/bin/gnu/H-x86_64-pc-linux-gnu/bin/../lib/gcc/nios2-elf/5.3.0/../../../../../H-x86_64-pc-linux-gnu/nios2-elf/lib/mno-hw-mul/libsmallc.a(lib_a-memcpy.o)
 .debug_frame   0x00000000000002e8       0x48 /home/luuk/intelFPGA_lite/18.1/nios2eds/bin/gnu/H-x86_64-pc-linux-gnu/bin/../lib/gcc/nios2-elf/5.3.0/../../../../../H-x86_64-pc-linux-gnu/nios2-elf/lib/mno-hw-mul/libsmallc.a(lib_a-printf.o)
 .debug_frame   0x0000000000000330       0x30 /home/luuk/intelFPGA_lite/18.1/nios2eds/bin/gnu/H-x86_64-pc-linux-gnu/bin/../lib/gcc/nios2-elf/5.3.0/../../../../../H-x86_64-pc-linux-gnu/nios2-elf/lib/mno-hw-mul/libsmallc.a(lib_a-putchar.o)
 .debug_frame   0x0000000000000360       0x20 /home/luuk/intelFPGA_lite/18.1/nios2eds/bin/gnu/H-x86_64-pc-linux-gnu/bin/../lib/gcc/nios2-elf/5.3.0/../../../../../H-x86_64-pc-linux-gnu/nios2-elf/lib/mno-hw-mul/libsmallc.a(lib_a-strlen.o)
 .debug_frame   0x0000000000000380       0x8c /home/luuk/intelFPGA_lite/18.1/nios2eds/bin/gnu/H-x86_64-pc-linux-gnu/bin/../lib/gcc/nios2-elf/5.3.0/../../../../../H-x86_64-pc-linux-gnu/nios2-elf/lib/mno-hw-mul/libsmallc.a(lib_a-vfprintf.o)
 .debug_frame   0x000000000000040c       0x58 /home/luuk/intelFPGA_lite/18.1/nios2eds/bin/gnu/H-x86_64-pc-linux-gnu/bin/../lib/gcc/nios2-elf/5.3.0/../../../../../H-x86_64-pc-linux-gnu/nios2-elf/lib/mno-hw-mul/libsmallc.a(lib_a-fvwrite_small_dev.o)
 .debug_frame   0x0000000000000464       0x50 /home/luuk/intelFPGA_lite/18.1/nios2eds/bin/gnu/H-x86_64-pc-linux-gnu/bin/../lib/gcc/nios2-elf/5.3.0/../../../../../H-x86_64-pc-linux-gnu/nios2-elf/lib/mno-hw-mul/libsmallc.a(lib_a-putc.o)
 .debug_frame   0x00000000000004b4       0x38 /home/luuk/intelFPGA_lite/18.1/nios2eds/bin/gnu/H-x86_64-pc-linux-gnu/bin/../lib/gcc/nios2-elf/5.3.0/../../../../../H-x86_64-pc-linux-gnu/nios2-elf/lib/mno-hw-mul/libsmallc.a(lib_a-writer.o)
 .debug_frame   0x00000000000004ec       0x50 /home/luuk/intelFPGA_lite/18.1/nios2eds/bin/gnu/H-x86_64-pc-linux-gnu/bin/../lib/gcc/nios2-elf/5.3.0/mno-hw-mul/libgcc.a(lib2-divmod.o)
 .debug_frame   0x000000000000053c       0x30 ../barcode_bsp//libhal_bsp.a(alt_load.o)
 .debug_frame   0x000000000000056c       0x2c ../barcode_bsp//libhal_bsp.a(alt_main.o)
 .debug_frame   0x0000000000000598       0x54 ../barcode_bsp//libhal_bsp.a(alt_printf.o)
 .debug_frame   0x00000000000005ec       0x30 ../barcode_bsp//libhal_bsp.a(alt_putchar.o)
 .debug_frame   0x000000000000061c       0x20 ../barcode_bsp//libhal_bsp.a(alt_usleep.o)
 .debug_frame   0x000000000000063c       0x2c ../barcode_bsp//libhal_bsp.a(alt_write.o)
 .debug_frame   0x0000000000000668       0x48 ../barcode_bsp//libhal_bsp.a(alt_sys_init.o)
 .debug_frame   0x00000000000006b0       0x20 ../barcode_bsp//libhal_bsp.a(altera_avalon_jtag_uart_write.o)
 .debug_frame   0x00000000000006d0      0x1cc ../barcode_bsp//libhal_bsp.a(altera_avalon_sgdma.o)
 .debug_frame   0x000000000000089c       0x30 ../barcode_bsp//libhal_bsp.a(alt_busy_sleep.o)
 .debug_frame   0x00000000000008cc       0x20 ../barcode_bsp//libhal_bsp.a(alt_dcache_flush.o)
 .debug_frame   0x00000000000008ec       0x20 ../barcode_bsp//libhal_bsp.a(alt_dcache_flush_all.o)
 .debug_frame   0x000000000000090c       0x2c ../barcode_bsp//libhal_bsp.a(alt_dev_llist_insert.o)
 .debug_frame   0x0000000000000938       0x3c ../barcode_bsp//libhal_bsp.a(alt_find_dev.o)
 .debug_frame   0x0000000000000974       0x20 ../barcode_bsp//libhal_bsp.a(alt_icache_flush_all.o)
 .debug_frame   0x0000000000000994       0x50 ../barcode_bsp//libhal_bsp.a(alt_iic.o)
 .debug_frame   0x00000000000009e4       0x30 ../barcode_bsp//libhal_bsp.a(alt_iic_isr_register.o)
 .debug_frame   0x0000000000000a14       0x34 ../barcode_bsp//libhal_bsp.a(alt_irq_handler.o)
 .debug_frame   0x0000000000000a48       0x20 ../barcode_bsp//libhal_bsp.a(altera_nios2_gen2_irq.o)
 .debug_frame   0x0000000000000a68       0x20 /home/luuk/intelFPGA_lite/18.1/nios2eds/bin/gnu/H-x86_64-pc-linux-gnu/bin/../lib/gcc/nios2-elf/5.3.0/../../../../../H-x86_64-pc-linux-gnu/nios2-elf/lib/mno-hw-mul/libsmallc.a(lib_a-memcmp.o)

.debug_str      0x0000000000000000     0x1dad
 *(.debug_str)
 .debug_str     0x0000000000000000      0x1dd obj/default/main.o
                                        0x246 (size before relaxing)
 .debug_str     0x00000000000001dd      0x303 obj/default/network.o
                                        0x479 (size before relaxing)
 .debug_str     0x00000000000004e0      0x224 /home/luuk/intelFPGA_lite/18.1/nios2eds/bin/gnu/H-x86_64-pc-linux-gnu/bin/../lib/gcc/nios2-elf/5.3.0/mno-hw-mul/libgcc.a(adddf3.o)
                                        0x2aa (size before relaxing)
 .debug_str     0x0000000000000704      0x1c4 /home/luuk/intelFPGA_lite/18.1/nios2eds/bin/gnu/H-x86_64-pc-linux-gnu/bin/../lib/gcc/nios2-elf/5.3.0/mno-hw-mul/libgcc.a(muldf3.o)
                                        0x3c3 (size before relaxing)
 .debug_str     0x00000000000008c8       0x56 /home/luuk/intelFPGA_lite/18.1/nios2eds/bin/gnu/H-x86_64-pc-linux-gnu/bin/../lib/gcc/nios2-elf/5.3.0/mno-hw-mul/libgcc.a(fixdfsi.o)
                                        0x22c (size before relaxing)
 .debug_str     0x000000000000091e       0x6c /home/luuk/intelFPGA_lite/18.1/nios2eds/bin/gnu/H-x86_64-pc-linux-gnu/bin/../lib/gcc/nios2-elf/5.3.0/mno-hw-mul/libgcc.a(floatsidf.o)
                                        0x243 (size before relaxing)
 .debug_str     0x000000000000098a       0x66 /home/luuk/intelFPGA_lite/18.1/nios2eds/bin/gnu/H-x86_64-pc-linux-gnu/bin/../lib/gcc/nios2-elf/5.3.0/mno-hw-mul/libgcc.a(_clzsi2.o)
                                        0x201 (size before relaxing)
 .debug_str     0x00000000000009f0       0x40 /home/luuk/intelFPGA_lite/18.1/nios2eds/bin/gnu/H-x86_64-pc-linux-gnu/bin/../lib/gcc/nios2-elf/5.3.0/mno-hw-mul/libgcc.a(lib2-mul.o)
                                        0x194 (size before relaxing)
 .debug_str     0x0000000000000a30      0x1e4 /home/luuk/intelFPGA_lite/18.1/nios2eds/bin/gnu/H-x86_64-pc-linux-gnu/bin/../lib/gcc/nios2-elf/5.3.0/mno-hw-mul/libgcc.a(_clz.o)
 .debug_str     0x0000000000000a30      0x148 /home/luuk/intelFPGA_lite/18.1/nios2eds/bin/gnu/H-x86_64-pc-linux-gnu/bin/../lib/gcc/nios2-elf/5.3.0/../../../../../H-x86_64-pc-linux-gnu/nios2-elf/lib/mno-hw-mul/libsmallc.a(lib_a-memcpy.o)
                                        0x1f4 (size before relaxing)
 .debug_str     0x0000000000000b78      0x3ca /home/luuk/intelFPGA_lite/18.1/nios2eds/bin/gnu/H-x86_64-pc-linux-gnu/bin/../lib/gcc/nios2-elf/5.3.0/../../../../../H-x86_64-pc-linux-gnu/nios2-elf/lib/mno-hw-mul/libsmallc.a(lib_a-printf.o)
                                        0x505 (size before relaxing)
 .debug_str     0x0000000000000f42       0x50 /home/luuk/intelFPGA_lite/18.1/nios2eds/bin/gnu/H-x86_64-pc-linux-gnu/bin/../lib/gcc/nios2-elf/5.3.0/../../../../../H-x86_64-pc-linux-gnu/nios2-elf/lib/mno-hw-mul/libsmallc.a(lib_a-putchar.o)
                                        0x4c2 (size before relaxing)
 .debug_str     0x0000000000000f92       0x3d /home/luuk/intelFPGA_lite/18.1/nios2eds/bin/gnu/H-x86_64-pc-linux-gnu/bin/../lib/gcc/nios2-elf/5.3.0/../../../../../H-x86_64-pc-linux-gnu/nios2-elf/lib/mno-hw-mul/libsmallc.a(lib_a-strlen.o)
                                        0x1e6 (size before relaxing)
 .debug_str     0x0000000000000fcf      0x1f2 /home/luuk/intelFPGA_lite/18.1/nios2eds/bin/gnu/H-x86_64-pc-linux-gnu/bin/../lib/gcc/nios2-elf/5.3.0/../../../../../H-x86_64-pc-linux-gnu/nios2-elf/lib/mno-hw-mul/libsmallc.a(lib_a-vfprintf.o)
                                        0x680 (size before relaxing)
 .debug_str     0x00000000000011c1       0x78 /home/luuk/intelFPGA_lite/18.1/nios2eds/bin/gnu/H-x86_64-pc-linux-gnu/bin/../lib/gcc/nios2-elf/5.3.0/../../../../../H-x86_64-pc-linux-gnu/nios2-elf/lib/mno-hw-mul/libsmallc.a(lib_a-fvwrite_small_dev.o)
                                        0x4d5 (size before relaxing)
 .debug_str     0x0000000000001239       0xf0 /home/luuk/intelFPGA_lite/18.1/nios2eds/bin/gnu/H-x86_64-pc-linux-gnu/bin/../lib/gcc/nios2-elf/5.3.0/../../../../../H-x86_64-pc-linux-gnu/nios2-elf/lib/mno-hw-mul/libsmallc.a(lib_a-impure.o)
                                        0x4bf (size before relaxing)
 .debug_str     0x0000000000001329       0x46 /home/luuk/intelFPGA_lite/18.1/nios2eds/bin/gnu/H-x86_64-pc-linux-gnu/bin/../lib/gcc/nios2-elf/5.3.0/../../../../../H-x86_64-pc-linux-gnu/nios2-elf/lib/mno-hw-mul/libsmallc.a(lib_a-putc.o)
                                        0x4cc (size before relaxing)
 .debug_str     0x000000000000136f       0x45 /home/luuk/intelFPGA_lite/18.1/nios2eds/bin/gnu/H-x86_64-pc-linux-gnu/bin/../lib/gcc/nios2-elf/5.3.0/../../../../../H-x86_64-pc-linux-gnu/nios2-elf/lib/mno-hw-mul/libsmallc.a(lib_a-writer.o)
                                        0x4b9 (size before relaxing)
 .debug_str     0x00000000000013b4       0x3f /home/luuk/intelFPGA_lite/18.1/nios2eds/bin/gnu/H-x86_64-pc-linux-gnu/bin/../lib/gcc/nios2-elf/5.3.0/../../../../../H-x86_64-pc-linux-gnu/nios2-elf/lib/mno-hw-mul/libsmallc.a(lib_a-int_errno.o)
                                        0x1d9 (size before relaxing)
 .debug_str     0x00000000000013f3       0x7f /home/luuk/intelFPGA_lite/18.1/nios2eds/bin/gnu/H-x86_64-pc-linux-gnu/bin/../lib/gcc/nios2-elf/5.3.0/mno-hw-mul/libgcc.a(lib2-divmod.o)
                                        0x1d3 (size before relaxing)
 .debug_str     0x0000000000001472      0x147 ../barcode_bsp//libhal_bsp.a(alt_load.o)
                                        0x236 (size before relaxing)
 .debug_str     0x00000000000015b9       0x5e ../barcode_bsp//libhal_bsp.a(alt_main.o)
                                        0x1af (size before relaxing)
 .debug_str     0x0000000000001617       0x2d ../barcode_bsp//libhal_bsp.a(alt_printf.o)
                                        0x100 (size before relaxing)
 .debug_str     0x0000000000001644       0x5e ../barcode_bsp//libhal_bsp.a(alt_putchar.o)
                                        0x185 (size before relaxing)
 .debug_str     0x00000000000016a2       0x2f ../barcode_bsp//libhal_bsp.a(alt_usleep.o)
                                        0x151 (size before relaxing)
 .debug_str     0x00000000000016d1       0x2c ../barcode_bsp//libhal_bsp.a(alt_write.o)
                                        0x1d8 (size before relaxing)
 .debug_str     0x00000000000016fd       0xa9 ../barcode_bsp//libhal_bsp.a(alt_sys_init.o)
                                        0x39f (size before relaxing)
 .debug_str     0x00000000000017a6       0x2c ../barcode_bsp//libhal_bsp.a(altera_avalon_jtag_uart_write.o)
                                        0x20f (size before relaxing)
 .debug_str     0x00000000000017d2      0x2f6 ../barcode_bsp//libhal_bsp.a(altera_avalon_sgdma.o)
                                        0x6d1 (size before relaxing)
 .debug_str     0x0000000000001ac8       0x33 ../barcode_bsp//libhal_bsp.a(alt_busy_sleep.o)
                                        0x165 (size before relaxing)
 .debug_str     0x0000000000001afb       0x1b ../barcode_bsp//libhal_bsp.a(alt_dcache_flush.o)
                                        0x155 (size before relaxing)
 .debug_str     0x0000000000001b16       0x1f ../barcode_bsp//libhal_bsp.a(alt_dcache_flush_all.o)
                                        0x14f (size before relaxing)
 .debug_str     0x0000000000001b35       0x36 ../barcode_bsp//libhal_bsp.a(alt_dev_llist_insert.o)
                                        0x1c6 (size before relaxing)
 .debug_str     0x0000000000001b6b       0x14 ../barcode_bsp//libhal_bsp.a(alt_errno.o)
                                        0x13f (size before relaxing)
 .debug_str     0x0000000000001b7f       0x72 ../barcode_bsp//libhal_bsp.a(alt_find_dev.o)
                                        0x1f4 (size before relaxing)
 .debug_str     0x0000000000001bf1       0x1f ../barcode_bsp//libhal_bsp.a(alt_icache_flush_all.o)
                                        0x14f (size before relaxing)
 .debug_str     0x0000000000001c10       0xb8 ../barcode_bsp//libhal_bsp.a(alt_iic.o)
                                        0x24d (size before relaxing)
 .debug_str     0x0000000000001cc8       0x37 ../barcode_bsp//libhal_bsp.a(alt_iic_isr_register.o)
                                        0x207 (size before relaxing)
 .debug_str     0x0000000000001cff       0x3a ../barcode_bsp//libhal_bsp.a(alt_irq_handler.o)
                                        0x191 (size before relaxing)
 .debug_str     0x0000000000001d39       0x17 ../barcode_bsp//libhal_bsp.a(alt_irq_vars.o)
                                        0x134 (size before relaxing)
 .debug_str     0x0000000000001d50       0x20 ../barcode_bsp//libhal_bsp.a(altera_nios2_gen2_irq.o)
                                        0x156 (size before relaxing)
 .debug_str     0x0000000000001d70       0x3d /home/luuk/intelFPGA_lite/18.1/nios2eds/bin/gnu/H-x86_64-pc-linux-gnu/bin/../lib/gcc/nios2-elf/5.3.0/../../../../../H-x86_64-pc-linux-gnu/nios2-elf/lib/mno-hw-mul/libsmallc.a(lib_a-memcmp.o)
                                        0x1e0 (size before relaxing)

.debug_loc      0x0000000000000000     0x55fb
 *(.debug_loc)
 .debug_loc     0x0000000000000000      0x33c obj/default/main.o
 .debug_loc     0x000000000000033c       0xe8 obj/default/network.o
 .debug_loc     0x0000000000000424     0x16f9 /home/luuk/intelFPGA_lite/18.1/nios2eds/bin/gnu/H-x86_64-pc-linux-gnu/bin/../lib/gcc/nios2-elf/5.3.0/mno-hw-mul/libgcc.a(adddf3.o)
 .debug_loc     0x0000000000001b1d     0x1085 /home/luuk/intelFPGA_lite/18.1/nios2eds/bin/gnu/H-x86_64-pc-linux-gnu/bin/../lib/gcc/nios2-elf/5.3.0/mno-hw-mul/libgcc.a(muldf3.o)
 .debug_loc     0x0000000000002ba2      0x121 /home/luuk/intelFPGA_lite/18.1/nios2eds/bin/gnu/H-x86_64-pc-linux-gnu/bin/../lib/gcc/nios2-elf/5.3.0/mno-hw-mul/libgcc.a(fixdfsi.o)
 .debug_loc     0x0000000000002cc3      0x175 /home/luuk/intelFPGA_lite/18.1/nios2eds/bin/gnu/H-x86_64-pc-linux-gnu/bin/../lib/gcc/nios2-elf/5.3.0/mno-hw-mul/libgcc.a(floatsidf.o)
 .debug_loc     0x0000000000002e38       0x6b /home/luuk/intelFPGA_lite/18.1/nios2eds/bin/gnu/H-x86_64-pc-linux-gnu/bin/../lib/gcc/nios2-elf/5.3.0/mno-hw-mul/libgcc.a(_clzsi2.o)
 .debug_loc     0x0000000000002ea3       0x93 /home/luuk/intelFPGA_lite/18.1/nios2eds/bin/gnu/H-x86_64-pc-linux-gnu/bin/../lib/gcc/nios2-elf/5.3.0/mno-hw-mul/libgcc.a(lib2-mul.o)
 .debug_loc     0x0000000000002f36      0x135 /home/luuk/intelFPGA_lite/18.1/nios2eds/bin/gnu/H-x86_64-pc-linux-gnu/bin/../lib/gcc/nios2-elf/5.3.0/../../../../../H-x86_64-pc-linux-gnu/nios2-elf/lib/mno-hw-mul/libsmallc.a(lib_a-memcpy.o)
 .debug_loc     0x000000000000306b       0xc6 /home/luuk/intelFPGA_lite/18.1/nios2eds/bin/gnu/H-x86_64-pc-linux-gnu/bin/../lib/gcc/nios2-elf/5.3.0/../../../../../H-x86_64-pc-linux-gnu/nios2-elf/lib/mno-hw-mul/libsmallc.a(lib_a-printf.o)
 .debug_loc     0x0000000000003131       0x81 /home/luuk/intelFPGA_lite/18.1/nios2eds/bin/gnu/H-x86_64-pc-linux-gnu/bin/../lib/gcc/nios2-elf/5.3.0/../../../../../H-x86_64-pc-linux-gnu/nios2-elf/lib/mno-hw-mul/libsmallc.a(lib_a-putchar.o)
 .debug_loc     0x00000000000031b2       0x1e /home/luuk/intelFPGA_lite/18.1/nios2eds/bin/gnu/H-x86_64-pc-linux-gnu/bin/../lib/gcc/nios2-elf/5.3.0/../../../../../H-x86_64-pc-linux-gnu/nios2-elf/lib/mno-hw-mul/libsmallc.a(lib_a-strlen.o)
 .debug_loc     0x00000000000031d0      0x954 /home/luuk/intelFPGA_lite/18.1/nios2eds/bin/gnu/H-x86_64-pc-linux-gnu/bin/../lib/gcc/nios2-elf/5.3.0/../../../../../H-x86_64-pc-linux-gnu/nios2-elf/lib/mno-hw-mul/libsmallc.a(lib_a-vfprintf.o)
 .debug_loc     0x0000000000003b24      0x110 /home/luuk/intelFPGA_lite/18.1/nios2eds/bin/gnu/H-x86_64-pc-linux-gnu/bin/../lib/gcc/nios2-elf/5.3.0/../../../../../H-x86_64-pc-linux-gnu/nios2-elf/lib/mno-hw-mul/libsmallc.a(lib_a-fvwrite_small_dev.o)
 .debug_loc     0x0000000000003c34       0xc6 /home/luuk/intelFPGA_lite/18.1/nios2eds/bin/gnu/H-x86_64-pc-linux-gnu/bin/../lib/gcc/nios2-elf/5.3.0/../../../../../H-x86_64-pc-linux-gnu/nios2-elf/lib/mno-hw-mul/libsmallc.a(lib_a-putc.o)
 .debug_loc     0x0000000000003cfa       0xa5 /home/luuk/intelFPGA_lite/18.1/nios2eds/bin/gnu/H-x86_64-pc-linux-gnu/bin/../lib/gcc/nios2-elf/5.3.0/../../../../../H-x86_64-pc-linux-gnu/nios2-elf/lib/mno-hw-mul/libsmallc.a(lib_a-writer.o)
 .debug_loc     0x0000000000003d9f      0x4ce /home/luuk/intelFPGA_lite/18.1/nios2eds/bin/gnu/H-x86_64-pc-linux-gnu/bin/../lib/gcc/nios2-elf/5.3.0/mno-hw-mul/libgcc.a(lib2-divmod.o)